Archive member included to satisfy reference by file (symbol)

c:/program files (x86)/gnu tools arm embedded/7 2017-q4-major/bin/../lib/gcc/arm-none-eabi/7.2.1/../../../../arm-none-eabi/lib/thumb/v7e-m/fpv4-sp/hard\libc_nano.a(lib_a-exit.o)
                              c:/program files (x86)/gnu tools arm embedded/7 2017-q4-major/bin/../lib/gcc/arm-none-eabi/7.2.1/../../../../arm-none-eabi/lib/thumb/v7e-m/fpv4-sp/hard/crt0.o (exit)
c:/program files (x86)/gnu tools arm embedded/7 2017-q4-major/bin/../lib/gcc/arm-none-eabi/7.2.1/../../../../arm-none-eabi/lib/thumb/v7e-m/fpv4-sp/hard\libc_nano.a(lib_a-impure.o)
                              c:/program files (x86)/gnu tools arm embedded/7 2017-q4-major/bin/../lib/gcc/arm-none-eabi/7.2.1/../../../../arm-none-eabi/lib/thumb/v7e-m/fpv4-sp/hard\libc_nano.a(lib_a-exit.o) (_global_impure_ptr)
c:/program files (x86)/gnu tools arm embedded/7 2017-q4-major/bin/../lib/gcc/arm-none-eabi/7.2.1/../../../../arm-none-eabi/lib/thumb/v7e-m/fpv4-sp/hard\libc_nano.a(lib_a-init.o)
                              c:/program files (x86)/gnu tools arm embedded/7 2017-q4-major/bin/../lib/gcc/arm-none-eabi/7.2.1/../../../../arm-none-eabi/lib/thumb/v7e-m/fpv4-sp/hard/crt0.o (__libc_init_array)
c:/program files (x86)/gnu tools arm embedded/7 2017-q4-major/bin/../lib/gcc/arm-none-eabi/7.2.1/../../../../arm-none-eabi/lib/thumb/v7e-m/fpv4-sp/hard\libc_nano.a(lib_a-locale.o)
                              _build/nrf52832_xxaa/nrf_log_str_formatter.c.o (__locale_ctype_ptr)
c:/program files (x86)/gnu tools arm embedded/7 2017-q4-major/bin/../lib/gcc/arm-none-eabi/7.2.1/../../../../arm-none-eabi/lib/thumb/v7e-m/fpv4-sp/hard\libc_nano.a(lib_a-mbtowc_r.o)
                              c:/program files (x86)/gnu tools arm embedded/7 2017-q4-major/bin/../lib/gcc/arm-none-eabi/7.2.1/../../../../arm-none-eabi/lib/thumb/v7e-m/fpv4-sp/hard\libc_nano.a(lib_a-locale.o) (__ascii_mbtowc)
c:/program files (x86)/gnu tools arm embedded/7 2017-q4-major/bin/../lib/gcc/arm-none-eabi/7.2.1/../../../../arm-none-eabi/lib/thumb/v7e-m/fpv4-sp/hard\libc_nano.a(lib_a-memcpy-stub.o)
                              _build/nrf52832_xxaa/nrf_log_frontend.c.o (memcpy)
c:/program files (x86)/gnu tools arm embedded/7 2017-q4-major/bin/../lib/gcc/arm-none-eabi/7.2.1/../../../../arm-none-eabi/lib/thumb/v7e-m/fpv4-sp/hard\libc_nano.a(lib_a-memset.o)
                              c:/program files (x86)/gnu tools arm embedded/7 2017-q4-major/bin/../lib/gcc/arm-none-eabi/7.2.1/../../../../arm-none-eabi/lib/thumb/v7e-m/fpv4-sp/hard/crt0.o (memset)
c:/program files (x86)/gnu tools arm embedded/7 2017-q4-major/bin/../lib/gcc/arm-none-eabi/7.2.1/../../../../arm-none-eabi/lib/thumb/v7e-m/fpv4-sp/hard\libc_nano.a(lib_a-strcmp.o)
                              c:/program files (x86)/gnu tools arm embedded/7 2017-q4-major/bin/../lib/gcc/arm-none-eabi/7.2.1/../../../../arm-none-eabi/lib/thumb/v7e-m/fpv4-sp/hard\libc_nano.a(lib_a-locale.o) (strcmp)
c:/program files (x86)/gnu tools arm embedded/7 2017-q4-major/bin/../lib/gcc/arm-none-eabi/7.2.1/../../../../arm-none-eabi/lib/thumb/v7e-m/fpv4-sp/hard\libc_nano.a(lib_a-strcpy.o)
                              _build/nrf52832_xxaa/SEGGER_RTT.c.o (strcpy)
c:/program files (x86)/gnu tools arm embedded/7 2017-q4-major/bin/../lib/gcc/arm-none-eabi/7.2.1/../../../../arm-none-eabi/lib/thumb/v7e-m/fpv4-sp/hard\libc_nano.a(lib_a-strlen.o)
                              _build/nrf52832_xxaa/nrf_log_frontend.c.o (strlen)
c:/program files (x86)/gnu tools arm embedded/7 2017-q4-major/bin/../lib/gcc/arm-none-eabi/7.2.1/../../../../arm-none-eabi/lib/thumb/v7e-m/fpv4-sp/hard\libc_nano.a(lib_a-wctomb_r.o)
                              c:/program files (x86)/gnu tools arm embedded/7 2017-q4-major/bin/../lib/gcc/arm-none-eabi/7.2.1/../../../../arm-none-eabi/lib/thumb/v7e-m/fpv4-sp/hard\libc_nano.a(lib_a-locale.o) (__ascii_wctomb)
c:/program files (x86)/gnu tools arm embedded/7 2017-q4-major/bin/../lib/gcc/arm-none-eabi/7.2.1/../../../../arm-none-eabi/lib/thumb/v7e-m/fpv4-sp/hard\libc_nano.a(lib_a-ctype_.o)
                              c:/program files (x86)/gnu tools arm embedded/7 2017-q4-major/bin/../lib/gcc/arm-none-eabi/7.2.1/../../../../arm-none-eabi/lib/thumb/v7e-m/fpv4-sp/hard\libc_nano.a(lib_a-locale.o) (_ctype_)
c:/program files (x86)/gnu tools arm embedded/7 2017-q4-major/bin/../lib/gcc/arm-none-eabi/7.2.1/../../../../arm-none-eabi/lib/thumb/v7e-m/fpv4-sp/hard\libnosys.a(_exit.o)
                              c:/program files (x86)/gnu tools arm embedded/7 2017-q4-major/bin/../lib/gcc/arm-none-eabi/7.2.1/../../../../arm-none-eabi/lib/thumb/v7e-m/fpv4-sp/hard\libc_nano.a(lib_a-exit.o) (_exit)
c:/program files (x86)/gnu tools arm embedded/7 2017-q4-major/bin/../lib/gcc/arm-none-eabi/7.2.1/thumb/v7e-m/fpv4-sp/hard\libgcc.a(_aeabi_ldivmod.o)
                              _build/nrf52832_xxaa/bsp.c.o (__aeabi_ldivmod)
[...]
Memory Configuration

Name             Origin             Length             Attributes
FLASH            0x00023000         0x0005d000         xr
RAM              0x20002180         0x0000de80         xrw
*default*        0x00000000         0xffffffff

Linker script and memory map


.text           0x00023000     0xbd7c
 *(.isr_vector)
 .isr_vector    0x00023000      0x200 _build/nrf52832_xxaa/gcc_startup_nrf52.S.o
                0x00023000                __isr_vector
 *(.text*)
 .text          0x00023200       0x40 c:/program files (x86)/gnu tools arm embedded/7 2017-q4-major/bin/../lib/gcc/arm-none-eabi/7.2.1/thumb/v7e-m/fpv4-sp/hard/crtbegin.o
 .text          0x00023240       0x74 c:/program files (x86)/gnu tools arm embedded/7 2017-q4-major/bin/../lib/gcc/arm-none-eabi/7.2.1/../../../../arm-none-eabi/lib/thumb/v7e-m/fpv4-sp/hard/crt0.o
                0x00023240                _start
                0x00023240                _mainCRTStartup
 .text.nrf_log_frontend_dequeue.part.5
                0x000232b4      0x210 _build/nrf52832_xxaa/nrf_log_frontend.c.o
 .text.nrf_log_init
                0x000234c4       0x50 _build/nrf52832_xxaa/nrf_log_frontend.c.o
                0x000234c4                nrf_log_init
 .text.nrf_log_module_name_get
                0x00023514       0x5c _build/nrf52832_xxaa/nrf_log_frontend.c.o
                0x00023514                nrf_log_module_name_get
 .text.nrf_log_color_id_get
                0x00023570       0x2c _build/nrf52832_xxaa/nrf_log_frontend.c.o
                0x00023570                nrf_log_color_id_get
 .text.nrf_log_frontend_std_0
                0x0002359c      0x18c _build/nrf52832_xxaa/nrf_log_frontend.c.o
                0x0002359c                nrf_log_frontend_std_0
 .text.nrf_log_frontend_std_1
                0x00023728      0x19c _build/nrf52832_xxaa/nrf_log_frontend.c.o
                0x00023728                nrf_log_frontend_std_1
 .text.nrf_log_frontend_std_2
                0x000238c4      0x1b0 _build/nrf52832_xxaa/nrf_log_frontend.c.o
                0x000238c4                nrf_log_frontend_std_2
 .text.nrf_log_frontend_dequeue
                0x00023a74       0x18 _build/nrf52832_xxaa/nrf_log_frontend.c.o
                0x00023a74                nrf_log_frontend_dequeue
 .text.nrf_log_backend_add
                0x00023a8c       0x5c _build/nrf52832_xxaa/nrf_log_frontend.c.o
                0x00023a8c                nrf_log_backend_add
 .text.nrf_log_panic
                0x00023ae8       0x28 _build/nrf52832_xxaa/nrf_log_frontend.c.o
                0x00023ae8                nrf_log_panic
 .text.bsp_board_led_on
                0x00023b10       0x18 _build/nrf52832_xxaa/boards.c.o
                0x00023b10                bsp_board_led_on
 .text.bsp_board_led_off
                0x00023b28       0x18 _build/nrf52832_xxaa/boards.c.o
                0x00023b28                bsp_board_led_off
 .text.bsp_board_leds_init
                0x00023b40       0x3c _build/nrf52832_xxaa/boards.c.o
                0x00023b40                bsp_board_leds_init
 .text.app_button_enable
                0x00023b7c       0x2c _build/nrf52832_xxaa/app_button.c.o
                0x00023b7c                app_button_enable
 .text.app_button_disable
                0x00023ba8       0x34 _build/nrf52832_xxaa/app_button.c.o
                0x00023ba8                app_button_disable
 .text.app_error_handler_bare
                0x00023bdc       0x20 _build/nrf52832_xxaa/app_error.c.o
                0x00023bdc                app_error_handler_bare
 .text.app_error_fault_handler
                0x00023bfc       0x68 _build/nrf52832_xxaa/app_error_weak.c.o
                0x00023bfc                app_error_fault_handler
 .text.app_sched_init
                0x00023c64       0x50 _build/nrf52832_xxaa/app_scheduler.c.o
                0x00023c64                app_sched_init
 .text.app_sched_event_put
                0x00023cb4       0xc4 _build/nrf52832_xxaa/app_scheduler.c.o
                0x00023cb4                app_sched_event_put
 .text.app_sched_execute
                0x00023d78       0x8c _build/nrf52832_xxaa/app_scheduler.c.o
                0x00023d78                app_sched_execute
 .text.RTC1_IRQHandler
                0x00023e04       0xa0 _build/nrf52832_xxaa/app_timer.c.o
                0x00023e04                RTC1_IRQHandler
 .text.SWI0_EGU0_IRQHandler
                0x00023ea4      0x670 _build/nrf52832_xxaa/app_timer.c.o
                0x00023ea4                SWI0_EGU0_IRQHandler
 .text.app_timer_init
                0x00024514      0x180 _build/nrf52832_xxaa/app_timer.c.o
                0x00024514                app_timer_init
 .text.app_timer_create
                0x00024694       0x24 _build/nrf52832_xxaa/app_timer.c.o
                0x00024694                app_timer_create
 .text.app_timer_start
                0x000246b8       0x9c _build/nrf52832_xxaa/app_timer.c.o
                0x000246b8                app_timer_start
 .text.app_timer_stop
                0x00024754       0x68 _build/nrf52832_xxaa/app_timer.c.o
                0x00024754                app_timer_stop
 .text.app_util_critical_region_enter
                0x000247bc       0x10 _build/nrf52832_xxaa/app_util_platform.c.o
                0x000247bc                app_util_critical_region_enter
 .text.app_util_critical_region_exit
                0x000247cc       0x14 _build/nrf52832_xxaa/app_util_platform.c.o
                0x000247cc                app_util_critical_region_exit
 .text.nrf_balloc_init
                0x000247e0       0x38 _build/nrf52832_xxaa/nrf_balloc.c.o
                0x000247e0                nrf_balloc_init
 .text.nrf_balloc_alloc
                0x00024818       0x44 _build/nrf52832_xxaa/nrf_balloc.c.o
                0x00024818                nrf_balloc_alloc
 .text.nrf_balloc_free
                0x0002485c       0x2c _build/nrf52832_xxaa/nrf_balloc.c.o
                0x0002485c                nrf_balloc_free
 .text.nrf_memobj_pool_init
                0x00024888        0x4 _build/nrf52832_xxaa/nrf_memobj.c.o
                0x00024888                nrf_memobj_pool_init
 .text.nrf_memobj_alloc
                0x0002488c       0x84 _build/nrf52832_xxaa/nrf_memobj.c.o
                0x0002488c                nrf_memobj_alloc
 .text.nrf_memobj_get
                0x00024910       0x20 _build/nrf52832_xxaa/nrf_memobj.c.o
                0x00024910                nrf_memobj_get
 .text.nrf_memobj_put
                0x00024930       0x50 _build/nrf52832_xxaa/nrf_memobj.c.o
                0x00024930                nrf_memobj_put
 .text.nrf_memobj_write
                0x00024980       0x5c _build/nrf52832_xxaa/nrf_memobj.c.o
                0x00024980                nrf_memobj_write
 .text.nrf_memobj_read
                0x000249dc       0x5c _build/nrf52832_xxaa/nrf_memobj.c.o
                0x000249dc                nrf_memobj_read
 .text.nrf_drv_common_irq_enable
                0x00024a38       0x48 _build/nrf52832_xxaa/nrf_drv_common.c.o
                0x00024a38                nrf_drv_common_irq_enable
 .text.nrf_drv_gpiote_init
                0x00024a80       0x74 _build/nrf52832_xxaa/nrf_drv_gpiote.c.o
                0x00024a80                nrf_drv_gpiote_init
 .text.nrf_drv_gpiote_out_init
                0x00024af4       0xf0 _build/nrf52832_xxaa/nrf_drv_gpiote.c.o
                0x00024af4                nrf_drv_gpiote_out_init
 .text.nrf_drv_gpiote_out_set
                0x00024be4       0x10 _build/nrf52832_xxaa/nrf_drv_gpiote.c.o
                0x00024be4                nrf_drv_gpiote_out_set
 .text.nrf_drv_gpiote_out_clear
                0x00024bf4       0x10 _build/nrf52832_xxaa/nrf_drv_gpiote.c.o
                0x00024bf4                nrf_drv_gpiote_out_clear
 .text.nrf_drv_gpiote_out_toggle
                0x00024c04       0x20 _build/nrf52832_xxaa/nrf_drv_gpiote.c.o
                0x00024c04                nrf_drv_gpiote_out_toggle
 .text.nrf_drv_gpiote_in_init
                0x00024c24      0x19c _build/nrf52832_xxaa/nrf_drv_gpiote.c.o
                0x00024c24                nrf_drv_gpiote_in_init
 .text.nrf_drv_gpiote_in_event_enable
                0x00024dc0       0xc4 _build/nrf52832_xxaa/nrf_drv_gpiote.c.o
                0x00024dc0                nrf_drv_gpiote_in_event_enable
 .text.nrf_drv_gpiote_in_event_disable
                0x00024e84       0x64 _build/nrf52832_xxaa/nrf_drv_gpiote.c.o
                0x00024e84                nrf_drv_gpiote_in_event_disable
 .text.GPIOTE_IRQHandler
                0x00024ee8      0x548 _build/nrf52832_xxaa/nrf_drv_gpiote.c.o
                0x00024ee8                GPIOTE_IRQHandler
 .text.TIMER1_IRQHandler
                0x00025430       0x58 _build/nrf52832_xxaa/nrf_drv_timer.c.o
                0x00025430                TIMER1_IRQHandler
 .text.sd_ble_gap_adv_start
                0x00025488        0x4 _build/nrf52832_xxaa/main.c.o
 .text.sd_ble_gap_disconnect
                0x0002548c        0x4 _build/nrf52832_xxaa/main.c.o
 .text.sd_ble_gap_ppcp_set
                0x00025490        0x4 _build/nrf52832_xxaa/main.c.o
 .text.sd_ble_gap_device_name_set
                0x00025494        0x4 _build/nrf52832_xxaa/main.c.o
 .text.sd_ble_gap_sec_params_reply
                0x00025498        0x4 _build/nrf52832_xxaa/main.c.o
 .text.sd_ble_gap_phy_update
                0x0002549c        0x4 _build/nrf52832_xxaa/main.c.o
 .text.sd_ble_gatts_rw_authorize_reply
                0x000254a0        0x4 _build/nrf52832_xxaa/main.c.o
 .text.sd_ble_gatts_sys_attr_set
                0x000254a4        0x4 _build/nrf52832_xxaa/main.c.o
 .text.sd_ble_user_mem_reply
                0x000254a8        0x4 _build/nrf52832_xxaa/main.c.o
 .text.spi_event_handler
                0x000254ac        0xc _build/nrf52832_xxaa/main.c.o
                0x000254ac                spi_event_handler
 .text.conn_params_error_handler
                0x000254b8        0x4 _build/nrf52832_xxaa/main.c.o
 .text.gpiote_event_handler
                0x000254bc       0x20 _build/nrf52832_xxaa/main.c.o
                0x000254bc                gpiote_event_handler
 .text.ble_evt_handler
                0x000254dc      0x158 _build/nrf52832_xxaa/main.c.o
 .text.nrf_delay_us.part.1
                0x00025634       0x88 _build/nrf52832_xxaa/main.c.o
 .text.on_conn_params_evt
                0x000256bc       0x24 _build/nrf52832_xxaa/main.c.o
 .text.led_write_handler
                0x000256e0       0x34 _build/nrf52832_xxaa/main.c.o
 .text.timer_handler
                0x00025714       0x44 _build/nrf52832_xxaa/main.c.o
 .text.st7586_write.constprop.12
                0x00025758       0x50 _build/nrf52832_xxaa/main.c.o
 .text.st7586_write.constprop.13
                0x000257a8       0x50 _build/nrf52832_xxaa/main.c.o
 .text.b_w_b.constprop.11
                0x000257f8       0x3c _build/nrf52832_xxaa/main.c.o
 .text.b_w_b.constprop.10
                0x00025834       0x44 _build/nrf52832_xxaa/main.c.o
 .text.b_w_b.constprop.9
                0x00025878       0x30 _build/nrf52832_xxaa/main.c.o
 .text.b_w_b.constprop.8
                0x000258a8       0x38 _build/nrf52832_xxaa/main.c.o
 .text.b_w_b.constprop.7
                0x000258e0       0x2c _build/nrf52832_xxaa/main.c.o
 .text.b_w_b.constprop.5
                0x0002590c       0x34 _build/nrf52832_xxaa/main.c.o
 .text.button_handler
                0x00025940       0x9c _build/nrf52832_xxaa/main.c.o
                0x00025940                button_handler
 .text.button_scheduler_event_handler
                0x000259dc        0x8 _build/nrf52832_xxaa/main.c.o
                0x000259dc                button_scheduler_event_handler
 .text.start_point
                0x000259e4       0x4c _build/nrf52832_xxaa/main.c.o
                0x000259e4                start_point
 .text.clear    0x00025a30      0x10c _build/nrf52832_xxaa/main.c.o
                0x00025a30                clear
 .text.b_w_b    0x00025b3c       0x40 _build/nrf52832_xxaa/main.c.o
                0x00025b3c                b_w_b
 .text.w_b_w    0x00025b7c       0x40 _build/nrf52832_xxaa/main.c.o
                0x00025b7c                w_b_w
 .text.hited    0x00025bbc      0x2e4 _build/nrf52832_xxaa/main.c.o
                0x00025bbc                hited
 .text.gameover
                0x00025ea0      0x6b4 _build/nrf52832_xxaa/main.c.o
                0x00025ea0                gameover
 .text.arrow    0x00026554      0x128 _build/nrf52832_xxaa/main.c.o
                0x00026554                arrow
 .text.heart    0x0002667c      0x1d0 _build/nrf52832_xxaa/main.c.o
                0x0002667c                heart
 .text.display_hp
                0x0002684c      0x150 _build/nrf52832_xxaa/main.c.o
                0x0002684c                display_hp
 .text.enemy    0x0002699c      0x104 _build/nrf52832_xxaa/main.c.o
                0x0002699c                enemy
 .text.adventure
                0x00026aa0      0x288 _build/nrf52832_xxaa/main.c.o
                0x00026aa0                adventure
 .text.jump     0x00026d28      0x334 _build/nrf52832_xxaa/main.c.o
                0x00026d28                jump
 .text.bow      0x0002705c      0x274 _build/nrf52832_xxaa/main.c.o
                0x0002705c                bow
 .text.zero     0x000272d0       0xf0 _build/nrf52832_xxaa/main.c.o
                0x000272d0                zero
 .text.one      0x000273c0       0x74 _build/nrf52832_xxaa/main.c.o
                0x000273c0                one
 .text.two      0x00027434       0xd8 _build/nrf52832_xxaa/main.c.o
                0x00027434                two
 .text.three    0x0002750c       0xd8 _build/nrf52832_xxaa/main.c.o
                0x0002750c                three
 .text.display_state
                0x000275e4      0x564 _build/nrf52832_xxaa/main.c.o
                0x000275e4                display_state
 .text.select_state
                0x00027b48      0x3e4 _build/nrf52832_xxaa/main.c.o
                0x00027b48                select_state
 .text.display_head
                0x00027f2c      0x930 _build/nrf52832_xxaa/main.c.o
                0x00027f2c                display_head
 .text.eating   0x0002885c      0xd38 _build/nrf52832_xxaa/main.c.o
                0x0002885c                eating
 .text.display_z
                0x00029594      0x10c _build/nrf52832_xxaa/main.c.o
                0x00029594                display_z
 .text.display_zZ
                0x000296a0      0x258 _build/nrf52832_xxaa/main.c.o
                0x000296a0                display_zZ
 .text.sleep    0x000298f8      0xaf4 _build/nrf52832_xxaa/main.c.o
                0x000298f8                sleep
 .text.health   0x0002a3ec      0xa8c _build/nrf52832_xxaa/main.c.o
                0x0002a3ec                health
 .text.startup.main
                0x0002ae78     0x132c _build/nrf52832_xxaa/main.c.o
                0x0002ae78                main
 .text          0x0002c1a4       0x3c _build/nrf52832_xxaa/gcc_startup_nrf52.S.o
                0x0002c1a4                Reset_Handler
                0x0002c1cc                NMI_Handler
                0x0002c1ce                HardFault_Handler
                0x0002c1d0                MemoryManagement_Handler
                0x0002c1d2                BusFault_Handler
                0x0002c1d4                UsageFault_Handler
                0x0002c1d6                SVC_Handler
                0x0002c1d8                DebugMon_Handler
                0x0002c1da                PendSV_Handler
                0x0002c1dc                SysTick_Handler
                0x0002c1de                TEMP_IRQHandler
                0x0002c1de                QDEC_IRQHandler
                0x0002c1de                TIMER3_IRQHandler
                0x0002c1de                FPU_IRQHandler
                0x0002c1de                PDM_IRQHandler
                0x0002c1de                TIMER4_IRQHandler
                0x0002c1de                I2S_IRQHandler
                0x0002c1de                SWI4_EGU4_IRQHandler
                0x0002c1de                TIMER0_IRQHandler
                0x0002c1de                RADIO_IRQHandler
                0x0002c1de                RTC0_IRQHandler
                0x0002c1de                ECB_IRQHandler
                0x0002c1de                SPIM1_SPIS1_TWIM1_TWIS1_SPI1_TWI1_IRQHandler
                0x0002c1de                Default_Handler
                0x0002c1de                SAADC_IRQHandler
                0x0002c1de                CCM_AAR_IRQHandler
                0x0002c1de                WDT_IRQHandler
                0x0002c1de                PWM1_IRQHandler
                0x0002c1de                SWI5_EGU5_IRQHandler
                0x0002c1de                RNG_IRQHandler
                0x0002c1de                RTC2_IRQHandler
                0x0002c1de                PWM0_IRQHandler
                0x0002c1de                SWI3_EGU3_IRQHandler
                0x0002c1de                SWI1_EGU1_IRQHandler
                0x0002c1de                SPIM2_SPIS2_SPI2_IRQHandler
                0x0002c1de                NFCT_IRQHandler
                0x0002c1de                PWM2_IRQHandler
                0x0002c1de                MWU_IRQHandler
                0x0002c1de                TIMER2_IRQHandler
                0x0002c1de                COMP_LPCOMP_IRQHandler
 .text.SystemInit
                0x0002c1e0      0x384 _build/nrf52832_xxaa/system_nrf52.c.o
                0x0002c1e0                SystemInit
 .text.nrf_log_backend_serial_put
                0x0002c564       0xe4 _build/nrf52832_xxaa/nrf_log_backend_serial.c.o
                0x0002c564                nrf_log_backend_serial_put
 .text.uart_evt_handler
                0x0002c648        0xc _build/nrf52832_xxaa/nrf_log_backend_uart.c.o
 .text.nrf_log_backend_uart_flush
                0x0002c654        0x4 _build/nrf52832_xxaa/nrf_log_backend_uart.c.o
 .text.nrf_log_backend_uart_panic_set
                0x0002c658       0x48 _build/nrf52832_xxaa/nrf_log_backend_uart.c.o
 .text.nrf_log_backend_uart_put
                0x0002c6a0       0x20 _build/nrf52832_xxaa/nrf_log_backend_uart.c.o
 .text.serial_tx
                0x0002c6c0       0x34 _build/nrf52832_xxaa/nrf_log_backend_uart.c.o
 .text.nrf_log_backend_uart_init
                0x0002c6f4       0x48 _build/nrf52832_xxaa/nrf_log_backend_uart.c.o
                0x0002c6f4                nrf_log_backend_uart_init
 .text.nrf_log_default_backends_init
                0x0002c73c       0x1c _build/nrf52832_xxaa/nrf_log_default_backends.c.o
                0x0002c73c                nrf_log_default_backends_init
 .text.nrf_log_std_entry_process
                0x0002c758      0x130 _build/nrf52832_xxaa/nrf_log_str_formatter.c.o
                0x0002c758                nrf_log_std_entry_process
 .text.nrf_log_hexdump_entry_process
                0x0002c888      0x13c _build/nrf52832_xxaa/nrf_log_str_formatter.c.o
                0x0002c888                nrf_log_hexdump_entry_process
 .text.nrf_fprintf_buffer_flush
                0x0002c9c4       0x18 _build/nrf52832_xxaa/nrf_fprintf.c.o
                0x0002c9c4                nrf_fprintf_buffer_flush
 .text.nrf_fprintf
                0x0002c9dc       0x20 _build/nrf52832_xxaa/nrf_fprintf.c.o
                0x0002c9dc                nrf_fprintf
 .text.unsigned_print
                0x0002c9fc      0x10c _build/nrf52832_xxaa/nrf_fprintf_format.c.o
 .text.nrf_fprintf_fmt
                0x0002cb08      0x5c4 _build/nrf52832_xxaa/nrf_fprintf_format.c.o
                0x0002cb08                nrf_fprintf_fmt
 .text.nrf_drv_spi_init
                0x0002d0cc      0x15c _build/nrf52832_xxaa/nrf_drv_spi.c.o
                0x0002d0cc                nrf_drv_spi_init
 .text.nrf_drv_spi_transfer
                0x0002d228      0x11c _build/nrf52832_xxaa/nrf_drv_spi.c.o
                0x0002d228                nrf_drv_spi_transfer
 .text.SPIM0_SPIS0_TWIM0_TWIS0_SPI0_TWI0_IRQHandler
                0x0002d344       0x4c _build/nrf52832_xxaa/nrf_drv_spi.c.o
                0x0002d344                SPIM0_SPIS0_TWIM0_TWIS0_SPI0_TWI0_IRQHandler
 .text.nrf_drv_uart_init
                0x0002d390      0x1d0 _build/nrf52832_xxaa/nrf_drv_uart.c.o
                0x0002d390                nrf_drv_uart_init
 .text.nrf_drv_uart_uninit
                0x0002d560      0x108 _build/nrf52832_xxaa/nrf_drv_uart.c.o
                0x0002d560                nrf_drv_uart_uninit
 .text.nrf_drv_uart_tx
                0x0002d668      0x154 _build/nrf52832_xxaa/nrf_drv_uart.c.o
                0x0002d668                nrf_drv_uart_tx
 .text.UARTE0_UART0_IRQHandler
                0x0002d7bc      0x2e4 _build/nrf52832_xxaa/nrf_drv_uart.c.o
                0x0002d7bc                UARTE0_UART0_IRQHandler
 .text.nrf_drv_clock_init
                0x0002daa0       0x40 _build/nrf52832_xxaa/nrf_drv_clock.c.o
                0x0002daa0                nrf_drv_clock_init
 .text.nrf_drv_clock_lfclk_request
                0x0002dae0       0x80 _build/nrf52832_xxaa/nrf_drv_clock.c.o
                0x0002dae0                nrf_drv_clock_lfclk_request
 .text.POWER_CLOCK_IRQHandler
                0x0002db60       0x7c _build/nrf52832_xxaa/nrf_drv_clock.c.o
                0x0002db60                POWER_CLOCK_IRQHandler
 .text.nrf_section_iter_init
                0x0002dbdc       0x14 _build/nrf52832_xxaa/nrf_section_iter.c.o
                0x0002dbdc                nrf_section_iter_init
 .text.nrf_section_iter_next
                0x0002dbf0       0x18 _build/nrf52832_xxaa/nrf_section_iter.c.o
                0x0002dbf0                nrf_section_iter_next
 .text.sdk_mapped_flags_first_key_index_get
                0x0002dc08       0x30 _build/nrf52832_xxaa/sdk_mapped_flags.c.o
                0x0002dc08                sdk_mapped_flags_first_key_index_get
 .text.sdk_mapped_flags_update_by_key
                0x0002dc38       0x38 _build/nrf52832_xxaa/sdk_mapped_flags.c.o
                0x0002dc38                sdk_mapped_flags_update_by_key
 .text.sdk_mapped_flags_bulk_update_by_key
                0x0002dc70       0x5c _build/nrf52832_xxaa/sdk_mapped_flags.c.o
                0x0002dc70                sdk_mapped_flags_bulk_update_by_key
 .text.sdk_mapped_flags_key_list_get
                0x0002dccc       0x34 _build/nrf52832_xxaa/sdk_mapped_flags.c.o
                0x0002dccc                sdk_mapped_flags_key_list_get
 .text.sd_ble_gap_conn_param_update
                0x0002dd00        0x4 _build/nrf52832_xxaa/ble_conn_params.c.o
 .text.sd_ble_gap_disconnect
                0x0002dd04        0x4 _build/nrf52832_xxaa/ble_conn_params.c.o
 .text.sd_ble_gap_ppcp_set
                0x0002dd08        0x4 _build/nrf52832_xxaa/ble_conn_params.c.o
 .text.sd_ble_gap_ppcp_get
                0x0002dd0c        0x4 _build/nrf52832_xxaa/ble_conn_params.c.o
 .text.update_timeout_handler
                0x0002dd10       0x80 _build/nrf52832_xxaa/ble_conn_params.c.o
 .text.ble_evt_handler
                0x0002dd90      0x1d4 _build/nrf52832_xxaa/ble_conn_params.c.o
 .text.ble_conn_params_init
                0x0002df64       0x7c _build/nrf52832_xxaa/ble_conn_params.c.o
                0x0002df64                ble_conn_params_init
 .text.ble_evt_handler
                0x0002dfe0      0x114 _build/nrf52832_xxaa/ble_conn_state.c.o
 .text.ble_srv_is_notification_enabled
                0x0002e0f4        0x8 _build/nrf52832_xxaa/ble_srv_common.c.o
                0x0002e0f4                ble_srv_is_notification_enabled
 .text.sd_ble_gap_data_length_update
                0x0002e0fc        0x4 _build/nrf52832_xxaa/nrf_ble_gatt.c.o
 .text.sd_ble_gattc_exchange_mtu_request
                0x0002e100        0x4 _build/nrf52832_xxaa/nrf_ble_gatt.c.o
 .text.sd_ble_gatts_exchange_mtu_reply
                0x0002e104        0x4 _build/nrf52832_xxaa/nrf_ble_gatt.c.o
 .text.nrf_ble_gatt_init
                0x0002e108       0x2c _build/nrf52832_xxaa/nrf_ble_gatt.c.o
                0x0002e108                nrf_ble_gatt_init
 .text.nrf_ble_gatt_on_ble_evt
                0x0002e134      0x1f0 _build/nrf52832_xxaa/nrf_ble_gatt.c.o
                0x0002e134                nrf_ble_gatt_on_ble_evt
 .text.sd_ble_gatts_service_add
                0x0002e324        0x4 _build/nrf52832_xxaa/ble_lbs.c.o
 .text.sd_ble_gatts_characteristic_add
                0x0002e328        0x4 _build/nrf52832_xxaa/ble_lbs.c.o
 .text.sd_ble_uuid_vs_add
                0x0002e32c        0x4 _build/nrf52832_xxaa/ble_lbs.c.o
 .text.ble_lbs_on_ble_evt
                0x0002e330       0x30 _build/nrf52832_xxaa/ble_lbs.c.o
                0x0002e330                ble_lbs_on_ble_evt
 .text.ble_lbs_init
                0x0002e360      0x1a8 _build/nrf52832_xxaa/ble_lbs.c.o
                0x0002e360                ble_lbs_init
 .text.sd_softdevice_enable
                0x0002e508        0x4 _build/nrf52832_xxaa/nrf_sdh.c.o
 .text.nrf_sdh_enable_request
                0x0002e50c       0xdc _build/nrf52832_xxaa/nrf_sdh.c.o
                0x0002e50c                nrf_sdh_enable_request
 .text.SWI2_EGU2_IRQHandler
                0x0002e5e8       0x2c _build/nrf52832_xxaa/nrf_sdh.c.o
                0x0002e5e8                SWI2_EGU2_IRQHandler
 .text.sd_ble_enable
                0x0002e614        0x4 _build/nrf52832_xxaa/nrf_sdh_ble.c.o
 .text.sd_ble_cfg_set
                0x0002e618        0x4 _build/nrf52832_xxaa/nrf_sdh_ble.c.o
 .text.sd_ble_evt_get
                0x0002e61c        0x4 _build/nrf52832_xxaa/nrf_sdh_ble.c.o
 .text.nrf_sdh_ble_evts_poll
                0x0002e620       0x4c _build/nrf52832_xxaa/nrf_sdh_ble.c.o
 .text.nrf_sdh_ble_default_cfg_set
                0x0002e66c       0xb4 _build/nrf52832_xxaa/nrf_sdh_ble.c.o
                0x0002e66c                nrf_sdh_ble_default_cfg_set
 .text.nrf_sdh_ble_enable
                0x0002e720        0x4 _build/nrf52832_xxaa/nrf_sdh_ble.c.o
                0x0002e720                nrf_sdh_ble_enable
 .text.sd_evt_get
                0x0002e724        0x4 _build/nrf52832_xxaa/nrf_sdh_soc.c.o
 .text.nrf_sdh_soc_evts_poll
                0x0002e728       0x4c _build/nrf52832_xxaa/nrf_sdh_soc.c.o
 .text.exit     0x0002e774       0x28 c:/program files (x86)/gnu tools arm embedded/7 2017-q4-major/bin/../lib/gcc/arm-none-eabi/7.2.1/../../../../arm-none-eabi/lib/thumb/v7e-m/fpv4-sp/hard\libc_nano.a(lib_a-exit.o)
                0x0002e774                exit
 .text.__libc_init_array
                0x0002e79c       0x48 c:/program files (x86)/gnu tools arm embedded/7 2017-q4-major/bin/../lib/gcc/arm-none-eabi/7.2.1/../../../../arm-none-eabi/lib/thumb/v7e-m/fpv4-sp/hard\libc_nano.a(lib_a-init.o)
                0x0002e79c                __libc_init_array
 .text.__locale_ctype_ptr
                0x0002e7e4       0x1c c:/program files (x86)/gnu tools arm embedded/7 2017-q4-major/bin/../lib/gcc/arm-none-eabi/7.2.1/../../../../arm-none-eabi/lib/thumb/v7e-m/fpv4-sp/hard\libc_nano.a(lib_a-locale.o)
                0x0002e7e4                __locale_ctype_ptr
 .text.__ascii_mbtowc
                0x0002e800       0x24 c:/program files (x86)/gnu tools arm embedded/7 2017-q4-major/bin/../lib/gcc/arm-none-eabi/7.2.1/../../../../arm-none-eabi/lib/thumb/v7e-m/fpv4-sp/hard\libc_nano.a(lib_a-mbtowc_r.o)
                0x0002e800                __ascii_mbtowc
 .text.memcpy   0x0002e824       0x16 c:/program files (x86)/gnu tools arm embedded/7 2017-q4-major/bin/../lib/gcc/arm-none-eabi/7.2.1/../../../../arm-none-eabi/lib/thumb/v7e-m/fpv4-sp/hard\libc_nano.a(lib_a-memcpy-stub.o)
                0x0002e824                memcpy
 .text.memset   0x0002e83a       0x10 c:/program files (x86)/gnu tools arm embedded/7 2017-q4-major/bin/../lib/gcc/arm-none-eabi/7.2.1/../../../../arm-none-eabi/lib/thumb/v7e-m/fpv4-sp/hard\libc_nano.a(lib_a-memset.o)
                0x0002e83a                memset
 .text          0x0002e84a       0x10 c:/program files (x86)/gnu tools arm embedded/7 2017-q4-major/bin/../lib/gcc/arm-none-eabi/7.2.1/../../../../arm-none-eabi/lib/thumb/v7e-m/fpv4-sp/hard\libc_nano.a(lib_a-strlen.o)
                0x0002e84a                strlen
 .text.__ascii_wctomb
                0x0002e85a       0x1a c:/program files (x86)/gnu tools arm embedded/7 2017-q4-major/bin/../lib/gcc/arm-none-eabi/7.2.1/../../../../arm-none-eabi/lib/thumb/v7e-m/fpv4-sp/hard\libc_nano.a(lib_a-wctomb_r.o)
                0x0002e85a                __ascii_wctomb
 .text._exit    0x0002e874        0x4 c:/program files (x86)/gnu tools arm embedded/7 2017-q4-major/bin/../lib/gcc/arm-none-eabi/7.2.1/../../../../arm-none-eabi/lib/thumb/v7e-m/fpv4-sp/hard\libnosys.a(_exit.o)
                0x0002e874                _exit
 *(.init)
 .init          0x0002e878        0x4 c:/program files (x86)/gnu tools arm embedded/7 2017-q4-major/bin/../lib/gcc/arm-none-eabi/7.2.1/thumb/v7e-m/fpv4-sp/hard/crti.o
                0x0002e878                _init
 .init          0x0002e87c        0x8 c:/program files (x86)/gnu tools arm embedded/7 2017-q4-major/bin/../lib/gcc/arm-none-eabi/7.2.1/thumb/v7e-m/fpv4-sp/hard/crtn.o
 *(.fini)
 .fini          0x0002e884        0x4 c:/program files (x86)/gnu tools arm embedded/7 2017-q4-major/bin/../lib/gcc/arm-none-eabi/7.2.1/thumb/v7e-m/fpv4-sp/hard/crti.o
                0x0002e884                _fini
 .fini          0x0002e888        0x8 c:/program files (x86)/gnu tools arm embedded/7 2017-q4-major/bin/../lib/gcc/arm-none-eabi/7.2.1/thumb/v7e-m/fpv4-sp/hard/crtn.o
 *crtbegin.o(.ctors)
 *crtbegin?.o(.ctors)
 *(EXCLUDE_FILE(*crtend.o *crtend?.o) .ctors)
 *(SORT_BY_NAME(.ctors.*))
 *(.ctors)
 *crtbegin.o(.dtors)
 *crtbegin?.o(.dtors)
 *(EXCLUDE_FILE(*crtend.o *crtend?.o) .dtors)
 *(SORT_BY_NAME(.dtors.*))
 *(.dtors)
 *(.rodata*)
 .rodata.mempool
                0x0002e890       0x14 _build/nrf52832_xxaa/nrf_log_frontend.c.o
 .rodata.str1.4
                0x0002e8a4        0x4 _build/nrf52832_xxaa/nrf_log_frontend.c.o
 .rodata.m_board_led_list
                0x0002e8a8        0x4 _build/nrf52832_xxaa/boards.c.o
 .rodata.app_error_fault_handler.str1.4
                0x0002e8ac       0x19 _build/nrf52832_xxaa/app_error_weak.c.o
 *fill*         0x0002e8c5        0x3 
 .rodata.str1.4
                0x0002e8c8        0x7 _build/nrf52832_xxaa/nrf_balloc.c.o
 *fill*         0x0002e8cf        0x1 
 .rodata.str1.4
                0x0002e8d0        0x7 _build/nrf52832_xxaa/nrf_drv_gpiote.c.o
 *fill*         0x0002e8d7        0x1 
 .rodata.str1.4
                0x0002e8d8        0x6 _build/nrf52832_xxaa/nrf_drv_timer.c.o
 *fill*         0x0002e8de        0x2 
 .rodata        0x0002e8e0       0x14 _build/nrf52832_xxaa/main.c.o
 .rodata.ble_evt_handler.str1.4
                0x0002e8f4       0x19 _build/nrf52832_xxaa/main.c.o
 *fill*         0x0002e90d        0x3 
 .rodata.led_write_handler.str1.4
                0x0002e910       0x26 _build/nrf52832_xxaa/main.c.o
 *fill*         0x0002e936        0x2 
 .rodata.m_led_a_timer_id
                0x0002e938        0x4 _build/nrf52832_xxaa/main.c.o
 .rodata.main.str1.4
                0x0002e93c       0x1e _build/nrf52832_xxaa/main.c.o
 *fill*         0x0002e95a        0x2 
 .rodata.st7586_spi
                0x0002e95c        0x8 _build/nrf52832_xxaa/main.c.o
 .rodata.timer_handler.str1.4
                0x0002e964       0x32 _build/nrf52832_xxaa/main.c.o
 *fill*         0x0002e996        0x2 
 .rodata        0x0002e998       0x20 _build/nrf52832_xxaa/nrf_log_backend_uart.c.o
 .rodata.nrf_log_backend_uart_api
                0x0002e9b8        0xc _build/nrf52832_xxaa/nrf_log_backend_uart.c.o
                0x0002e9b8                nrf_log_backend_uart_api
 .rodata.m_colors
                0x0002e9c4       0x24 _build/nrf52832_xxaa/nrf_log_str_formatter.c.o
 .rodata.nrf_log_hexdump_entry_process.str1.4
                0x0002e9e8       0x13 _build/nrf52832_xxaa/nrf_log_str_formatter.c.o
                                 0x16 (size before relaxing)
 *fill*         0x0002e9fb        0x1 
 .rodata.nrf_log_std_entry_process.str1.4
                0x0002e9fc       0x1b _build/nrf52832_xxaa/nrf_log_str_formatter.c.o
 *fill*         0x0002ea17        0x1 
 .rodata.severity_names
                0x0002ea18       0x14 _build/nrf52832_xxaa/nrf_log_str_formatter.c.o
 .rodata.str1.4
                0x0002ea2c       0x5e _build/nrf52832_xxaa/nrf_log_str_formatter.c.o
 *fill*         0x0002ea8a        0x2 
 .rodata._aV2C.7959
                0x0002ea8c       0x10 _build/nrf52832_xxaa/nrf_fprintf_format.c.o
 .rodata.str1.4
                0x0002ea9c        0x4 _build/nrf52832_xxaa/nrf_drv_spi.c.o
 .rodata.str1.4
                0x0002eaa0        0x5 _build/nrf52832_xxaa/nrf_drv_uart.c.o
 *fill*         0x0002eaa5        0x3 
 .rodata.str1.4
                0x0002eaa8        0x6 _build/nrf52832_xxaa/nrf_drv_clock.c.o
 *fill*         0x0002eaae        0x2 
 .rodata.str1.4
                0x0002eab0        0x9 _build/nrf52832_xxaa/nrf_pwr_mgmt.c.o
 *fill*         0x0002eab9        0x3 
 .rodata.nrf_ble_gatt_on_ble_evt.str1.4
                0x0002eabc      0x130 _build/nrf52832_xxaa/nrf_ble_gatt.c.o
 .rodata.str1.4
                0x0002ebec        0x9 _build/nrf52832_xxaa/nrf_ble_gatt.c.o
 *fill*         0x0002ebf5        0x3 
 .rodata        0x0002ebf8       0x10 _build/nrf52832_xxaa/ble_lbs.c.o
 .rodata        0x0002ec08        0x4 _build/nrf52832_xxaa/nrf_sdh.c.o
 .rodata.sdh_req_observers
                0x0002ec0c        0xc _build/nrf52832_xxaa/nrf_sdh.c.o
 .rodata.sdh_stack_observers
                0x0002ec18        0xc _build/nrf52832_xxaa/nrf_sdh.c.o
 .rodata.sdh_state_observers
                0x0002ec24        0xc _build/nrf52832_xxaa/nrf_sdh.c.o
 .rodata.str1.4
                0x0002ec30        0x8 _build/nrf52832_xxaa/nrf_sdh.c.o
 .rodata.sdh_ble_observers
                0x0002ec38        0xc _build/nrf52832_xxaa/nrf_sdh_ble.c.o
 .rodata.str1.4
                0x0002ec44        0xc _build/nrf52832_xxaa/nrf_sdh_ble.c.o
 .rodata.sdh_soc_observers
                0x0002ec50        0xc _build/nrf52832_xxaa/nrf_sdh_soc.c.o
 .rodata.str1.4
                0x0002ec5c        0xc _build/nrf52832_xxaa/nrf_sdh_soc.c.o
 .rodata._global_impure_ptr
                0x0002ec68        0x4 c:/program files (x86)/gnu tools arm embedded/7 2017-q4-major/bin/../lib/gcc/arm-none-eabi/7.2.1/../../../../arm-none-eabi/lib/thumb/v7e-m/fpv4-sp/hard\libc_nano.a(lib_a-impure.o)
                0x0002ec68                _global_impure_ptr
 .rodata._setlocale_r.str1.1
                0x0002ec6c        0x8 c:/program files (x86)/gnu tools arm embedded/7 2017-q4-major/bin/../lib/gcc/arm-none-eabi/7.2.1/../../../../arm-none-eabi/lib/thumb/v7e-m/fpv4-sp/hard\libc_nano.a(lib_a-locale.o)
                                  0x9 (size before relaxing)
 .rodata.str1.1
                0x0002ec74        0x2 c:/program files (x86)/gnu tools arm embedded/7 2017-q4-major/bin/../lib/gcc/arm-none-eabi/7.2.1/../../../../arm-none-eabi/lib/thumb/v7e-m/fpv4-sp/hard\libc_nano.a(lib_a-locale.o)
 .rodata._ctype_
                0x0002ec76      0x101 c:/program files (x86)/gnu tools arm embedded/7 2017-q4-major/bin/../lib/gcc/arm-none-eabi/7.2.1/../../../../arm-none-eabi/lib/thumb/v7e-m/fpv4-sp/hard\libc_nano.a(lib_a-ctype_.o)
                0x0002ec76                _ctype_
 *(.eh_frame*)
 *fill*         0x0002ed77        0x1 
 .eh_frame      0x0002ed78        0x0 c:/program files (x86)/gnu tools arm embedded/7 2017-q4-major/bin/../lib/gcc/arm-none-eabi/7.2.1/thumb/v7e-m/fpv4-sp/hard/crtbegin.o
 .eh_frame      0x0002ed78        0x4 c:/program files (x86)/gnu tools arm embedded/7 2017-q4-major/bin/../lib/gcc/arm-none-eabi/7.2.1/thumb/v7e-m/fpv4-sp/hard/crtend.o

.glue_7         0x0002ed7c        0x0
 .glue_7        0x0002ed7c        0x0 linker stubs

.glue_7t        0x0002ed7c        0x0
 .glue_7t       0x0002ed7c        0x0 linker stubs

.vfp11_veneer   0x0002ed7c        0x0
 .vfp11_veneer  0x0002ed7c        0x0 linker stubs

.v4_bx          0x0002ed7c        0x0
 .v4_bx         0x0002ed7c        0x0 linker stubs

.iplt           0x0002ed7c        0x0
 .iplt          0x0002ed7c        0x0 c:/program files (x86)/gnu tools arm embedded/7 2017-q4-major/bin/../lib/gcc/arm-none-eabi/7.2.1/thumb/v7e-m/fpv4-sp/hard/crtbegin.o

.mem_section_dummy_rom

.sdh_soc_observers
                0x0002ed7c        0x0
                0x0002ed7c                PROVIDE (__start_sdh_soc_observers, .)
 *(SORT_BY_NAME(.sdh_soc_observers*))
                0x0002ed7c                PROVIDE (__stop_sdh_soc_observers, .)

.pwr_mgmt_data  0x0002ed7c        0x0
                0x0002ed7c                PROVIDE (__start_pwr_mgmt_data, .)
 *(SORT_BY_NAME(.pwr_mgmt_data*))
                0x0002ed7c                PROVIDE (__stop_pwr_mgmt_data, .)

.sdh_ble_observers
                0x0002ed7c       0x28
                0x0002ed7c                PROVIDE (__start_sdh_ble_observers, .)
 *(SORT_BY_NAME(.sdh_ble_observers*))
 .sdh_ble_observers0
                0x0002ed7c        0x8 _build/nrf52832_xxaa/ble_conn_state.c.o
 .sdh_ble_observers1
                0x0002ed84        0x8 _build/nrf52832_xxaa/main.c.o
 .sdh_ble_observers1
                0x0002ed8c        0x8 _build/nrf52832_xxaa/ble_conn_params.c.o
 .sdh_ble_observers2
                0x0002ed94        0x8 _build/nrf52832_xxaa/main.c.o
 .sdh_ble_observers3
                0x0002ed9c        0x8 _build/nrf52832_xxaa/main.c.o
                0x0002eda4                PROVIDE (__stop_sdh_ble_observers, .)

.log_const_data
                0x0002eda4       0x60
                0x0002eda4                PROVIDE (__start_log_const_data, .)
 *(SORT_BY_NAME(.log_const_data*))
 .log_const_data_app
                0x0002eda4        0x8 _build/nrf52832_xxaa/nrf_log_frontend.c.o
                0x0002eda4                m_nrf_log_app_logs_data_const
 .log_const_data_balloc
                0x0002edac        0x8 _build/nrf52832_xxaa/nrf_balloc.c.o
                0x0002edac                m_nrf_log_balloc_logs_data_const
 .log_const_data_ble_gatt
                0x0002edb4        0x8 _build/nrf52832_xxaa/nrf_ble_gatt.c.o
                0x0002edb4                m_nrf_log_ble_gatt_logs_data_const
 .log_const_data_clock
                0x0002edbc        0x8 _build/nrf52832_xxaa/nrf_drv_clock.c.o
                0x0002edbc                m_nrf_log_clock_logs_data_const
 .log_const_data_gpiote
                0x0002edc4        0x8 _build/nrf52832_xxaa/nrf_drv_gpiote.c.o
                0x0002edc4                m_nrf_log_gpiote_logs_data_const
 .log_const_data_nrf_sdh
                0x0002edcc        0x8 _build/nrf52832_xxaa/nrf_sdh.c.o
                0x0002edcc                m_nrf_log_nrf_sdh_logs_data_const
 .log_const_data_nrf_sdh_ble
                0x0002edd4        0x8 _build/nrf52832_xxaa/nrf_sdh_ble.c.o
                0x0002edd4                m_nrf_log_nrf_sdh_ble_logs_data_const
 .log_const_data_nrf_sdh_soc
                0x0002eddc        0x8 _build/nrf52832_xxaa/nrf_sdh_soc.c.o
                0x0002eddc                m_nrf_log_nrf_sdh_soc_logs_data_const
 .log_const_data_pwr_mgmt
                0x0002ede4        0x8 _build/nrf52832_xxaa/nrf_pwr_mgmt.c.o
                0x0002ede4                m_nrf_log_pwr_mgmt_logs_data_const
 .log_const_data_spi
                0x0002edec        0x8 _build/nrf52832_xxaa/nrf_drv_spi.c.o
                0x0002edec                m_nrf_log_spi_logs_data_const
 .log_const_data_timer
                0x0002edf4        0x8 _build/nrf52832_xxaa/nrf_drv_timer.c.o
                0x0002edf4                m_nrf_log_timer_logs_data_const
 .log_const_data_uart
                0x0002edfc        0x8 _build/nrf52832_xxaa/nrf_drv_uart.c.o
                0x0002edfc                m_nrf_log_uart_logs_data_const
                0x0002ee04                PROVIDE (__stop_log_const_data, .)

.sdh_req_observers
                0x0002ee04        0x0
                0x0002ee04                PROVIDE (__start_sdh_req_observers, .)
 *(SORT_BY_NAME(.sdh_req_observers*))
                0x0002ee04                PROVIDE (__stop_sdh_req_observers, .)

.sdh_state_observers
                0x0002ee04        0x0
                0x0002ee04                PROVIDE (__start_sdh_state_observers, .)
 *(SORT_BY_NAME(.sdh_state_observers*))
                0x0002ee04                PROVIDE (__stop_sdh_state_observers, .)

.sdh_stack_observers
                0x0002ee04       0x10
                0x0002ee04                PROVIDE (__start_sdh_stack_observers, .)
 *(SORT_BY_NAME(.sdh_stack_observers*))
 .sdh_stack_observers0
                0x0002ee04        0x8 _build/nrf52832_xxaa/nrf_sdh_ble.c.o
 .sdh_stack_observers0
                0x0002ee0c        0x8 _build/nrf52832_xxaa/nrf_sdh_soc.c.o
                0x0002ee14                PROVIDE (__stop_sdh_stack_observers, .)

.cli_command    0x0002ee14        0x0
                [!provide]                PROVIDE (__start_cli_command, .)
 *(.cli_command)
                [!provide]                PROVIDE (__stop_cli_command, .)

.ARM.extab
 *(.ARM.extab* .gnu.linkonce.armextab.*)
                0x0002ee14                __exidx_start = .

.ARM.exidx      0x0002ee14        0x8
 *(.ARM.exidx* .gnu.linkonce.armexidx.*)
 .ARM.exidx     0x0002ee14        0x8 c:/program files (x86)/gnu tools arm embedded/7 2017-q4-major/bin/../lib/gcc/arm-none-eabi/7.2.1/../../../../arm-none-eabi/lib/thumb/v7e-m/fpv4-sp/hard/crt0.o
                0x0002ee1c                __exidx_end = .
                0x0002ee1c                __etext = .

.rel.dyn        0x0002ee1c        0x0
 .rel.iplt      0x0002ee1c        0x0 c:/program files (x86)/gnu tools arm embedded/7 2017-q4-major/bin/../lib/gcc/arm-none-eabi/7.2.1/thumb/v7e-m/fpv4-sp/hard/crtbegin.o

.data           0x20002180      0x204 load address 0x0002ee1c
                0x20002180                __data_start__ = .
 *(vtable)
 *(.data*)
 .data.adventure_temp
                0x20002180        0x4 _build/nrf52832_xxaa/main.c.o
                0x20002180                adventure_temp
 .data.enemy_temp
                0x20002184        0x4 _build/nrf52832_xxaa/main.c.o
                0x20002184                enemy_temp
 .data.hp       0x20002188        0x4 _build/nrf52832_xxaa/main.c.o
                0x20002188                hp
 .data.lv       0x2000218c        0x4 _build/nrf52832_xxaa/main.c.o
                0x2000218c                lv
 .data.m_conn_handle
                0x20002190        0x2 _build/nrf52832_xxaa/main.c.o
 *fill*         0x20002192        0x2 
 .data.SystemCoreClock
                0x20002194        0x4 _build/nrf52832_xxaa/system_nrf52.c.o
                0x20002194                SystemCoreClock
 .data.m_uart   0x20002198        0x8 _build/nrf52832_xxaa/nrf_log_backend_uart.c.o
                0x20002198                m_uart
 .data.uart_log_backend
                0x200021a0        0xc _build/nrf52832_xxaa/nrf_log_default_backends.c.o
 .data._impure_ptr
                0x200021ac        0x4 c:/program files (x86)/gnu tools arm embedded/7 2017-q4-major/bin/../lib/gcc/arm-none-eabi/7.2.1/../../../../arm-none-eabi/lib/thumb/v7e-m/fpv4-sp/hard\libc_nano.a(lib_a-impure.o)
                0x200021ac                _impure_ptr
 .data.impure_data
                0x200021b0       0x60 c:/program files (x86)/gnu tools arm embedded/7 2017-q4-major/bin/../lib/gcc/arm-none-eabi/7.2.1/../../../../arm-none-eabi/lib/thumb/v7e-m/fpv4-sp/hard\libc_nano.a(lib_a-impure.o)
 .data.__global_locale
                0x20002210      0x16c c:/program files (x86)/gnu tools arm embedded/7 2017-q4-major/bin/../lib/gcc/arm-none-eabi/7.2.1/../../../../arm-none-eabi/lib/thumb/v7e-m/fpv4-sp/hard\libc_nano.a(lib_a-locale.o)
                0x20002210                __global_locale
                0x2000237c                . = ALIGN (0x4)
                0x2000237c                PROVIDE (__preinit_array_start, .)
 *(.preinit_array)
                0x2000237c                PROVIDE (__preinit_array_end, .)
                0x2000237c                . = ALIGN (0x4)
                0x2000237c                PROVIDE (__init_array_start, .)
 *(SORT_BY_NAME(.init_array.*))
 *(.init_array)
 .init_array    0x2000237c        0x4 c:/program files (x86)/gnu tools arm embedded/7 2017-q4-major/bin/../lib/gcc/arm-none-eabi/7.2.1/thumb/v7e-m/fpv4-sp/hard/crtbegin.o
                0x20002380                PROVIDE (__init_array_end, .)
                0x20002380                . = ALIGN (0x4)
                [!provide]                PROVIDE (__fini_array_start, .)
 *(SORT_BY_NAME(.fini_array.*))
 *(.fini_array)
 .fini_array    0x20002380        0x4 c:/program files (x86)/gnu tools arm embedded/7 2017-q4-major/bin/../lib/gcc/arm-none-eabi/7.2.1/thumb/v7e-m/fpv4-sp/hard/crtbegin.o
                [!provide]                PROVIDE (__fini_array_end, .)
 *(.jcr*)
                0x20002384                . = ALIGN (0x4)
                0x20002384                __data_end__ = .
LOAD c:/program files (x86)/gnu tools arm embedded/7 2017-q4-major/bin/../lib/gcc/arm-none-eabi/7.2.1/thumb/v7e-m/fpv4-sp/hard/crti.o
LOAD c:/program files (x86)/gnu tools arm embedded/7 2017-q4-major/bin/../lib/gcc/arm-none-eabi/7.2.1/thumb/v7e-m/fpv4-sp/hard/crtbegin.o
LOAD c:/program files (x86)/gnu tools arm embedded/7 2017-q4-major/bin/../lib/gcc/arm-none-eabi/7.2.1/../../../../arm-none-eabi/lib/thumb/v7e-m/fpv4-sp/hard/crt0.o
LOAD _build/nrf52832_xxaa/nrf_log_frontend.c.o
LOAD _build/nrf52832_xxaa/boards.c.o
LOAD _build/nrf52832_xxaa/app_button.c.o
LOAD _build/nrf52832_xxaa/app_error.c.o
LOAD _build/nrf52832_xxaa/app_error_weak.c.o
LOAD _build/nrf52832_xxaa/app_scheduler.c.o
LOAD _build/nrf52832_xxaa/app_simple_timer.c.o
LOAD _build/nrf52832_xxaa/app_timer.c.o
LOAD _build/nrf52832_xxaa/app_util_platform.c.o
LOAD _build/nrf52832_xxaa/nrf_assert.c.o
LOAD _build/nrf52832_xxaa/nrf_balloc.c.o
LOAD _build/nrf52832_xxaa/nrf_memobj.c.o
LOAD _build/nrf52832_xxaa/nrf_strerror.c.o
LOAD _build/nrf52832_xxaa/nrf_drv_common.c.o
LOAD _build/nrf52832_xxaa/nrf_drv_gpiote.c.o
LOAD _build/nrf52832_xxaa/nrf_drv_timer.c.o
LOAD _build/nrf52832_xxaa/nrf_nvic.c.o
LOAD _build/nrf52832_xxaa/nrf_soc.c.o
LOAD _build/nrf52832_xxaa/bsp.c.o
LOAD _build/nrf52832_xxaa/bsp_nfc.c.o
LOAD _build/nrf52832_xxaa/main.c.o
LOAD _build/nrf52832_xxaa/gcc_startup_nrf52.S.o
LOAD _build/nrf52832_xxaa/system_nrf52.c.o
LOAD _build/nrf52832_xxaa/nrf_log_backend_rtt.c.o
LOAD _build/nrf52832_xxaa/nrf_log_backend_serial.c.o
LOAD _build/nrf52832_xxaa/nrf_log_backend_uart.c.o
LOAD _build/nrf52832_xxaa/nrf_log_default_backends.c.o
LOAD _build/nrf52832_xxaa/nrf_log_str_formatter.c.o
LOAD _build/nrf52832_xxaa/nrf_fprintf.c.o
LOAD _build/nrf52832_xxaa/nrf_fprintf_format.c.o
LOAD _build/nrf52832_xxaa/nrf_drv_rng.c.o
LOAD _build/nrf52832_xxaa/nrf_queue.c.o
LOAD _build/nrf52832_xxaa/nrf_drv_spi.c.o
LOAD _build/nrf52832_xxaa/nrf_drv_uart.c.o
LOAD _build/nrf52832_xxaa/SEGGER_RTT.c.o
LOAD _build/nrf52832_xxaa/SEGGER_RTT_Syscalls_GCC.c.o
LOAD _build/nrf52832_xxaa/SEGGER_RTT_printf.c.o
LOAD _build/nrf52832_xxaa/nrf_drv_clock.c.o
LOAD _build/nrf52832_xxaa/hardfault_implementation.c.o
LOAD _build/nrf52832_xxaa/nrf_atfifo.c.o
LOAD _build/nrf52832_xxaa/nrf_pwr_mgmt.c.o
LOAD _build/nrf52832_xxaa/nrf_section_iter.c.o
LOAD _build/nrf52832_xxaa/sdk_mapped_flags.c.o
LOAD _build/nrf52832_xxaa/ble_conn_params.c.o
LOAD _build/nrf52832_xxaa/ble_conn_state.c.o
LOAD _build/nrf52832_xxaa/ble_srv_common.c.o
LOAD _build/nrf52832_xxaa/nrf_ble_gatt.c.o
LOAD _build/nrf52832_xxaa/ble_lbs.c.o
LOAD _build/nrf52832_xxaa/nrf_sdh.c.o
LOAD _build/nrf52832_xxaa/nrf_sdh_ble.c.o
LOAD _build/nrf52832_xxaa/nrf_sdh_soc.c.o
LOAD c:/program files (x86)/gnu tools arm embedded/7 2017-q4-major/bin/../lib/gcc/arm-none-eabi/7.2.1/../../../../arm-none-eabi/lib/thumb/v7e-m/fpv4-sp/hard\libc_nano.a
LOAD c:/program files (x86)/gnu tools arm embedded/7 2017-q4-major/bin/../lib/gcc/arm-none-eabi/7.2.1/../../../../arm-none-eabi/lib/thumb/v7e-m/fpv4-sp/hard\libnosys.a
LOAD c:/program files (x86)/gnu tools arm embedded/7 2017-q4-major/bin/../lib/gcc/arm-none-eabi/7.2.1/../../../../arm-none-eabi/lib/thumb/v7e-m/fpv4-sp/hard\libm.a
START GROUP
LOAD c:/program files (x86)/gnu tools arm embedded/7 2017-q4-major/bin/../lib/gcc/arm-none-eabi/7.2.1/thumb/v7e-m/fpv4-sp/hard\libgcc.a
LOAD c:/program files (x86)/gnu tools arm embedded/7 2017-q4-major/bin/../lib/gcc/arm-none-eabi/7.2.1/../../../../arm-none-eabi/lib/thumb/v7e-m/fpv4-sp/hard\libg_nano.a
LOAD c:/program files (x86)/gnu tools arm embedded/7 2017-q4-major/bin/../lib/gcc/arm-none-eabi/7.2.1/../../../../arm-none-eabi/lib/thumb/v7e-m/fpv4-sp/hard\libc_nano.a
END GROUP
START GROUP
LOAD c:/program files (x86)/gnu tools arm embedded/7 2017-q4-major/bin/../lib/gcc/arm-none-eabi/7.2.1/thumb/v7e-m/fpv4-sp/hard\libgcc.a
LOAD c:/program files (x86)/gnu tools arm embedded/7 2017-q4-major/bin/../lib/gcc/arm-none-eabi/7.2.1/../../../../arm-none-eabi/lib/thumb/v7e-m/fpv4-sp/hard\libc_nano.a
END GROUP
LOAD c:/program files (x86)/gnu tools arm embedded/7 2017-q4-major/bin/../lib/gcc/arm-none-eabi/7.2.1/thumb/v7e-m/fpv4-sp/hard/crtend.o
LOAD c:/program files (x86)/gnu tools arm embedded/7 2017-q4-major/bin/../lib/gcc/arm-none-eabi/7.2.1/thumb/v7e-m/fpv4-sp/hard/crtn.o
START GROUP
LOAD c:/program files (x86)/gnu tools arm embedded/7 2017-q4-major/bin/../lib/gcc/arm-none-eabi/7.2.1/thumb/v7e-m/fpv4-sp/hard\libgcc.a
LOAD c:/program files (x86)/gnu tools arm embedded/7 2017-q4-major/bin/../lib/gcc/arm-none-eabi/7.2.1/../../../../arm-none-eabi/lib/thumb/v7e-m/fpv4-sp/hard\libc.a
LOAD c:/program files (x86)/gnu tools arm embedded/7 2017-q4-major/bin/../lib/gcc/arm-none-eabi/7.2.1/../../../../arm-none-eabi/lib/thumb/v7e-m/fpv4-sp/hard\libnosys.a
END GROUP

.igot.plt       0x20002384        0x0 load address 0x0002f020
 .igot.plt      0x20002384        0x0 c:/program files (x86)/gnu tools arm embedded/7 2017-q4-major/bin/../lib/gcc/arm-none-eabi/7.2.1/thumb/v7e-m/fpv4-sp/hard/crtbegin.o
                0x20002384                . = ALIGN (0x4)

.mem_section_dummy_ram

.log_dynamic_data
                0x20002384       0x90 load address 0x0002f020
                0x20002384                PROVIDE (__start_log_dynamic_data, .)
 *(SORT_BY_NAME(.log_dynamic_data*))
 .log_dynamic_data_app
                0x20002384        0xc _build/nrf52832_xxaa/nrf_log_frontend.c.o
                0x20002384                m_nrf_log_app_logs_data_dynamic
 .log_dynamic_data_balloc
                0x20002390        0xc _build/nrf52832_xxaa/nrf_balloc.c.o
                0x20002390                m_nrf_log_balloc_logs_data_dynamic
 .log_dynamic_data_ble_gatt
                0x2000239c        0xc _build/nrf52832_xxaa/nrf_ble_gatt.c.o
                0x2000239c                m_nrf_log_ble_gatt_logs_data_dynamic
 .log_dynamic_data_clock
                0x200023a8        0xc _build/nrf52832_xxaa/nrf_drv_clock.c.o
                0x200023a8                m_nrf_log_clock_logs_data_dynamic
 .log_dynamic_data_gpiote
                0x200023b4        0xc _build/nrf52832_xxaa/nrf_drv_gpiote.c.o
                0x200023b4                m_nrf_log_gpiote_logs_data_dynamic
 .log_dynamic_data_nrf_sdh
                0x200023c0        0xc _build/nrf52832_xxaa/nrf_sdh.c.o
                0x200023c0                m_nrf_log_nrf_sdh_logs_data_dynamic
 .log_dynamic_data_nrf_sdh_ble
                0x200023cc        0xc _build/nrf52832_xxaa/nrf_sdh_ble.c.o
                0x200023cc                m_nrf_log_nrf_sdh_ble_logs_data_dynamic
 .log_dynamic_data_nrf_sdh_soc
                0x200023d8        0xc _build/nrf52832_xxaa/nrf_sdh_soc.c.o
                0x200023d8                m_nrf_log_nrf_sdh_soc_logs_data_dynamic
 .log_dynamic_data_pwr_mgmt
                0x200023e4        0xc _build/nrf52832_xxaa/nrf_pwr_mgmt.c.o
                0x200023e4                m_nrf_log_pwr_mgmt_logs_data_dynamic
 .log_dynamic_data_spi
                0x200023f0        0xc _build/nrf52832_xxaa/nrf_drv_spi.c.o
                0x200023f0                m_nrf_log_spi_logs_data_dynamic
 .log_dynamic_data_timer
                0x200023fc        0xc _build/nrf52832_xxaa/nrf_drv_timer.c.o
                0x200023fc                m_nrf_log_timer_logs_data_dynamic
 .log_dynamic_data_uart
                0x20002408        0xc _build/nrf52832_xxaa/nrf_drv_uart.c.o
                0x20002408                m_nrf_log_uart_logs_data_dynamic
                [!provide]                PROVIDE (__stop_log_dynamic_data, .)

.cli_sorted_cmd_ptrs
                0x20002414        0x0
                [!provide]                PROVIDE (__start_cli_sorted_cmd_ptrs, .)
 *(.cli_sorted_cmd_ptrs)
                [!provide]                PROVIDE (__stop_cli_sorted_cmd_ptrs, .)

.fs_data        0x20002414        0x0
                [!provide]                PROVIDE (__start_fs_data, .)
 *(.fs_data)
                [!provide]                PROVIDE (__stop_fs_data, .)

.bss            0x20002414      0x9a4 load address 0x0002f0b0
                0x20002414                . = ALIGN (0x4)
                0x20002414                __bss_start__ = .
 *(.bss*)
 .bss           0x20002414       0x1c c:/program files (x86)/gnu tools arm embedded/7 2017-q4-major/bin/../lib/gcc/arm-none-eabi/7.2.1/thumb/v7e-m/fpv4-sp/hard/crtbegin.o
 .bss.m_log_data
                0x20002430      0x420 _build/nrf52832_xxaa/nrf_log_frontend.c.o
 .bss.mempool_nrf_balloc_cb
                0x20002850        0x8 _build/nrf52832_xxaa/nrf_log_frontend.c.o
 .bss.mempool_nrf_balloc_pool_mem
                0x20002858       0xc0 _build/nrf52832_xxaa/nrf_log_frontend.c.o
 .bss.mempool_nrf_balloc_pool_stack
                0x20002918        0x8 _build/nrf52832_xxaa/nrf_log_frontend.c.o
 .bss.m_button_count
                0x20002920        0x1 _build/nrf52832_xxaa/app_button.c.o
 *fill*         0x20002921        0x3 
 .bss.m_detection_delay_timer_id_data
                0x20002924       0x20 _build/nrf52832_xxaa/app_button.c.o
 .bss.mp_buttons
                0x20002944        0x4 _build/nrf52832_xxaa/app_button.c.o
 .bss.m_queue_end_index
                0x20002948        0x1 _build/nrf52832_xxaa/app_scheduler.c.o
 *fill*         0x20002949        0x3 
 .bss.m_queue_event_data
                0x2000294c        0x4 _build/nrf52832_xxaa/app_scheduler.c.o
 .bss.m_queue_event_headers
                0x20002950        0x4 _build/nrf52832_xxaa/app_scheduler.c.o
 .bss.m_queue_event_size
                0x20002954        0x2 _build/nrf52832_xxaa/app_scheduler.c.o
 .bss.m_queue_size
                0x20002956        0x2 _build/nrf52832_xxaa/app_scheduler.c.o
 .bss.m_queue_start_index
                0x20002958        0x1 _build/nrf52832_xxaa/app_scheduler.c.o
 *fill*         0x20002959        0x3 
 .bss.m_op_queue
                0x2000295c      0x10c _build/nrf52832_xxaa/app_timer.c.o
 .bss.m_rtc1_reset
                0x20002a68        0x1 _build/nrf52832_xxaa/app_timer.c.o
 .bss.m_rtc1_running
                0x20002a69        0x1 _build/nrf52832_xxaa/app_timer.c.o
 *fill*         0x20002a6a        0x2 
 .bss.m_ticks_elapsed
                0x20002a6c        0x8 _build/nrf52832_xxaa/app_timer.c.o
 .bss.m_ticks_elapsed_q_read_ind
                0x20002a74        0x1 _build/nrf52832_xxaa/app_timer.c.o
 .bss.m_ticks_elapsed_q_write_ind
                0x20002a75        0x1 _build/nrf52832_xxaa/app_timer.c.o
 *fill*         0x20002a76        0x2 
 .bss.m_ticks_latest
                0x20002a78        0x4 _build/nrf52832_xxaa/app_timer.c.o
 .bss.mp_timer_id_head
                0x20002a7c        0x4 _build/nrf52832_xxaa/app_timer.c.o
 .bss.m_in_critical_region
                0x20002a80        0x4 _build/nrf52832_xxaa/app_util_platform.c.o
 .bss.m_cb      0x20002a84       0x58 _build/nrf52832_xxaa/nrf_drv_gpiote.c.o
 .bss.m_cb      0x20002adc        0xc _build/nrf52832_xxaa/nrf_drv_timer.c.o
 .bss.APP_SCHED_BUF.11863
                0x20002ae8       0xb0 _build/nrf52832_xxaa/main.c.o
 .bss.enemy_num
                0x20002b98        0x4 _build/nrf52832_xxaa/main.c.o
                0x20002b98                enemy_num
 .bss.experience
                0x20002b9c        0x4 _build/nrf52832_xxaa/main.c.o
                0x20002b9c                experience
 .bss.hit       0x20002ba0        0x1 _build/nrf52832_xxaa/main.c.o
                0x20002ba0                hit
 *fill*         0x20002ba1        0x3 
 .bss.m_gatt    0x20002ba4       0x14 _build/nrf52832_xxaa/main.c.o
 .bss.m_lbs     0x20002bb8       0x18 _build/nrf52832_xxaa/main.c.o
 .bss.m_led_a_timer_id_data
                0x20002bd0       0x20 _build/nrf52832_xxaa/main.c.o
 .bss.rx_data   0x20002bf0        0x1 _build/nrf52832_xxaa/main.c.o
 *fill*         0x20002bf1        0x3 
 .bss.select    0x20002bf4        0x4 _build/nrf52832_xxaa/main.c.o
                0x20002bf4                select
 .bss.st7586_spi_xfer_done
                0x20002bf8        0x1 _build/nrf52832_xxaa/main.c.o
 *fill*         0x20002bf9        0x3 
 .bss.state     0x20002bfc        0x4 _build/nrf52832_xxaa/main.c.o
                0x20002bfc                state
 .bss.state_temp
                0x20002c00        0x4 _build/nrf52832_xxaa/main.c.o
                0x20002c00                state_temp
 .bss.m_async_mode
                0x20002c04        0x1 _build/nrf52832_xxaa/nrf_log_backend_uart.c.o
 *fill*         0x20002c05        0x3 
 .bss.m_string_buff
                0x20002c08       0x40 _build/nrf52832_xxaa/nrf_log_backend_uart.c.o
 .bss.m_xfer_done
                0x20002c48        0x1 _build/nrf52832_xxaa/nrf_log_backend_uart.c.o
 *fill*         0x20002c49        0x3 
 .bss.m_cb      0x20002c4c       0x24 _build/nrf52832_xxaa/nrf_drv_spi.c.o
 .bss.m_cb      0x20002c70       0x20 _build/nrf52832_xxaa/nrf_drv_uart.c.o
 .bss.m_clock_cb
                0x20002c90       0x14 _build/nrf52832_xxaa/nrf_drv_clock.c.o
 .bss.m_conn_params_config
                0x20002ca4       0x1c _build/nrf52832_xxaa/ble_conn_params.c.o
 .bss.m_conn_params_instances
                0x20002cc0       0x14 _build/nrf52832_xxaa/ble_conn_params.c.o
 .bss.m_preferred_conn_params
                0x20002cd4        0x8 _build/nrf52832_xxaa/ble_conn_params.c.o
 .bss.m_timer_data
                0x20002cdc       0x20 _build/nrf52832_xxaa/ble_conn_params.c.o
 .bss.m_bcs     0x20002cfc       0xb8 _build/nrf52832_xxaa/ble_conn_state.c.o
 .bss.m_nrf_sdh_continue
                0x20002db4        0x1 _build/nrf52832_xxaa/nrf_sdh.c.o
 .bss.m_nrf_sdh_enabled
                0x20002db5        0x1 _build/nrf52832_xxaa/nrf_sdh.c.o
 .bss.m_nrf_sdh_suspended
                0x20002db6        0x1 _build/nrf52832_xxaa/nrf_sdh.c.o
 *(COMMON)
                0x20002db8                . = ALIGN (0x4)
 *fill*         0x20002db7        0x1 
                0x20002db8                __bss_end__ = .

.heap           0x20002db8     0x2000
                0x20002db8                __HeapBase = .
                0x20002db8                __end__ = .
                [!provide]                PROVIDE (end, .)
 *(.heap*)
 .heap          0x20002db8     0x2000 _build/nrf52832_xxaa/gcc_startup_nrf52.S.o
                0x20004db8                __HeapLimit = .

.stack_dummy    0x20002db8     0x2000
 *(.stack*)
 .stack         0x20002db8     0x2000 _build/nrf52832_xxaa/gcc_startup_nrf52.S.o
                0x20010000                __StackTop = (ORIGIN (RAM) + LENGTH (RAM))
                0x2000e000                __StackLimit = (__StackTop - SIZEOF (.stack_dummy))
                0x20010000                PROVIDE (__stack, __StackTop)
                0x00000001                ASSERT ((__StackLimit >= __HeapLimit), region RAM overflowed with stack)
                0x00000294                DataInitFlashUsed = (__bss_start__ - __data_start__)
                0x0000be1c                CodeFlashUsed = (__etext - ORIGIN (FLASH))
                0x0000c0b0                TotalFlashUsed = (CodeFlashUsed + DataInitFlashUsed)
                0x00000001                ASSERT ((TotalFlashUsed <= LENGTH (FLASH)), region FLASH overflowed with .data and user data)
OUTPUT(_build/nrf52832_xxaa.out elf32-littlearm)

.ARM.attributes
                0x00000000       0x30
 .ARM.attributes
                0x00000000       0x22 c:/program files (x86)/gnu tools arm embedded/7 2017-q4-major/bin/../lib/gcc/arm-none-eabi/7.2.1/thumb/v7e-m/fpv4-sp/hard/crti.o
 .ARM.attributes
                0x00000022       0x34 c:/program files (x86)/gnu tools arm embedded/7 2017-q4-major/bin/../lib/gcc/arm-none-eabi/7.2.1/thumb/v7e-m/fpv4-sp/hard/crtbegin.o
 .ARM.attributes
                0x00000056       0x20 c:/program files (x86)/gnu tools arm embedded/7 2017-q4-major/bin/../lib/gcc/arm-none-eabi/7.2.1/../../../../arm-none-eabi/lib/thumb/v7e-m/fpv4-sp/hard/crt0.o
 .ARM.attributes
                0x00000076       0x39 _build/nrf52832_xxaa/nrf_log_frontend.c.o
 .ARM.attributes
                0x000000af       0x39 _build/nrf52832_xxaa/boards.c.o
 .ARM.attributes
                0x000000e8       0x39 _build/nrf52832_xxaa/app_button.c.o
 .ARM.attributes
                0x00000121       0x39 _build/nrf52832_xxaa/app_error.c.o
 .ARM.attributes
                0x0000015a       0x39 _build/nrf52832_xxaa/app_error_weak.c.o
 .ARM.attributes
                0x00000193       0x39 _build/nrf52832_xxaa/app_scheduler.c.o
 .ARM.attributes
                0x000001cc       0x39 _build/nrf52832_xxaa/app_timer.c.o
 .ARM.attributes
                0x00000205       0x39 _build/nrf52832_xxaa/app_util_platform.c.o
 .ARM.attributes
                0x0000023e       0x39 _build/nrf52832_xxaa/nrf_balloc.c.o
 .ARM.attributes
                0x00000277       0x39 _build/nrf52832_xxaa/nrf_memobj.c.o
 .ARM.attributes
                0x000002b0       0x39 _build/nrf52832_xxaa/nrf_drv_common.c.o
 .ARM.attributes
                0x000002e9       0x39 _build/nrf52832_xxaa/nrf_drv_gpiote.c.o
 .ARM.attributes
                0x00000322       0x39 _build/nrf52832_xxaa/nrf_drv_timer.c.o
 .ARM.attributes
                0x0000035b       0x39 _build/nrf52832_xxaa/main.c.o
 .ARM.attributes
                0x00000394       0x20 _build/nrf52832_xxaa/gcc_startup_nrf52.S.o
 .ARM.attributes
                0x000003b4       0x39 _build/nrf52832_xxaa/system_nrf52.c.o
 .ARM.attributes
                0x000003ed       0x39 _build/nrf52832_xxaa/nrf_log_backend_serial.c.o
 .ARM.attributes
                0x00000426       0x39 _build/nrf52832_xxaa/nrf_log_backend_uart.c.o
 .ARM.attributes
                0x0000045f       0x39 _build/nrf52832_xxaa/nrf_log_default_backends.c.o
 .ARM.attributes
                0x00000498       0x39 _build/nrf52832_xxaa/nrf_log_str_formatter.c.o
 .ARM.attributes
                0x000004d1       0x39 _build/nrf52832_xxaa/nrf_fprintf.c.o
 .ARM.attributes
                0x0000050a       0x39 _build/nrf52832_xxaa/nrf_fprintf_format.c.o
 .ARM.attributes
                0x00000543       0x39 _build/nrf52832_xxaa/nrf_drv_spi.c.o
 .ARM.attributes
                0x0000057c       0x39 _build/nrf52832_xxaa/nrf_drv_uart.c.o
 .ARM.attributes
                0x000005b5       0x39 _build/nrf52832_xxaa/nrf_drv_clock.c.o
 .ARM.attributes
                0x000005ee       0x39 _build/nrf52832_xxaa/nrf_pwr_mgmt.c.o
 .ARM.attributes
                0x00000627       0x39 _build/nrf52832_xxaa/nrf_section_iter.c.o
 .ARM.attributes
                0x00000660       0x39 _build/nrf52832_xxaa/sdk_mapped_flags.c.o
 .ARM.attributes
                0x00000699       0x39 _build/nrf52832_xxaa/ble_conn_params.c.o
 .ARM.attributes
                0x000006d2       0x39 _build/nrf52832_xxaa/ble_conn_state.c.o
 .ARM.attributes
                0x0000070b       0x39 _build/nrf52832_xxaa/ble_srv_common.c.o
 .ARM.attributes
                0x00000744       0x39 _build/nrf52832_xxaa/nrf_ble_gatt.c.o
 .ARM.attributes
                0x0000077d       0x39 _build/nrf52832_xxaa/ble_lbs.c.o
 .ARM.attributes
                0x000007b6       0x39 _build/nrf52832_xxaa/nrf_sdh.c.o
 .ARM.attributes
                0x000007ef       0x39 _build/nrf52832_xxaa/nrf_sdh_ble.c.o
 .ARM.attributes
                0x00000828       0x39 _build/nrf52832_xxaa/nrf_sdh_soc.c.o
 .ARM.attributes
                0x00000861       0x34 c:/program files (x86)/gnu tools arm embedded/7 2017-q4-major/bin/../lib/gcc/arm-none-eabi/7.2.1/../../../../arm-none-eabi/lib/thumb/v7e-m/fpv4-sp/hard\libc_nano.a(lib_a-exit.o)
 .ARM.attributes
                0x00000895       0x34 c:/program files (x86)/gnu tools arm embedded/7 2017-q4-major/bin/../lib/gcc/arm-none-eabi/7.2.1/../../../../arm-none-eabi/lib/thumb/v7e-m/fpv4-sp/hard\libc_nano.a(lib_a-impure.o)
 .ARM.attributes
                0x000008c9       0x34 c:/program files (x86)/gnu tools arm embedded/7 2017-q4-major/bin/../lib/gcc/arm-none-eabi/7.2.1/../../../../arm-none-eabi/lib/thumb/v7e-m/fpv4-sp/hard\libc_nano.a(lib_a-init.o)
 .ARM.attributes
                0x000008fd       0x34 c:/program files (x86)/gnu tools arm embedded/7 2017-q4-major/bin/../lib/gcc/arm-none-eabi/7.2.1/../../../../arm-none-eabi/lib/thumb/v7e-m/fpv4-sp/hard\libc_nano.a(lib_a-locale.o)
 .ARM.attributes
                0x00000931       0x34 c:/program files (x86)/gnu tools arm embedded/7 2017-q4-major/bin/../lib/gcc/arm-none-eabi/7.2.1/../../../../arm-none-eabi/lib/thumb/v7e-m/fpv4-sp/hard\libc_nano.a(lib_a-mbtowc_r.o)
 .ARM.attributes
                0x00000965       0x34 c:/program files (x86)/gnu tools arm embedded/7 2017-q4-major/bin/../lib/gcc/arm-none-eabi/7.2.1/../../../../arm-none-eabi/lib/thumb/v7e-m/fpv4-sp/hard\libc_nano.a(lib_a-memcpy-stub.o)
 .ARM.attributes
                0x00000999       0x34 c:/program files (x86)/gnu tools arm embedded/7 2017-q4-major/bin/../lib/gcc/arm-none-eabi/7.2.1/../../../../arm-none-eabi/lib/thumb/v7e-m/fpv4-sp/hard\libc_nano.a(lib_a-memset.o)
 .ARM.attributes
                0x000009cd       0x1b c:/program files (x86)/gnu tools arm embedded/7 2017-q4-major/bin/../lib/gcc/arm-none-eabi/7.2.1/../../../../arm-none-eabi/lib/thumb/v7e-m/fpv4-sp/hard\libc_nano.a(lib_a-strlen.o)
 .ARM.attributes
                0x000009e8       0x34 c:/program files (x86)/gnu tools arm embedded/7 2017-q4-major/bin/../lib/gcc/arm-none-eabi/7.2.1/../../../../arm-none-eabi/lib/thumb/v7e-m/fpv4-sp/hard\libc_nano.a(lib_a-wctomb_r.o)
 .ARM.attributes
                0x00000a1c       0x34 c:/program files (x86)/gnu tools arm embedded/7 2017-q4-major/bin/../lib/gcc/arm-none-eabi/7.2.1/../../../../arm-none-eabi/lib/thumb/v7e-m/fpv4-sp/hard\libc_nano.a(lib_a-ctype_.o)
 .ARM.attributes
                0x00000a50       0x34 c:/program files (x86)/gnu tools arm embedded/7 2017-q4-major/bin/../lib/gcc/arm-none-eabi/7.2.1/../../../../arm-none-eabi/lib/thumb/v7e-m/fpv4-sp/hard\libnosys.a(_exit.o)
 .ARM.attributes
                0x00000a84       0x34 c:/program files (x86)/gnu tools arm embedded/7 2017-q4-major/bin/../lib/gcc/arm-none-eabi/7.2.1/thumb/v7e-m/fpv4-sp/hard/crtend.o
 .ARM.attributes
                0x00000ab8       0x22 c:/program files (x86)/gnu tools arm embedded/7 2017-q4-major/bin/../lib/gcc/arm-none-eabi/7.2.1/thumb/v7e-m/fpv4-sp/hard/crtn.o

.comment        0x00000000       0x7e
 .comment       0x00000000       0x7e _build/nrf52832_xxaa/nrf_log_frontend.c.o
                                 0x7f (size before relaxing)
 .comment       0x0000007e       0x7f _build/nrf52832_xxaa/boards.c.o
 .comment       0x0000007e       0x7f _build/nrf52832_xxaa/app_button.c.o
 .comment       0x0000007e       0x7f _build/nrf52832_xxaa/app_error.c.o
 .comment       0x0000007e       0x7f _build/nrf52832_xxaa/app_error_weak.c.o
 .comment       0x0000007e       0x7f _build/nrf52832_xxaa/app_scheduler.c.o
 .comment       0x0000007e       0x7f _build/nrf52832_xxaa/app_timer.c.o
 .comment       0x0000007e       0x7f _build/nrf52832_xxaa/app_util_platform.c.o
 .comment       0x0000007e       0x7f _build/nrf52832_xxaa/nrf_balloc.c.o
 .comment       0x0000007e       0x7f _build/nrf52832_xxaa/nrf_memobj.c.o
 .comment       0x0000007e       0x7f _build/nrf52832_xxaa/nrf_drv_common.c.o
 .comment       0x0000007e       0x7f _build/nrf52832_xxaa/nrf_drv_gpiote.c.o
 .comment       0x0000007e       0x7f _build/nrf52832_xxaa/nrf_drv_timer.c.o
 .comment       0x0000007e       0x7f _build/nrf52832_xxaa/main.c.o
 .comment       0x0000007e       0x7f _build/nrf52832_xxaa/system_nrf52.c.o
 .comment       0x0000007e       0x7f _build/nrf52832_xxaa/nrf_log_backend_serial.c.o
 .comment       0x0000007e       0x7f _build/nrf52832_xxaa/nrf_log_backend_uart.c.o
 .comment       0x0000007e       0x7f _build/nrf52832_xxaa/nrf_log_default_backends.c.o
 .comment       0x0000007e       0x7f _build/nrf52832_xxaa/nrf_log_str_formatter.c.o
 .comment       0x0000007e       0x7f _build/nrf52832_xxaa/nrf_fprintf.c.o
 .comment       0x0000007e       0x7f _build/nrf52832_xxaa/nrf_fprintf_format.c.o
 .comment       0x0000007e       0x7f _build/nrf52832_xxaa/nrf_drv_spi.c.o
 .comment       0x0000007e       0x7f _build/nrf52832_xxaa/nrf_drv_uart.c.o
 .comment       0x0000007e       0x7f _build/nrf52832_xxaa/nrf_drv_clock.c.o
 .comment       0x0000007e       0x7f _build/nrf52832_xxaa/nrf_pwr_mgmt.c.o
 .comment       0x0000007e       0x7f _build/nrf52832_xxaa/nrf_section_iter.c.o
 .comment       0x0000007e       0x7f _build/nrf52832_xxaa/sdk_mapped_flags.c.o
 .comment       0x0000007e       0x7f _build/nrf52832_xxaa/ble_conn_params.c.o
 .comment       0x0000007e       0x7f _build/nrf52832_xxaa/ble_conn_state.c.o
 .comment       0x0000007e       0x7f _build/nrf52832_xxaa/ble_srv_common.c.o
 .comment       0x0000007e       0x7f _build/nrf52832_xxaa/nrf_ble_gatt.c.o
 .comment       0x0000007e       0x7f _build/nrf52832_xxaa/ble_lbs.c.o
 .comment       0x0000007e       0x7f _build/nrf52832_xxaa/nrf_sdh.c.o
 .comment       0x0000007e       0x7f _build/nrf52832_xxaa/nrf_sdh_ble.c.o
 .comment       0x0000007e       0x7f _build/nrf52832_xxaa/nrf_sdh_soc.c.o

.debug_info     0x00000000    0x54d2b
 .debug_info    0x00000000     0x3b8d _build/nrf52832_xxaa/nrf_log_frontend.c.o
 .debug_info    0x00003b8d     0x1405 _build/nrf52832_xxaa/boards.c.o
 .debug_info    0x00004f92      0xe40 _build/nrf52832_xxaa/app_button.c.o
 .debug_info    0x00005dd2      0xb58 _build/nrf52832_xxaa/app_error.c.o
 .debug_info    0x0000692a      0xc6a _build/nrf52832_xxaa/app_error_weak.c.o
 .debug_info    0x00007594      0xce2 _build/nrf52832_xxaa/app_scheduler.c.o
 .debug_info    0x00008276     0x2304 _build/nrf52832_xxaa/app_timer.c.o
 .debug_info    0x0000a57a      0xfa6 _build/nrf52832_xxaa/app_util_platform.c.o
 .debug_info    0x0000b520      0xc62 _build/nrf52832_xxaa/nrf_balloc.c.o
 .debug_info    0x0000c182     0x122d _build/nrf52832_xxaa/nrf_memobj.c.o
 .debug_info    0x0000d3af      0xe82 _build/nrf52832_xxaa/nrf_drv_common.c.o
 .debug_info    0x0000e231     0x3071 _build/nrf52832_xxaa/nrf_drv_gpiote.c.o
 .debug_info    0x000112a2     0x1e71 _build/nrf52832_xxaa/nrf_drv_timer.c.o
 .debug_info    0x00013113    0x1dbd2 _build/nrf52832_xxaa/main.c.o
 .debug_info    0x00030ce5       0x26 _build/nrf52832_xxaa/gcc_startup_nrf52.S.o
 .debug_info    0x00030d0b     0x10fe _build/nrf52832_xxaa/system_nrf52.c.o
 .debug_info    0x00031e09     0x1006 _build/nrf52832_xxaa/nrf_log_backend_serial.c.o
 .debug_info    0x00032e0f     0x1761 _build/nrf52832_xxaa/nrf_log_backend_uart.c.o
 .debug_info    0x00034570      0xb50 _build/nrf52832_xxaa/nrf_log_default_backends.c.o
 .debug_info    0x000350c0     0x101b _build/nrf52832_xxaa/nrf_log_str_formatter.c.o
 .debug_info    0x000360db      0xa92 _build/nrf52832_xxaa/nrf_fprintf.c.o
 .debug_info    0x00036b6d     0x11df _build/nrf52832_xxaa/nrf_fprintf_format.c.o
 .debug_info    0x00037d4c     0x2bea _build/nrf52832_xxaa/nrf_drv_spi.c.o
 .debug_info    0x0003a936     0x4c1a _build/nrf52832_xxaa/nrf_drv_uart.c.o
 .debug_info    0x0003f550     0x1a22 _build/nrf52832_xxaa/nrf_drv_clock.c.o
 .debug_info    0x00040f72     0x18ca _build/nrf52832_xxaa/nrf_pwr_mgmt.c.o
 .debug_info    0x0004283c      0xa0b _build/nrf52832_xxaa/nrf_section_iter.c.o
 .debug_info    0x00043247      0x623 _build/nrf52832_xxaa/sdk_mapped_flags.c.o
 .debug_info    0x0004386a     0x2e4a _build/nrf52832_xxaa/ble_conn_params.c.o
 .debug_info    0x000466b4     0x29b0 _build/nrf52832_xxaa/ble_conn_state.c.o
 .debug_info    0x00049064     0x150a _build/nrf52832_xxaa/ble_srv_common.c.o
 .debug_info    0x0004a56e     0x2cad _build/nrf52832_xxaa/nrf_ble_gatt.c.o
 .debug_info    0x0004d21b     0x2841 _build/nrf52832_xxaa/ble_lbs.c.o
 .debug_info    0x0004fa5c     0x1be7 _build/nrf52832_xxaa/nrf_sdh.c.o
 .debug_info    0x00051643     0x2916 _build/nrf52832_xxaa/nrf_sdh_ble.c.o
 .debug_info    0x00053f59      0xdd2 _build/nrf52832_xxaa/nrf_sdh_soc.c.o

.debug_abbrev   0x00000000     0x7d07
 .debug_abbrev  0x00000000      0x560 _build/nrf52832_xxaa/nrf_log_frontend.c.o
 .debug_abbrev  0x00000560      0x384 _build/nrf52832_xxaa/boards.c.o
 .debug_abbrev  0x000008e4      0x2b5 _build/nrf52832_xxaa/app_button.c.o
 .debug_abbrev  0x00000b99      0x235 _build/nrf52832_xxaa/app_error.c.o
 .debug_abbrev  0x00000dce      0x260 _build/nrf52832_xxaa/app_error_weak.c.o
 .debug_abbrev  0x0000102e      0x33a _build/nrf52832_xxaa/app_scheduler.c.o
 .debug_abbrev  0x00001368      0x470 _build/nrf52832_xxaa/app_timer.c.o
 .debug_abbrev  0x000017d8      0x326 _build/nrf52832_xxaa/app_util_platform.c.o
 .debug_abbrev  0x00001afe      0x2d9 _build/nrf52832_xxaa/nrf_balloc.c.o
 .debug_abbrev  0x00001dd7      0x397 _build/nrf52832_xxaa/nrf_memobj.c.o
 .debug_abbrev  0x0000216e      0x287 _build/nrf52832_xxaa/nrf_drv_common.c.o
 .debug_abbrev  0x000023f5      0x529 _build/nrf52832_xxaa/nrf_drv_gpiote.c.o
 .debug_abbrev  0x0000291e      0x477 _build/nrf52832_xxaa/nrf_drv_timer.c.o
 .debug_abbrev  0x00002d95      0x702 _build/nrf52832_xxaa/main.c.o
 .debug_abbrev  0x00003497       0x14 _build/nrf52832_xxaa/gcc_startup_nrf52.S.o
 .debug_abbrev  0x000034ab      0x1e2 _build/nrf52832_xxaa/system_nrf52.c.o
 .debug_abbrev  0x0000368d      0x27f _build/nrf52832_xxaa/nrf_log_backend_serial.c.o
 .debug_abbrev  0x0000390c      0x353 _build/nrf52832_xxaa/nrf_log_backend_uart.c.o
 .debug_abbrev  0x00003c5f      0x256 _build/nrf52832_xxaa/nrf_log_default_backends.c.o
 .debug_abbrev  0x00003eb5      0x29d _build/nrf52832_xxaa/nrf_log_str_formatter.c.o
 .debug_abbrev  0x00004152      0x239 _build/nrf52832_xxaa/nrf_fprintf.c.o
 .debug_abbrev  0x0000438b      0x352 _build/nrf52832_xxaa/nrf_fprintf_format.c.o
 .debug_abbrev  0x000046dd      0x4a8 _build/nrf52832_xxaa/nrf_drv_spi.c.o
 .debug_abbrev  0x00004b85      0x47b _build/nrf52832_xxaa/nrf_drv_uart.c.o
 .debug_abbrev  0x00005000      0x4f7 _build/nrf52832_xxaa/nrf_drv_clock.c.o
 .debug_abbrev  0x000054f7      0x41e _build/nrf52832_xxaa/nrf_pwr_mgmt.c.o
 .debug_abbrev  0x00005915      0x1da _build/nrf52832_xxaa/nrf_section_iter.c.o
 .debug_abbrev  0x00005aef      0x237 _build/nrf52832_xxaa/sdk_mapped_flags.c.o
 .debug_abbrev  0x00005d26      0x4fb _build/nrf52832_xxaa/ble_conn_params.c.o
 .debug_abbrev  0x00006221      0x447 _build/nrf52832_xxaa/ble_conn_state.c.o
 .debug_abbrev  0x00006668      0x34f _build/nrf52832_xxaa/ble_srv_common.c.o
 .debug_abbrev  0x000069b7      0x433 _build/nrf52832_xxaa/nrf_ble_gatt.c.o
 .debug_abbrev  0x00006dea      0x38d _build/nrf52832_xxaa/ble_lbs.c.o
 .debug_abbrev  0x00007177      0x4f1 _build/nrf52832_xxaa/nrf_sdh.c.o
 .debug_abbrev  0x00007668      0x3dd _build/nrf52832_xxaa/nrf_sdh_ble.c.o
 .debug_abbrev  0x00007a45      0x2c2 _build/nrf52832_xxaa/nrf_sdh_soc.c.o

.debug_loc      0x00000000    0x14d3d
 .debug_loc     0x00000000     0x3201 _build/nrf52832_xxaa/nrf_log_frontend.c.o
 .debug_loc     0x00003201      0x845 _build/nrf52832_xxaa/boards.c.o
 .debug_loc     0x00003a46      0x3c1 _build/nrf52832_xxaa/app_button.c.o
 .debug_loc     0x00003e07      0x145 _build/nrf52832_xxaa/app_error.c.o
 .debug_loc     0x00003f4c       0x63 _build/nrf52832_xxaa/app_error_weak.c.o
 .debug_loc     0x00003faf      0x25a _build/nrf52832_xxaa/app_scheduler.c.o
 .debug_loc     0x00004209      0xe0d _build/nrf52832_xxaa/app_timer.c.o
 .debug_loc     0x00005016       0xc3 _build/nrf52832_xxaa/app_util_platform.c.o
 .debug_loc     0x000050d9      0x21b _build/nrf52832_xxaa/nrf_balloc.c.o
 .debug_loc     0x000052f4      0xa3b _build/nrf52832_xxaa/nrf_memobj.c.o
 .debug_loc     0x00005d2f       0xd7 _build/nrf52832_xxaa/nrf_drv_common.c.o
 .debug_loc     0x00005e06     0x24ec _build/nrf52832_xxaa/nrf_drv_gpiote.c.o
 .debug_loc     0x000082f2      0x80f _build/nrf52832_xxaa/nrf_drv_timer.c.o
 .debug_loc     0x00008b01     0x3f12 _build/nrf52832_xxaa/main.c.o
 .debug_loc     0x0000ca13      0x160 _build/nrf52832_xxaa/nrf_log_backend_serial.c.o
 .debug_loc     0x0000cb73      0x153 _build/nrf52832_xxaa/nrf_log_backend_uart.c.o
 .debug_loc     0x0000ccc6       0x15 _build/nrf52832_xxaa/nrf_log_default_backends.c.o
 .debug_loc     0x0000ccdb      0x544 _build/nrf52832_xxaa/nrf_log_str_formatter.c.o
 .debug_loc     0x0000d21f       0x4a _build/nrf52832_xxaa/nrf_fprintf.c.o
 .debug_loc     0x0000d269      0xf2c _build/nrf52832_xxaa/nrf_fprintf_format.c.o
 .debug_loc     0x0000e195     0x10cd _build/nrf52832_xxaa/nrf_drv_spi.c.o
 .debug_loc     0x0000f262     0x2889 _build/nrf52832_xxaa/nrf_drv_uart.c.o
 .debug_loc     0x00011aeb      0x408 _build/nrf52832_xxaa/nrf_drv_clock.c.o
 .debug_loc     0x00011ef3       0xf4 _build/nrf52832_xxaa/nrf_pwr_mgmt.c.o
 .debug_loc     0x00011fe7      0x512 _build/nrf52832_xxaa/sdk_mapped_flags.c.o
 .debug_loc     0x000124f9      0xb45 _build/nrf52832_xxaa/ble_conn_params.c.o
 .debug_loc     0x0001303e      0x4ab _build/nrf52832_xxaa/ble_conn_state.c.o
 .debug_loc     0x000134e9      0x545 _build/nrf52832_xxaa/ble_srv_common.c.o
 .debug_loc     0x00013a2e      0xb45 _build/nrf52832_xxaa/nrf_ble_gatt.c.o
 .debug_loc     0x00014573      0x2dc _build/nrf52832_xxaa/ble_lbs.c.o
 .debug_loc     0x0001484f      0x2a5 _build/nrf52832_xxaa/nrf_sdh.c.o
 .debug_loc     0x00014af4      0x1d5 _build/nrf52832_xxaa/nrf_sdh_ble.c.o
 .debug_loc     0x00014cc9       0x74 _build/nrf52832_xxaa/nrf_sdh_soc.c.o

.debug_aranges  0x00000000      0xd08
 .debug_aranges
                0x00000000       0xc0 _build/nrf52832_xxaa/nrf_log_frontend.c.o
 .debug_aranges
                0x000000c0       0x80 _build/nrf52832_xxaa/boards.c.o
 .debug_aranges
                0x00000140       0x48 _build/nrf52832_xxaa/app_button.c.o
 .debug_aranges
                0x00000188       0x30 _build/nrf52832_xxaa/app_error.c.o
 .debug_aranges
                0x000001b8       0x20 _build/nrf52832_xxaa/app_error_weak.c.o
 .debug_aranges
                0x000001d8       0x38 _build/nrf52832_xxaa/app_scheduler.c.o
 .debug_aranges
                0x00000210       0x70 _build/nrf52832_xxaa/app_timer.c.o
 .debug_aranges
                0x00000280       0x48 _build/nrf52832_xxaa/app_util_platform.c.o
 .debug_aranges
                0x000002c8       0x30 _build/nrf52832_xxaa/nrf_balloc.c.o
 .debug_aranges
                0x000002f8       0x50 _build/nrf52832_xxaa/nrf_memobj.c.o
 .debug_aranges
                0x00000348       0x28 _build/nrf52832_xxaa/nrf_drv_common.c.o
 .debug_aranges
                0x00000370       0xd8 _build/nrf52832_xxaa/nrf_drv_gpiote.c.o
 .debug_aranges
                0x00000448       0x88 _build/nrf52832_xxaa/nrf_drv_timer.c.o
 .debug_aranges
                0x000004d0      0x1f0 _build/nrf52832_xxaa/main.c.o
 .debug_aranges
                0x000006c0       0x20 _build/nrf52832_xxaa/gcc_startup_nrf52.S.o
 .debug_aranges
                0x000006e0       0x28 _build/nrf52832_xxaa/system_nrf52.c.o
 .debug_aranges
                0x00000708       0x20 _build/nrf52832_xxaa/nrf_log_backend_serial.c.o
 .debug_aranges
                0x00000728       0x48 _build/nrf52832_xxaa/nrf_log_backend_uart.c.o
 .debug_aranges
                0x00000770       0x20 _build/nrf52832_xxaa/nrf_log_default_backends.c.o
 .debug_aranges
                0x00000790       0x28 _build/nrf52832_xxaa/nrf_log_str_formatter.c.o
 .debug_aranges
                0x000007b8       0x28 _build/nrf52832_xxaa/nrf_fprintf.c.o
 .debug_aranges
                0x000007e0       0x28 _build/nrf52832_xxaa/nrf_fprintf_format.c.o
 .debug_aranges
                0x00000808       0x58 _build/nrf52832_xxaa/nrf_drv_spi.c.o
 .debug_aranges
                0x00000860       0x78 _build/nrf52832_xxaa/nrf_drv_uart.c.o
 .debug_aranges
                0x000008d8       0x80 _build/nrf52832_xxaa/nrf_drv_clock.c.o
 .debug_aranges
                0x00000958       0x38 _build/nrf52832_xxaa/nrf_pwr_mgmt.c.o
 .debug_aranges
                0x00000990       0x28 _build/nrf52832_xxaa/nrf_section_iter.c.o
 .debug_aranges
                0x000009b8       0x50 _build/nrf52832_xxaa/sdk_mapped_flags.c.o
 .debug_aranges
                0x00000a08       0x60 _build/nrf52832_xxaa/ble_conn_params.c.o
 .debug_aranges
                0x00000a68       0xa8 _build/nrf52832_xxaa/ble_conn_state.c.o
 .debug_aranges
                0x00000b10       0x58 _build/nrf52832_xxaa/ble_srv_common.c.o
 .debug_aranges
                0x00000b68       0x68 _build/nrf52832_xxaa/nrf_ble_gatt.c.o
 .debug_aranges
                0x00000bd0       0x50 _build/nrf52832_xxaa/ble_lbs.c.o
 .debug_aranges
                0x00000c20       0x70 _build/nrf52832_xxaa/nrf_sdh.c.o
 .debug_aranges
                0x00000c90       0x50 _build/nrf52832_xxaa/nrf_sdh_ble.c.o
 .debug_aranges
                0x00000ce0       0x28 _build/nrf52832_xxaa/nrf_sdh_soc.c.o

.debug_ranges   0x00000000     0x49c0
 .debug_ranges  0x00000000      0x8a8 _build/nrf52832_xxaa/nrf_log_frontend.c.o
 .debug_ranges  0x000008a8      0x178 _build/nrf52832_xxaa/boards.c.o
 .debug_ranges  0x00000a20       0x98 _build/nrf52832_xxaa/app_button.c.o
 .debug_ranges  0x00000ab8       0x20 _build/nrf52832_xxaa/app_error.c.o
 .debug_ranges  0x00000ad8       0x10 _build/nrf52832_xxaa/app_error_weak.c.o
 .debug_ranges  0x00000ae8       0xc0 _build/nrf52832_xxaa/app_scheduler.c.o
 .debug_ranges  0x00000ba8      0x498 _build/nrf52832_xxaa/app_timer.c.o
 .debug_ranges  0x00001040       0x50 _build/nrf52832_xxaa/app_util_platform.c.o
 .debug_ranges  0x00001090       0x38 _build/nrf52832_xxaa/nrf_balloc.c.o
 .debug_ranges  0x000010c8       0xa8 _build/nrf52832_xxaa/nrf_memobj.c.o
 .debug_ranges  0x00001170       0x38 _build/nrf52832_xxaa/nrf_drv_common.c.o
 .debug_ranges  0x000011a8      0xa60 _build/nrf52832_xxaa/nrf_drv_gpiote.c.o
 .debug_ranges  0x00001c08      0x1e0 _build/nrf52832_xxaa/nrf_drv_timer.c.o
 .debug_ranges  0x00001de8      0xf18 _build/nrf52832_xxaa/main.c.o
 .debug_ranges  0x00002d00      0x150 _build/nrf52832_xxaa/system_nrf52.c.o
 .debug_ranges  0x00002e50       0x28 _build/nrf52832_xxaa/nrf_log_backend_serial.c.o
 .debug_ranges  0x00002e78       0x80 _build/nrf52832_xxaa/nrf_log_backend_uart.c.o
 .debug_ranges  0x00002ef8       0x10 _build/nrf52832_xxaa/nrf_log_default_backends.c.o
 .debug_ranges  0x00002f08       0xe8 _build/nrf52832_xxaa/nrf_log_str_formatter.c.o
 .debug_ranges  0x00002ff0       0x18 _build/nrf52832_xxaa/nrf_fprintf.c.o
 .debug_ranges  0x00003008      0x1e8 _build/nrf52832_xxaa/nrf_fprintf_format.c.o
 .debug_ranges  0x000031f0      0x378 _build/nrf52832_xxaa/nrf_drv_spi.c.o
 .debug_ranges  0x00003568      0x800 _build/nrf52832_xxaa/nrf_drv_uart.c.o
 .debug_ranges  0x00003d68      0x2b8 _build/nrf52832_xxaa/nrf_drv_clock.c.o
 .debug_ranges  0x00004020       0x70 _build/nrf52832_xxaa/nrf_pwr_mgmt.c.o
 .debug_ranges  0x00004090       0x18 _build/nrf52832_xxaa/nrf_section_iter.c.o
 .debug_ranges  0x000040a8      0x148 _build/nrf52832_xxaa/sdk_mapped_flags.c.o
 .debug_ranges  0x000041f0      0x228 _build/nrf52832_xxaa/ble_conn_params.c.o
 .debug_ranges  0x00004418       0xe8 _build/nrf52832_xxaa/ble_conn_state.c.o
 .debug_ranges  0x00004500      0x120 _build/nrf52832_xxaa/ble_srv_common.c.o
 .debug_ranges  0x00004620       0xc8 _build/nrf52832_xxaa/nrf_ble_gatt.c.o
 .debug_ranges  0x000046e8       0x60 _build/nrf52832_xxaa/ble_lbs.c.o
 .debug_ranges  0x00004748      0x1d0 _build/nrf52832_xxaa/nrf_sdh.c.o
 .debug_ranges  0x00004918       0x78 _build/nrf52832_xxaa/nrf_sdh_ble.c.o
 .debug_ranges  0x00004990       0x30 _build/nrf52832_xxaa/nrf_sdh_soc.c.o

.debug_macro    0x00000000    0x1bce4
 .debug_macro   0x00000000      0x37d _build/nrf52832_xxaa/nrf_log_frontend.c.o
 .debug_macro   0x0000037d      0xa6c _build/nrf52832_xxaa/nrf_log_frontend.c.o
 .debug_macro   0x00000de9       0x22 _build/nrf52832_xxaa/nrf_log_frontend.c.o
 .debug_macro   0x00000e0b       0x4f _build/nrf52832_xxaa/nrf_log_frontend.c.o
 .debug_macro   0x00000e5a       0x51 _build/nrf52832_xxaa/nrf_log_frontend.c.o
 .debug_macro   0x00000eab       0xef _build/nrf52832_xxaa/nrf_log_frontend.c.o
 .debug_macro   0x00000f9a       0x6a _build/nrf52832_xxaa/nrf_log_frontend.c.o
 .debug_macro   0x00001004      0x1df _build/nrf52832_xxaa/nrf_log_frontend.c.o
 .debug_macro   0x000011e3       0x22 _build/nrf52832_xxaa/nrf_log_frontend.c.o
 .debug_macro   0x00001205       0x58 _build/nrf52832_xxaa/nrf_log_frontend.c.o
 .debug_macro   0x0000125d       0x17 _build/nrf52832_xxaa/nrf_log_frontend.c.o
 .debug_macro   0x00001274       0x35 _build/nrf52832_xxaa/nrf_log_frontend.c.o
 .debug_macro   0x000012a9       0x9c _build/nrf52832_xxaa/nrf_log_frontend.c.o
 .debug_macro   0x00001345      0x16d _build/nrf52832_xxaa/nrf_log_frontend.c.o
 .debug_macro   0x000014b2       0x58 _build/nrf52832_xxaa/nrf_log_frontend.c.o
 .debug_macro   0x0000150a       0x1f _build/nrf52832_xxaa/nrf_log_frontend.c.o
 .debug_macro   0x00001529       0x43 _build/nrf52832_xxaa/nrf_log_frontend.c.o
 .debug_macro   0x0000156c       0x20 _build/nrf52832_xxaa/nrf_log_frontend.c.o
 .debug_macro   0x0000158c      0x18e _build/nrf52832_xxaa/nrf_log_frontend.c.o
 .debug_macro   0x0000171a      0x353 _build/nrf52832_xxaa/nrf_log_frontend.c.o
 .debug_macro   0x00001a6d       0x10 _build/nrf52832_xxaa/nrf_log_frontend.c.o
 .debug_macro   0x00001a7d       0x35 _build/nrf52832_xxaa/nrf_log_frontend.c.o
 .debug_macro   0x00001ab2     0x1036 _build/nrf52832_xxaa/nrf_log_frontend.c.o
 .debug_macro   0x00002ae8      0x16d _build/nrf52832_xxaa/nrf_log_frontend.c.o
 .debug_macro   0x00002c55       0x2e _build/nrf52832_xxaa/nrf_log_frontend.c.o
 .debug_macro   0x00002c83       0x22 _build/nrf52832_xxaa/nrf_log_frontend.c.o
 .debug_macro   0x00002ca5       0x9a _build/nrf52832_xxaa/nrf_log_frontend.c.o
 .debug_macro   0x00002d3f       0x9b _build/nrf52832_xxaa/nrf_log_frontend.c.o
 .debug_macro   0x00002dda       0x22 _build/nrf52832_xxaa/nrf_log_frontend.c.o
 .debug_macro   0x00002dfc       0x2d _build/nrf52832_xxaa/nrf_log_frontend.c.o
 .debug_macro   0x00002e29       0x3b _build/nrf52832_xxaa/nrf_log_frontend.c.o
 .debug_macro   0x00002e64       0x50 _build/nrf52832_xxaa/nrf_log_frontend.c.o
 .debug_macro   0x00002eb4      0xe66 _build/nrf52832_xxaa/nrf_log_frontend.c.o
 .debug_macro   0x00003d1a      0x392 _build/nrf52832_xxaa/nrf_log_frontend.c.o
 .debug_macro   0x000040ac     0xcc94 _build/nrf52832_xxaa/nrf_log_frontend.c.o
 .debug_macro   0x00010d40     0x1313 _build/nrf52832_xxaa/nrf_log_frontend.c.o
 .debug_macro   0x00012053       0x82 _build/nrf52832_xxaa/nrf_log_frontend.c.o
 .debug_macro   0x000120d5      0x49d _build/nrf52832_xxaa/nrf_log_frontend.c.o
 .debug_macro   0x00012572       0x4b _build/nrf52832_xxaa/nrf_log_frontend.c.o
 .debug_macro   0x000125bd       0x1c _build/nrf52832_xxaa/nrf_log_frontend.c.o
 .debug_macro   0x000125d9       0x10 _build/nrf52832_xxaa/nrf_log_frontend.c.o
 .debug_macro   0x000125e9       0x10 _build/nrf52832_xxaa/nrf_log_frontend.c.o
 .debug_macro   0x000125f9       0xb6 _build/nrf52832_xxaa/nrf_log_frontend.c.o
 .debug_macro   0x000126af       0x16 _build/nrf52832_xxaa/nrf_log_frontend.c.o
 .debug_macro   0x000126c5      0x129 _build/nrf52832_xxaa/nrf_log_frontend.c.o
 .debug_macro   0x000127ee       0x2b _build/nrf52832_xxaa/nrf_log_frontend.c.o
 .debug_macro   0x00012819       0x10 _build/nrf52832_xxaa/nrf_log_frontend.c.o
 .debug_macro   0x00012829       0x7e _build/nrf52832_xxaa/nrf_log_frontend.c.o
 .debug_macro   0x000128a7       0x31 _build/nrf52832_xxaa/nrf_log_frontend.c.o
 .debug_macro   0x000128d8       0x10 _build/nrf52832_xxaa/nrf_log_frontend.c.o
 .debug_macro   0x000128e8      0x16d _build/nrf52832_xxaa/nrf_log_frontend.c.o
 .debug_macro   0x00012a55       0x76 _build/nrf52832_xxaa/nrf_log_frontend.c.o
 .debug_macro   0x00012acb       0x22 _build/nrf52832_xxaa/nrf_log_frontend.c.o
 .debug_macro   0x00012aed       0x16 _build/nrf52832_xxaa/nrf_log_frontend.c.o
 .debug_macro   0x00012b03       0x22 _build/nrf52832_xxaa/nrf_log_frontend.c.o
 .debug_macro   0x00012b25       0x92 _build/nrf52832_xxaa/nrf_log_frontend.c.o
 .debug_macro   0x00012bb7       0x10 _build/nrf52832_xxaa/nrf_log_frontend.c.o
 .debug_macro   0x00012bc7       0x1c _build/nrf52832_xxaa/nrf_log_frontend.c.o
 .debug_macro   0x00012be3       0x16 _build/nrf52832_xxaa/nrf_log_frontend.c.o
 .debug_macro   0x00012bf9       0x3b _build/nrf52832_xxaa/nrf_log_frontend.c.o
 .debug_macro   0x00012c34      0x29c _build/nrf52832_xxaa/boards.c.o
 .debug_macro   0x00012ed0       0x35 _build/nrf52832_xxaa/boards.c.o
 .debug_macro   0x00012f05       0x22 _build/nrf52832_xxaa/boards.c.o
 .debug_macro   0x00012f27      0x372 _build/nrf52832_xxaa/boards.c.o
 .debug_macro   0x00013299       0x16 _build/nrf52832_xxaa/boards.c.o
 .debug_macro   0x000132af       0x97 _build/nrf52832_xxaa/boards.c.o
 .debug_macro   0x00013346       0xf6 _build/nrf52832_xxaa/boards.c.o
 .debug_macro   0x0001343c       0x16 _build/nrf52832_xxaa/boards.c.o
 .debug_macro   0x00013452      0x261 _build/nrf52832_xxaa/boards.c.o
 .debug_macro   0x000136b3      0x115 _build/nrf52832_xxaa/boards.c.o
 .debug_macro   0x000137c8      0x318 _build/nrf52832_xxaa/app_button.c.o
 .debug_macro   0x00013ae0       0x1c _build/nrf52832_xxaa/app_button.c.o
 .debug_macro   0x00013afc       0x28 _build/nrf52832_xxaa/app_button.c.o
 .debug_macro   0x00013b24       0x1f _build/nrf52832_xxaa/app_button.c.o
 .debug_macro   0x00013b43       0x30 _build/nrf52832_xxaa/app_button.c.o
 .debug_macro   0x00013b73      0x228 _build/nrf52832_xxaa/app_error.c.o
 .debug_macro   0x00013d9b      0x337 _build/nrf52832_xxaa/app_error_weak.c.o
 .debug_macro   0x000140d2       0x16 _build/nrf52832_xxaa/app_error_weak.c.o
 .debug_macro   0x000140e8      0x167 _build/nrf52832_xxaa/app_error_weak.c.o
 .debug_macro   0x0001424f       0x16 _build/nrf52832_xxaa/app_error_weak.c.o
 .debug_macro   0x00014265       0x8c _build/nrf52832_xxaa/app_error_weak.c.o
 .debug_macro   0x000142f1      0x307 _build/nrf52832_xxaa/app_scheduler.c.o
 .debug_macro   0x000145f8       0x16 _build/nrf52832_xxaa/app_scheduler.c.o
 .debug_macro   0x0001460e       0x16 _build/nrf52832_xxaa/app_scheduler.c.o
 .debug_macro   0x00014624       0x40 _build/nrf52832_xxaa/app_scheduler.c.o
 .debug_macro   0x00014664       0x70 _build/nrf52832_xxaa/app_scheduler.c.o
 .debug_macro   0x000146d4      0x33b _build/nrf52832_xxaa/app_timer.c.o
 .debug_macro   0x00014a0f       0x16 _build/nrf52832_xxaa/app_timer.c.o
 .debug_macro   0x00014a25      0x244 _build/nrf52832_xxaa/app_util_platform.c.o
 .debug_macro   0x00014c69      0x306 _build/nrf52832_xxaa/nrf_balloc.c.o
 .debug_macro   0x00014f6f      0x167 _build/nrf52832_xxaa/nrf_balloc.c.o
 .debug_macro   0x000150d6      0x2f1 _build/nrf52832_xxaa/nrf_memobj.c.o
 .debug_macro   0x000153c7      0x10e _build/nrf52832_xxaa/nrf_memobj.c.o
 .debug_macro   0x000154d5       0x86 _build/nrf52832_xxaa/nrf_memobj.c.o
 .debug_macro   0x0001555b       0x10 _build/nrf52832_xxaa/nrf_memobj.c.o
 .debug_macro   0x0001556b      0x2b8 _build/nrf52832_xxaa/nrf_drv_common.c.o
 .debug_macro   0x00015823       0x22 _build/nrf52832_xxaa/nrf_drv_common.c.o
 .debug_macro   0x00015845      0x3a0 _build/nrf52832_xxaa/nrf_drv_gpiote.c.o
 .debug_macro   0x00015be5       0x28 _build/nrf52832_xxaa/nrf_drv_gpiote.c.o
 .debug_macro   0x00015c0d       0x16 _build/nrf52832_xxaa/nrf_drv_gpiote.c.o
 .debug_macro   0x00015c23      0x161 _build/nrf52832_xxaa/nrf_drv_gpiote.c.o
 .debug_macro   0x00015d84      0x32f _build/nrf52832_xxaa/nrf_drv_timer.c.o
 .debug_macro   0x000160b3       0x37 _build/nrf52832_xxaa/nrf_drv_timer.c.o
 .debug_macro   0x000160ea      0x619 _build/nrf52832_xxaa/main.c.o
 .debug_macro   0x00016703      0x13a _build/nrf52832_xxaa/main.c.o
 .debug_macro   0x0001683d      0x204 _build/nrf52832_xxaa/main.c.o
 .debug_macro   0x00016a41      0x487 _build/nrf52832_xxaa/main.c.o
 .debug_macro   0x00016ec8       0x34 _build/nrf52832_xxaa/main.c.o
 .debug_macro   0x00016efc       0x86 _build/nrf52832_xxaa/main.c.o
 .debug_macro   0x00016f82      0x1f9 _build/nrf52832_xxaa/main.c.o
 .debug_macro   0x0001717b       0x22 _build/nrf52832_xxaa/main.c.o
 .debug_macro   0x0001719d       0xf3 _build/nrf52832_xxaa/main.c.o
 .debug_macro   0x00017290       0x3c _build/nrf52832_xxaa/main.c.o
 .debug_macro   0x000172cc       0xb2 _build/nrf52832_xxaa/main.c.o
 .debug_macro   0x0001737e      0x343 _build/nrf52832_xxaa/main.c.o
 .debug_macro   0x000176c1       0x6a _build/nrf52832_xxaa/main.c.o
 .debug_macro   0x0001772b       0x11 _build/nrf52832_xxaa/main.c.o