Component: ARM Compiler 5.06 update 6 (build 750) Tool: armlink [4d35ed]

==============================================================================

Section Cross References

    main.o(i.adventure) refers to main.o(i.start_point) for start_point
    main.o(i.adventure) refers to main.o(i.st7586_write) for st7586_write
    main.o(i.adventure) refers to main.o(i.white) for white
    main.o(i.adventure) refers to main.o(i.w_b_w) for w_b_w
    main.o(i.adventure) refers to main.o(i.enemy) for enemy
    main.o(i.adventure) refers to main.o(i.nrf_delay_ms) for nrf_delay_ms
    main.o(i.adventure) refers to app_scheduler.o(i.app_sched_execute) for app_sched_execute
    main.o(i.adventure) refers to main.o(.data) for .data
    main.o(i.adventure_start) refers to main.o(i.start_point) for start_point
    main.o(i.adventure_start) refers to main.o(i.st7586_write) for st7586_write
    main.o(i.adventure_start) refers to main.o(i.black) for black
    main.o(i.adventure_start) refers to main.o(i.nrf_delay_ms) for nrf_delay_ms
    main.o(i.adventure_start) refers to main.o(i.white) for white
    main.o(i.arrow) refers to main.o(i.st7586_write) for st7586_write
    main.o(i.arrow) refers to main.o(i.white) for white
    main.o(i.assert_nrf_callback) refers to app_error.o(i.app_error_handler) for app_error_handler
    main.o(i.b_w_b) refers to main.o(i.st7586_write) for st7586_write
    main.o(i.black) refers to main.o(i.st7586_write) for st7586_write
    main.o(i.ble_evt_handler) refers to nrf_log_frontend.o(i.nrf_log_frontend_std_0) for nrf_log_frontend_std_0
    main.o(i.ble_evt_handler) refers to boards.o(i.bsp_board_led_on) for bsp_board_led_on
    main.o(i.ble_evt_handler) refers to boards.o(i.bsp_board_led_off) for bsp_board_led_off
    main.o(i.ble_evt_handler) refers to app_button.o(i.app_button_enable) for app_button_enable
    main.o(i.ble_evt_handler) refers to app_button.o(i.app_button_disable) for app_button_disable
    main.o(i.ble_evt_handler) refers to app_error.o(i.app_error_handler_bare) for app_error_handler_bare
    main.o(i.ble_evt_handler) refers to memcpya.o(.text) for __aeabi_memcpy
    main.o(i.ble_evt_handler) refers to main.o(.data) for .data
    main.o(i.ble_evt_handler) refers to nrf_log_frontend.o(log_dynamic_data) for m_nrf_log_app_logs_data_dynamic
    main.o(i.bow) refers to main.o(i.start_point) for start_point
    main.o(i.bow) refers to main.o(i.st7586_write) for st7586_write
    main.o(i.bow) refers to main.o(i.white) for white
    main.o(i.bow) refers to main.o(i.w_b_w) for w_b_w
    main.o(i.bow) refers to main.o(i.b_w_b) for b_w_b
    main.o(i.bow) refers to main.o(i.enemy) for enemy
    main.o(i.bow) refers to main.o(i.nrf_delay_ms) for nrf_delay_ms
    main.o(i.bow) refers to app_scheduler.o(i.app_sched_execute) for app_sched_execute
    main.o(i.bow) refers to main.o(.data) for .data
    main.o(i.button_handler) refers to app_timer.o(i.app_timer_start) for app_timer_start
    main.o(i.button_handler) refers to app_error.o(i.app_error_handler_bare) for app_error_handler_bare
    main.o(i.button_handler) refers to main.o(i.main_context) for main_context
    main.o(i.button_handler) refers to nrf_drv_gpiote.o(i.nrf_drv_gpiote_out_clear) for nrf_drv_gpiote_out_clear
    main.o(i.button_handler) refers to nrf_drv_gpiote.o(i.nrf_drv_gpiote_out_set) for nrf_drv_gpiote_out_set
    main.o(i.button_handler) refers to main.o(.constdata) for .constdata
    main.o(i.button_handler) refers to main.o(.data) for .data
    main.o(i.button_scheduler_event_handler) refers to main.o(i.button_handler) for button_handler
    main.o(i.clear) refers to main.o(i.start_point) for start_point
    main.o(i.clear) refers to main.o(i.st7586_write) for st7586_write
    main.o(i.clear) refers to main.o(i.white) for white
    main.o(i.conn_params_error_handler) refers to app_error.o(i.app_error_handler_bare) for app_error_handler_bare
    main.o(i.display_head) refers to main.o(i.start_point) for start_point
    main.o(i.display_head) refers to main.o(i.st7586_write) for st7586_write
    main.o(i.display_head) refers to main.o(i.white) for white
    main.o(i.display_head) refers to main.o(i.w_b_w) for w_b_w
    main.o(i.display_head) refers to main.o(i.black) for black
    main.o(i.display_head) refers to main.o(i.b_w_b) for b_w_b
    main.o(i.display_head) refers to main.o(i.select_state) for select_state
    main.o(i.display_head) refers to main.o(i.nrf_delay_ms) for nrf_delay_ms
    main.o(i.display_head) refers to app_scheduler.o(i.app_sched_execute) for app_sched_execute
    main.o(i.display_hp) refers to main.o(i.start_point) for start_point
    main.o(i.display_hp) refers to main.o(i.heart) for heart
    main.o(i.display_hp) refers to main.o(i.st7586_write) for st7586_write
    main.o(i.display_hp) refers to main.o(i.white) for white
    main.o(i.display_hp) refers to main.o(.data) for .data
[...]
    i.timer_timeouts_check                   0x0002a84c   Section        0  app_timer.o(i.timer_timeouts_check)
    timer_timeouts_check                     0x0002a84d   Thumb Code   106  app_timer.o(i.timer_timeouts_check)
    i.two                                    0x0002a8c0   Section        0  main.o(i.two)
    i.tx_byte                                0x0002a9d8   Section        0  nrf_drv_uart.o(i.tx_byte)
    tx_byte                                  0x0002a9d9   Thumb Code    32  nrf_drv_uart.o(i.tx_byte)
    i.tx_done_event                          0x0002a9f8   Section        0  nrf_drv_uart.o(i.tx_done_event)
    tx_done_event                            0x0002a9f9   Thumb Code    28  nrf_drv_uart.o(i.tx_done_event)
    i.uart_evt_handler                       0x0002aa14   Section        0  nrf_log_backend_uart.o(i.uart_evt_handler)
    uart_evt_handler                         0x0002aa15   Thumb Code     8  nrf_log_backend_uart.o(i.uart_evt_handler)
    i.uart_init                              0x0002aa20   Section        0  nrf_log_backend_uart.o(i.uart_init)
    uart_init                                0x0002aa21   Thumb Code    66  nrf_log_backend_uart.o(i.uart_init)
    i.uart_irq_handler                       0x0002aa70   Section        0  nrf_drv_uart.o(i.uart_irq_handler)
    uart_irq_handler                         0x0002aa71   Thumb Code   286  nrf_drv_uart.o(i.uart_irq_handler)
    i.uarte_irq_handler                      0x0002ab8e   Section        0  nrf_drv_uart.o(i.uarte_irq_handler)
    uarte_irq_handler                        0x0002ab8f   Thumb Code   240  nrf_drv_uart.o(i.uarte_irq_handler)
    i.unsigned_print                         0x0002ac80   Section        0  nrf_fprintf_format.o(i.unsigned_print)
    unsigned_print                           0x0002ac81   Thumb Code   176  nrf_fprintf_format.o(i.unsigned_print)
    i.update_timeout_handler                 0x0002ad34   Section        0  ble_conn_params.o(i.update_timeout_handler)
    update_timeout_handler                   0x0002ad35   Thumb Code    98  ble_conn_params.o(i.update_timeout_handler)
    i.user_op_alloc                          0x0002ad9c   Section        0  app_timer.o(i.user_op_alloc)
    user_op_alloc                            0x0002ad9d   Thumb Code    42  app_timer.o(i.user_op_alloc)
    i.w_b_w                                  0x0002adcc   Section        0  main.o(i.w_b_w)
    i.white                                  0x0002ae10   Section        0  main.o(i.white)
    i.zero                                   0x0002ae38   Section        0  main.o(i.zero)
    .constdata                               0x0002af70   Section       32  main.o(.constdata)
    m_led_a_timer_id                         0x0002af70   Data           4  main.o(.constdata)
    st7586_spi                               0x0002af78   Data           8  main.o(.constdata)
    .constdata                               0x0002af90   Section        8  boards.o(.constdata)
    m_board_led_list                         0x0002af90   Data           4  boards.o(.constdata)
    m_board_btn_list                         0x0002af94   Data           4  boards.o(.constdata)
    .constdata                               0x0002af98   Section       22  nrf_ble_gatt.o(.constdata)
    .constdata                               0x0002afb0   Section       16  ble_lbs.o(.constdata)
    .constdata                               0x0002afc0   Section        4  nrf_drv_gpiote.o(.constdata)
    .constdata                               0x0002afc4   Section        8  app_button.o(.constdata)
    m_detection_delay_timer_id               0x0002afc4   Data           4  app_button.o(.constdata)
    .constdata                               0x0002afcc   Section       16  nrf_fprintf_format.o(.constdata)
    _aV2C                                    0x0002afcc   Data          16  nrf_fprintf_format.o(.constdata)
    .constdata                               0x0002afdc   Section       12  nrf_log_backend_uart.o(.constdata)
    .constdata                               0x0002afe8   Section       32  nrf_log_backend_uart.o(.constdata)
    .constdata                               0x0002b008   Section       20  nrf_log_frontend.o(.constdata)
    mempool                                  0x0002b008   Data          20  nrf_log_frontend.o(.constdata)
    .constdata                               0x0002b01c   Section       16  nrf_sdh.o(.constdata)
    sdh_req_observers_array                  0x0002b01c   Data          16  nrf_sdh.o(.constdata)
    .constdata                               0x0002b02c   Section       40  nrf_sdh.o(.constdata)
    sdh_req_observers                        0x0002b030   Data          12  nrf_sdh.o(.constdata)
    sdh_state_observers                      0x0002b03c   Data          12  nrf_sdh.o(.constdata)
    sdh_stack_observers                      0x0002b048   Data          12  nrf_sdh.o(.constdata)
    .constdata                               0x0002b054   Section       16  nrf_sdh.o(.constdata)
    sdh_state_observers_array                0x0002b054   Data          16  nrf_sdh.o(.constdata)
    .constdata                               0x0002b064   Section       16  nrf_sdh.o(.constdata)
    sdh_stack_observers_array                0x0002b064   Data          16  nrf_sdh.o(.constdata)
    .constdata                               0x0002b074   Section       32  nrf_sdh_ble.o(.constdata)
    sdh_ble_observers_array                  0x0002b074   Data          32  nrf_sdh_ble.o(.constdata)
    .constdata                               0x0002b094   Section       16  nrf_sdh_ble.o(.constdata)
    sdh_ble_observers                        0x0002b098   Data          12  nrf_sdh_ble.o(.constdata)
    .constdata                               0x0002b0a4   Section       16  nrf_sdh_soc.o(.constdata)
    sdh_soc_observers_array                  0x0002b0a4   Data          16  nrf_sdh_soc.o(.constdata)
    .constdata                               0x0002b0b4   Section       12  nrf_sdh_soc.o(.constdata)
    sdh_soc_observers                        0x0002b0b4   Data          12  nrf_sdh_soc.o(.constdata)
    .constdata                               0x0002b0c0   Section      129  ctype_o.o(.constdata)
    .constdata                               0x0002b144   Section        4  ctype_o.o(.constdata)
    table                                    0x0002b144   Data           4  ctype_o.o(.constdata)
    .conststring                             0x0002b148   Section      301  nrf_ble_gatt.o(.conststring)
    .conststring                             0x0002b278   Section      102  nrf_log_str_formatter.o(.conststring)
    .conststrlit                             0x0002b2e0   Section        9  nrf_ble_gatt.o(.conststrlit)
    .conststrlit                             0x0002b2ec   Section        6  nrf_drv_clock.o(.conststrlit)
    .conststrlit                             0x0002b2f4   Section        7  nrf_drv_gpiote.o(.conststrlit)
    .conststrlit                             0x0002b2fc   Section        5  nrf_drv_uart.o(.conststrlit)
    .conststrlit                             0x0002b304   Section        4  nrf_drv_spi.o(.conststrlit)
    .conststrlit                             0x0002b308   Section        7  nrf_balloc.o(.conststrlit)
    .conststrlit                             0x0002b310   Section        9  nrf_pwr_mgmt.o(.conststrlit)
    .conststrlit                             0x0002b31c   Section        4  nrf_log_frontend.o(.conststrlit)
    .conststrlit                             0x0002b320   Section        8  nrf_sdh.o(.conststrlit)
    .conststrlit                             0x0002b328   Section       12  nrf_sdh_ble.o(.conststrlit)
    .conststrlit                             0x0002b334   Section       12  nrf_sdh_soc.o(.conststrlit)
    log_const_data                           0x0002b360   Section        8  nrf_ble_gatt.o(log_const_data)
    __tagsym$$used                           0x0002b360   Number         0  nrf_ble_gatt.o(log_const_data)
    log_const_data                           0x0002b368   Section        8  nrf_drv_clock.o(log_const_data)
    __tagsym$$used                           0x0002b368   Number         0  nrf_drv_clock.o(log_const_data)
    log_const_data                           0x0002b370   Section        8  nrf_drv_gpiote.o(log_const_data)
    __tagsym$$used                           0x0002b370   Number         0  nrf_drv_gpiote.o(log_const_data)
    log_const_data                           0x0002b378   Section        8  nrf_drv_uart.o(log_const_data)
    __tagsym$$used                           0x0002b378   Number         0  nrf_drv_uart.o(log_const_data)
    log_const_data                           0x0002b380   Section        8  nrf_drv_spi.o(log_const_data)
    __tagsym$$used                           0x0002b380   Number         0  nrf_drv_spi.o(log_const_data)
    log_const_data                           0x0002b388   Section        8  nrf_balloc.o(log_const_data)
    __tagsym$$used                           0x0002b388   Number         0  nrf_balloc.o(log_const_data)
    log_const_data                           0x0002b390   Section        8  nrf_pwr_mgmt.o(log_const_data)
    __tagsym$$used                           0x0002b390   Number         0  nrf_pwr_mgmt.o(log_const_data)
    log_const_data                           0x0002b398   Section        8  nrf_log_frontend.o(log_const_data)
    __tagsym$$used                           0x0002b398   Number         0  nrf_log_frontend.o(log_const_data)
    log_const_data                           0x0002b3a0   Section        8  nrf_sdh.o(log_const_data)
    __tagsym$$used                           0x0002b3a0   Number         0  nrf_sdh.o(log_const_data)
    log_const_data                           0x0002b3a8   Section        8  nrf_sdh_ble.o(log_const_data)
    __tagsym$$used                           0x0002b3a8   Number         0  nrf_sdh_ble.o(log_const_data)
    log_const_data                           0x0002b3b0   Section        8  nrf_sdh_soc.o(log_const_data)
    __tagsym$$used                           0x0002b3b0   Number         0  nrf_sdh_soc.o(log_const_data)
    sdh_ble_observers0                       0x0002b3b8   Section        8  ble_conn_state.o(sdh_ble_observers0)
    __tagsym$$used                           0x0002b3b8   Number         0  ble_conn_state.o(sdh_ble_observers0)
    m_ble_evt_observer                       0x0002b3b8   Data           8  ble_conn_state.o(sdh_ble_observers0)
    sdh_ble_observers1                       0x0002b3c0   Section        8  main.o(sdh_ble_observers1)
    __tagsym$$used                           0x0002b3c0   Number         0  main.o(sdh_ble_observers1)
    m_gatt_obs                               0x0002b3c0   Data           8  main.o(sdh_ble_observers1)
    sdh_ble_observers1                       0x0002b3c8   Section        8  ble_conn_params.o(sdh_ble_observers1)
    __tagsym$$used                           0x0002b3c8   Number         0  ble_conn_params.o(sdh_ble_observers1)
    m_ble_observer                           0x0002b3c8   Data           8  ble_conn_params.o(sdh_ble_observers1)
    sdh_ble_observers2                       0x0002b3d0   Section        8  main.o(sdh_ble_observers2)
    __tagsym$$used                           0x0002b3d0   Number         0  main.o(sdh_ble_observers2)
    m_lbs_obs                                0x0002b3d0   Data           8  main.o(sdh_ble_observers2)
    sdh_ble_observers3                       0x0002b3d8   Section        8  main.o(sdh_ble_observers3)
    __tagsym$$used                           0x0002b3d8   Number         0  main.o(sdh_ble_observers3)
    m_ble_observer                           0x0002b3d8   Data           8  main.o(sdh_ble_observers3)
    sdh_soc_observers0                       0x0002b3e0   Section        8  nrf_drv_clock.o(sdh_soc_observers0)
    __tagsym$$used                           0x0002b3e0   Number         0  nrf_drv_clock.o(sdh_soc_observers0)
    m_soc_evt_observer                       0x0002b3e0   Data           8  nrf_drv_clock.o(sdh_soc_observers0)
    sdh_stack_observers0                     0x0002b3e8   Section        8  nrf_sdh_ble.o(sdh_stack_observers0)
    __tagsym$$used                           0x0002b3e8   Number         0  nrf_sdh_ble.o(sdh_stack_observers0)
    m_nrf_sdh_ble_evts_poll                  0x0002b3e8   Data           8  nrf_sdh_ble.o(sdh_stack_observers0)
    sdh_stack_observers0                     0x0002b3f0   Section        8  nrf_sdh_soc.o(sdh_stack_observers0)
    __tagsym$$used                           0x0002b3f0   Number         0  nrf_sdh_soc.o(sdh_stack_observers0)
    m_nrf_sdh_soc_evts_poll                  0x0002b3f0   Data           8  nrf_sdh_soc.o(sdh_stack_observers0)
    sdh_state_observers0                     0x0002b3f8   Section        8  nrf_drv_clock.o(sdh_state_observers0)
    __tagsym$$used                           0x0002b3f8   Number         0  nrf_drv_clock.o(sdh_state_observers0)
    m_sd_state_observer                      0x0002b3f8   Data           8  nrf_drv_clock.o(sdh_state_observers0)
    .data                                    0x20002180   Section       44  main.o(.data)
    st7586_spi_xfer_done                     0x20002180   Data           1  main.o(.data)
    rx_data                                  0x20002182   Data           1  main.o(.data)
    m_conn_handle                            0x20002184   Data           2  main.o(.data)
    .data                                    0x200021ac   Section        8  ble_conn_params.o(.data)
    m_preferred_conn_params                  0x200021ac   Data           8  ble_conn_params.o(.data)
    .data                                    0x200021b4   Section       20  app_button.o(.data)
    m_button_count                           0x200021b4   Data           1  app_button.o(.data)
    mp_buttons                               0x200021b8   Data           4  app_button.o(.data)
    m_detection_delay                        0x200021bc   Data           4  app_button.o(.data)
    m_pin_state                              0x200021c0   Data           4  app_button.o(.data)
    m_pin_transition                         0x200021c4   Data           4  app_button.o(.data)
    .data                                    0x200021c8   Section       16  app_scheduler.o(.data)
    m_queue_start_index                      0x200021c8   Data           1  app_scheduler.o(.data)
    m_queue_end_index                        0x200021c9   Data           1  app_scheduler.o(.data)
    m_queue_event_size                       0x200021ca   Data           2  app_scheduler.o(.data)
    m_queue_size                             0x200021cc   Data           2  app_scheduler.o(.data)
    m_queue_event_headers                    0x200021d0   Data           4  app_scheduler.o(.data)
    m_queue_event_data                       0x200021d4   Data           4  app_scheduler.o(.data)
    .data                                    0x200021d8   Section       20  app_timer.o(.data)
    m_ticks_elapsed_q_read_ind               0x200021d8   Data           1  app_timer.o(.data)
    m_ticks_elapsed_q_write_ind              0x200021d9   Data           1  app_timer.o(.data)
    m_rtc1_running                           0x200021da   Data           1  app_timer.o(.data)
    m_rtc1_reset                             0x200021db   Data           1  app_timer.o(.data)
    mp_timer_id_head                         0x200021dc   Data           4  app_timer.o(.data)
    m_ticks_latest                           0x200021e0   Data           4  app_timer.o(.data)
    m_ticks_elapsed                          0x200021e4   Data           8  app_timer.o(.data)
    .data                                    0x200021ec   Section       12  nrf_log_backend_uart.o(.data)
    m_xfer_done                              0x200021ec   Data           1  nrf_log_backend_uart.o(.data)
    m_async_mode                             0x200021ed   Data           1  nrf_log_backend_uart.o(.data)
    .data                                    0x200021f8   Section       12  nrf_log_default_backends.o(.data)
    uart_log_backend                         0x200021f8   Data          12  nrf_log_default_backends.o(.data)
    .data                                    0x20002204   Section        8  nrf_log_frontend.o(.data)
    mempool_nrf_balloc_pool_stack            0x20002204   Data           8  nrf_log_frontend.o(.data)
    .data                                    0x2000220c   Section        8  nrf_log_frontend.o(.data)
    mempool_nrf_balloc_cb                    0x2000220c   Data           8  nrf_log_frontend.o(.data)
    .data                                    0x20002214   Section       56  nrf_log_str_formatter.o(.data)
    severity_names                           0x20002214   Data          20  nrf_log_str_formatter.o(.data)
    m_colors                                 0x20002228   Data          36  nrf_log_str_formatter.o(.data)
    .data                                    0x2000224c   Section        3  nrf_sdh.o(.data)
    m_nrf_sdh_enabled                        0x2000224c   Data           1  nrf_sdh.o(.data)
    m_nrf_sdh_suspended                      0x2000224d   Data           1  nrf_sdh.o(.data)
    m_nrf_sdh_continue                       0x2000224e   Data           1  nrf_sdh.o(.data)
    .data                                    0x20002250   Section        4  system_nrf52.o(.data)
    __tagsym$$used                           0x20002250   Number         0  system_nrf52.o(.data)
    log_dynamic_data                         0x20002254   Section       12  nrf_ble_gatt.o(log_dynamic_data)
    __tagsym$$used                           0x20002254   Number         0  nrf_ble_gatt.o(log_dynamic_data)
    log_dynamic_data                         0x20002260   Section       12  nrf_drv_clock.o(log_dynamic_data)
    __tagsym$$used                           0x20002260   Number         0  nrf_drv_clock.o(log_dynamic_data)
    log_dynamic_data                         0x2000226c   Section       12  nrf_drv_gpiote.o(log_dynamic_data)
    __tagsym$$used                           0x2000226c   Number         0  nrf_drv_gpiote.o(log_dynamic_data)
    log_dynamic_data                         0x20002278   Section       12  nrf_drv_uart.o(log_dynamic_data)
    __tagsym$$used                           0x20002278   Number         0  nrf_drv_uart.o(log_dynamic_data)
    log_dynamic_data                         0x20002284   Section       12  nrf_drv_spi.o(log_dynamic_data)
    __tagsym$$used                           0x20002284   Number         0  nrf_drv_spi.o(log_dynamic_data)
    log_dynamic_data                         0x20002290   Section       12  nrf_balloc.o(log_dynamic_data)
    __tagsym$$used                           0x20002290   Number         0  nrf_balloc.o(log_dynamic_data)
    log_dynamic_data                         0x2000229c   Section       12  nrf_pwr_mgmt.o(log_dynamic_data)
    __tagsym$$used                           0x2000229c   Number         0  nrf_pwr_mgmt.o(log_dynamic_data)
    log_dynamic_data                         0x200022a8   Section       12  nrf_log_frontend.o(log_dynamic_data)
    __tagsym$$used                           0x200022a8   Number         0  nrf_log_frontend.o(log_dynamic_data)
    log_dynamic_data                         0x200022b4   Section       12  nrf_sdh.o(log_dynamic_data)
    __tagsym$$used                           0x200022b4   Number         0  nrf_sdh.o(log_dynamic_data)
    log_dynamic_data                         0x200022c0   Section       12  nrf_sdh_ble.o(log_dynamic_data)
    __tagsym$$used                           0x200022c0   Number         0  nrf_sdh_ble.o(log_dynamic_data)
    log_dynamic_data                         0x200022cc   Section       12  nrf_sdh_soc.o(log_dynamic_data)
    __tagsym$$used                           0x200022cc   Number         0  nrf_sdh_soc.o(log_dynamic_data)
    .bss                                     0x200022d8   Section       32  main.o(.bss)
    m_led_a_timer_id_data                    0x200022d8   Data          32  main.o(.bss)
    .bss                                     0x200022f8   Section      220  main.o(.bss)
    APP_SCHED_BUF                            0x200022f8   Data         176  main.o(.bss)
    m_lbs                                    0x200023a8   Data          24  main.o(.bss)
    m_gatt                                   0x200023c0   Data          20  main.o(.bss)
    .bss                                     0x200023d4   Section       80  ble_conn_params.o(.bss)
    m_timer_data                             0x200023d4   Data          32  ble_conn_params.o(.bss)
    m_conn_params_instances                  0x200023f4   Data          20  ble_conn_params.o(.bss)
    m_conn_params_config                     0x20002408   Data          28  ble_conn_params.o(.bss)
    .bss                                     0x20002424   Section      184  ble_conn_state.o(.bss)
    m_bcs                                    0x20002424   Data         184  ble_conn_state.o(.bss)
    .bss                                     0x200024dc   Section       20  nrf_drv_clock.o(.bss)
    m_clock_cb                               0x200024dc   Data          20  nrf_drv_clock.o(.bss)
    .bss                                     0x200024f0   Section       88  nrf_drv_gpiote.o(.bss)
    m_cb                                     0x200024f0   Data          88  nrf_drv_gpiote.o(.bss)
    .bss                                     0x20002548   Section       32  nrf_drv_uart.o(.bss)
    m_cb                                     0x20002548   Data          32  nrf_drv_uart.o(.bss)
    .bss                                     0x20002568   Section       36  nrf_drv_spi.o(.bss)
    m_cb                                     0x20002568   Data          36  nrf_drv_spi.o(.bss)
    .bss                                     0x2000258c   Section       32  app_button.o(.bss)
    m_detection_delay_timer_id_data          0x2000258c   Data          32  app_button.o(.bss)
    .bss                                     0x200025ac   Section      268  app_timer.o(.bss)
    m_op_queue                               0x200025ac   Data         268  app_timer.o(.bss)
    .bss                                     0x200026b8   Section       12  app_util_platform.o(.bss)
    .bss                                     0x200026c4   Section       64  nrf_log_backend_uart.o(.bss)
    m_string_buff                            0x200026c4   Data          64  nrf_log_backend_uart.o(.bss)
    .bss                                     0x20002704   Section      192  nrf_log_frontend.o(.bss)
    mempool_nrf_balloc_pool_mem              0x20002704   Data         192  nrf_log_frontend.o(.bss)
    .bss                                     0x200027c4   Section     1056  nrf_log_frontend.o(.bss)
    m_log_data                               0x200027c4   Data        1056  nrf_log_frontend.o(.bss)
    STACK                                    0x20002be8   Section     8192  arm_startup_nrf52.o(STACK)

    Global Symbols

    Symbol Name                              Value     Ov Type        Size  Object(Section)

    BuildAttributes$$THM_ISAv4$E$P$D$K$B$S$7EM$VFPi3$EXTD16$VFPS$VFMA$PE$A:L22UL41UL21$X:L11$S22US41US21$IEEE1$IW$USESV6$~STKCKD$USESV7$~SHL$OSPACE$EBA8$MICROLIB$REQ8$PRES8$EABIv2 0x00000000   Number         0  anon$$obj.o ABSOLUTE
    __ARM_use_no_argv                        0x00000000   Number         0  main.o ABSOLUTE
    __use_no_errno                           0x00000000   Number         0  useno.o ABSOLUTE
    __use_no_exception_handling              0x00000000   Number         0  useno.o ABSOLUTE
    __use_no_fp                              0x00000000   Number         0  useno.o ABSOLUTE
    __use_no_heap                            0x00000000   Number         0  useno.o ABSOLUTE
    __use_no_heap_region                     0x00000000   Number         0  useno.o ABSOLUTE
    __use_no_semihosting                     0x00000000   Number         0  useno.o ABSOLUTE
    __use_no_semihosting_swi                 0x00000000   Number         0  useno.o ABSOLUTE
    __use_no_signal_handling                 0x00000000   Number         0  useno.o ABSOLUTE
    __cpp_initialize__aeabi_                  - Undefined Weak Reference
    __cxa_finalize                            - Undefined Weak Reference
    _clock_init                               - Undefined Weak Reference
    _microlib_exit                            - Undefined Weak Reference
    pwr_mgmt_data0$$Base                      - Undefined Reference
    pwr_mgmt_data0$$Limit                     - Undefined Reference
    pwr_mgmt_data1$$Base                      - Undefined Reference
    pwr_mgmt_data1$$Limit                     - Undefined Reference
    pwr_mgmt_data2$$Base                      - Undefined Reference
    pwr_mgmt_data2$$Limit                     - Undefined Reference
    sdh_req_observers0$$Base                  - Undefined Reference
    sdh_req_observers0$$Limit                 - Undefined Reference
    sdh_req_observers1$$Base                  - Undefined Reference
    sdh_req_observers1$$Limit                 - Undefined Reference
    sdh_soc_observers1$$Base                  - Undefined Reference
    sdh_soc_observers1$$Limit                 - Undefined Reference
    sdh_stack_observers1$$Base                - Undefined Reference
    sdh_stack_observers1$$Limit               - Undefined Reference
    sdh_state_observers1$$Base                - Undefined Reference
    sdh_state_observers1$$Limit               - Undefined Reference
    __Vectors_Size                           0x00000200   Number         0  arm_startup_nrf52.o ABSOLUTE
    __Vectors                                0x00023000   Data           4  arm_startup_nrf52.o(RESET)
    __Vectors_End                            0x00023200   Data           0  arm_startup_nrf52.o(RESET)
    __main                                   0x00023201   Thumb Code     0  entry.o(.ARM.Collect$$$$00000000)
    _main_stk                                0x00023201   Thumb Code     0  entry2.o(.ARM.Collect$$$$00000001)
    _main_scatterload                        0x00023205   Thumb Code     0  entry5.o(.ARM.Collect$$$$00000004)
    __main_after_scatterload                 0x00023209   Thumb Code     0  entry5.o(.ARM.Collect$$$$00000004)
    _main_clock                              0x00023209   Thumb Code     0  entry7b.o(.ARM.Collect$$$$00000008)
    _main_cpp_init                           0x00023209   Thumb Code     0  entry8b.o(.ARM.Collect$$$$0000000A)
    _main_init                               0x00023209   Thumb Code     0  entry9a.o(.ARM.Collect$$$$0000000B)
    __rt_final_cpp                           0x00023211   Thumb Code     0  entry10a.o(.ARM.Collect$$$$0000000D)
    __rt_final_exit                          0x00023211   Thumb Code     0  entry11a.o(.ARM.Collect$$$$0000000F)
    __asm___12_nrf_memobj_c_9bb9f865__nrf_atomic_internal_mov 0x00023215   Thumb Code    24  nrf_memobj.o(.emb_text)
    __asm___12_nrf_memobj_c_9bb9f865__nrf_atomic_internal_orr 0x0002322d   Thumb Code    26  nrf_memobj.o(.emb_text)
    __asm___12_nrf_memobj_c_9bb9f865__nrf_atomic_internal_and 0x00023247   Thumb Code    26  nrf_memobj.o(.emb_text)
    __asm___12_nrf_memobj_c_9bb9f865__nrf_atomic_internal_eor 0x00023261   Thumb Code    26  nrf_memobj.o(.emb_text)
    __asm___12_nrf_memobj_c_9bb9f865__nrf_atomic_internal_add 0x0002327b   Thumb Code    26  nrf_memobj.o(.emb_text)
    __asm___12_nrf_memobj_c_9bb9f865__nrf_atomic_internal_sub 0x00023295   Thumb Code    26  nrf_memobj.o(.emb_text)
    __asm___18_nrf_log_frontend_c_bc460776__nrf_atomic_internal_mov 0x000232b1   Thumb Code    24  nrf_log_frontend.o(.emb_text)
    __asm___18_nrf_log_frontend_c_bc460776__nrf_atomic_internal_orr 0x000232c9   Thumb Code    26  nrf_log_frontend.o(.emb_text)
    __asm___18_nrf_log_frontend_c_bc460776__nrf_atomic_internal_and 0x000232e3   Thumb Code    26  nrf_log_frontend.o(.emb_text)
    __asm___18_nrf_log_frontend_c_bc460776__nrf_atomic_internal_eor 0x000232fd   Thumb Code    26  nrf_log_frontend.o(.emb_text)
    __asm___18_nrf_log_frontend_c_bc460776__nrf_atomic_internal_add 0x00023317   Thumb Code    26  nrf_log_frontend.o(.emb_text)
    __asm___18_nrf_log_frontend_c_bc460776__nrf_atomic_internal_sub 0x00023331   Thumb Code    26  nrf_log_frontend.o(.emb_text)
    Reset_Handler                            0x0002334d   Thumb Code     8  arm_startup_nrf52.o(.text)
    NMI_Handler                              0x00023355   Thumb Code     2  arm_startup_nrf52.o(.text)
    HardFault_Handler                        0x00023357   Thumb Code     2  arm_startup_nrf52.o(.text)
    MemoryManagement_Handler                 0x00023359   Thumb Code     2  arm_startup_nrf52.o(.text)
    BusFault_Handler                         0x0002335b   Thumb Code     2  arm_startup_nrf52.o(.text)
    UsageFault_Handler                       0x0002335d   Thumb Code     2  arm_startup_nrf52.o(.text)
    SVC_Handler                              0x0002335f   Thumb Code     2  arm_startup_nrf52.o(.text)
    DebugMon_Handler                         0x00023361   Thumb Code     2  arm_startup_nrf52.o(.text)
    PendSV_Handler                           0x00023363   Thumb Code     2  arm_startup_nrf52.o(.text)
    SysTick_Handler                          0x00023365   Thumb Code     2  arm_startup_nrf52.o(.text)
    CCM_AAR_IRQHandler                       0x00023367   Thumb Code     0  arm_startup_nrf52.o(.text)
    COMP_LPCOMP_IRQHandler                   0x00023367   Thumb Code     0  arm_startup_nrf52.o(.text)
    ECB_IRQHandler                           0x00023367   Thumb Code     0  arm_startup_nrf52.o(.text)
    FPU_IRQHandler                           0x00023367   Thumb Code     0  arm_startup_nrf52.o(.text)
    I2S_IRQHandler                           0x00023367   Thumb Code     0  arm_startup_nrf52.o(.text)
    MWU_IRQHandler                           0x00023367   Thumb Code     0  arm_startup_nrf52.o(.text)
    NFCT_IRQHandler                          0x00023367   Thumb Code     0  arm_startup_nrf52.o(.text)
    PDM_IRQHandler                           0x00023367   Thumb Code     0  arm_startup_nrf52.o(.text)
    PWM0_IRQHandler                          0x00023367   Thumb Code     0  arm_startup_nrf52.o(.text)
    PWM1_IRQHandler                          0x00023367   Thumb Code     0  arm_startup_nrf52.o(.text)
    PWM2_IRQHandler                          0x00023367   Thumb Code     0  arm_startup_nrf52.o(.text)
    QDEC_IRQHandler                          0x00023367   Thumb Code     0  arm_startup_nrf52.o(.text)
    RADIO_IRQHandler                         0x00023367   Thumb Code     0  arm_startup_nrf52.o(.text)
    RNG_IRQHandler                           0x00023367   Thumb Code     0  arm_startup_nrf52.o(.text)
    RTC0_IRQHandler                          0x00023367   Thumb Code     0  arm_startup_nrf52.o(.text)
    RTC2_IRQHandler                          0x00023367   Thumb Code     0  arm_startup_nrf52.o(.text)
    SAADC_IRQHandler                         0x00023367   Thumb Code     0  arm_startup_nrf52.o(.text)
    SPIM1_SPIS1_TWIM1_TWIS1_SPI1_TWI1_IRQHandler 0x00023367   Thumb Code     0  arm_startup_nrf52.o(.text)
    SPIM2_SPIS2_SPI2_IRQHandler              0x00023367   Thumb Code     0  arm_startup_nrf52.o(.text)
    SWI1_EGU1_IRQHandler                     0x00023367   Thumb Code     0  arm_startup_nrf52.o(.text)
    SWI3_EGU3_IRQHandler                     0x00023367   Thumb Code     0  arm_startup_nrf52.o(.text)
    SWI4_EGU4_IRQHandler                     0x00023367   Thumb Code     0  arm_startup_nrf52.o(.text)
    SWI5_EGU5_IRQHandler                     0x00023367   Thumb Code     0  arm_startup_nrf52.o(.text)
    TEMP_IRQHandler                          0x00023367   Thumb Code     0  arm_startup_nrf52.o(.text)
    TIMER0_IRQHandler                        0x00023367   Thumb Code     0  arm_startup_nrf52.o(.text)
    TIMER1_IRQHandler                        0x00023367   Thumb Code     0  arm_startup_nrf52.o(.text)
    TIMER2_IRQHandler                        0x00023367   Thumb Code     0  arm_startup_nrf52.o(.text)
    TIMER3_IRQHandler                        0x00023367   Thumb Code     0  arm_startup_nrf52.o(.text)
    TIMER4_IRQHandler                        0x00023367   Thumb Code     0  arm_startup_nrf52.o(.text)
    WDT_IRQHandler                           0x00023367   Thumb Code     0  arm_startup_nrf52.o(.text)
    __rt_ctype_table                         0x00023371   Thumb Code     4  ctype_o.o(.text)
    __aeabi_memcpy                           0x00023379   Thumb Code    36  memcpya.o(.text)
    __aeabi_memcpy4                          0x00023379   Thumb Code     0  memcpya.o(.text)
    __aeabi_memcpy8                          0x00023379   Thumb Code     0  memcpya.o(.text)
    __aeabi_memset                           0x0002339d   Thumb Code    14  memseta.o(.text)
    __aeabi_memset4                          0x0002339d   Thumb Code     0  memseta.o(.text)
    __aeabi_memset8                          0x0002339d   Thumb Code     0  memseta.o(.text)
    __aeabi_memclr                           0x000233ab   Thumb Code     4  memseta.o(.text)
    __aeabi_memclr4                          0x000233ab   Thumb Code     0  memseta.o(.text)
    __aeabi_memclr8                          0x000233ab   Thumb Code     0  memseta.o(.text)
    _memset$wrapper                          0x000233af   Thumb Code    18  memseta.o(.text)
    strlen                                   0x000233c1   Thumb Code    14  strlen.o(.text)
    __scatterload                            0x000233d1   Thumb Code    28  init.o(.text)
    __scatterload_rt2                        0x000233d1   Thumb Code     0  init.o(.text)
    __decompress                             0x000233f5   Thumb Code     0  __dczerorl2.o(.text)
    __decompress1                            0x000233f5   Thumb Code    86  __dczerorl2.o(.text)
    GPIOTE_IRQHandler                        0x0002344d   Thumb Code   362  nrf_drv_gpiote.o(i.GPIOTE_IRQHandler)
    POWER_CLOCK_IRQHandler                   0x00023625   Thumb Code    84  nrf_drv_clock.o(i.POWER_CLOCK_IRQHandler)
    RTC1_IRQHandler                          0x0002367d   Thumb Code    32  app_timer.o(i.RTC1_IRQHandler)
    SPIM0_SPIS0_TWIM0_TWIS0_SPI0_TWI0_IRQHandler 0x000236a1   Thumb Code    66  nrf_drv_spi.o(i.SPIM0_SPIS0_TWIM0_TWIS0_SPI0_TWI0_IRQHandler)
    SWI0_EGU0_IRQHandler                     0x000236ed   Thumb Code     4  app_timer.o(i.SWI0_EGU0_IRQHandler)
    SWI2_EGU2_IRQHandler                     0x000236f1   Thumb Code     4  nrf_sdh.o(i.SWI2_EGU2_IRQHandler)
    SystemInit                               0x000236f5   Thumb Code   726  system_nrf52.o(i.SystemInit)
    UARTE0_UART0_IRQHandler                  0x00023a11   Thumb Code    20  nrf_drv_uart.o(i.UARTE0_UART0_IRQHandler)
    __scatterload_copy                       0x00023a2d   Thumb Code    14  handlers.o(i.__scatterload_copy)
    __scatterload_null                       0x00023a3b   Thumb Code     2  handlers.o(i.__scatterload_null)
    __scatterload_zeroinit                   0x00023a3d   Thumb Code    14  handlers.o(i.__scatterload_zeroinit)
    adventure                                0x00023a89   Thumb Code   616  main.o(i.adventure)
    adventure_start                          0x00023cf5   Thumb Code    70  main.o(i.adventure_start)
    app_button_disable                       0x00023d3d   Thumb Code    38  app_button.o(i.app_button_disable)
    app_button_enable                        0x00023d6d   Thumb Code    32  app_button.o(i.app_button_enable)
    app_error_fault_handler                  0x00023d91   Thumb Code    80  app_error_weak.o(i.app_error_fault_handler)
    app_error_handler_bare                   0x00023e09   Thumb Code    22  app_error.o(i.app_error_handler_bare)
    app_sched_event_put                      0x00023e21   Thumb Code   154  app_scheduler.o(i.app_sched_event_put)
    app_sched_execute                        0x00023ec1   Thumb Code    58  app_scheduler.o(i.app_sched_execute)
    app_sched_init                           0x00023f01   Thumb Code    40  app_scheduler.o(i.app_sched_init)
    app_timer_create                         0x00023f2d   Thumb Code    36  app_timer.o(i.app_timer_create)
    app_timer_init                           0x00023f55   Thumb Code    70  app_timer.o(i.app_timer_init)
    app_timer_start                          0x00023fa9   Thumb Code   128  app_timer.o(i.app_timer_start)
    app_timer_stop                           0x00024031   Thumb Code    26  app_timer.o(i.app_timer_stop)
    app_util_critical_region_enter           0x00024051   Thumb Code    64  app_util_platform.o(i.app_util_critical_region_enter)
    app_util_critical_region_exit            0x00024099   Thumb Code    46  app_util_platform.o(i.app_util_critical_region_exit)
    arrow                                    0x00024185   Thumb Code   374  main.o(i.arrow)
    b_w_b                                    0x000242fb   Thumb Code    68  main.o(i.b_w_b)
    black                                    0x0002433f   Thumb Code    40  main.o(i.black)
    ble_conn_params_init                     0x00024369   Thumb Code    90  ble_conn_params.o(i.ble_conn_params_init)
    ble_lbs_init                             0x00024701   Thumb Code    82  ble_lbs.o(i.ble_lbs_init)
    ble_lbs_on_ble_evt                       0x00024759   Thumb Code    46  ble_lbs.o(i.ble_lbs_on_ble_evt)
    ble_srv_is_notification_enabled          0x00024787   Thumb Code     8  ble_srv_common.o(i.ble_srv_is_notification_enabled)
    bow                                      0x00024791   Thumb Code   610  main.o(i.bow)
    bsp_board_led_off                        0x000249f9   Thumb Code    10  boards.o(i.bsp_board_led_off)
    bsp_board_led_on                         0x00024a09   Thumb Code    10  boards.o(i.bsp_board_led_on)
    bsp_board_leds_init                      0x00024a19   Thumb Code    38  boards.o(i.bsp_board_leds_init)
    bsp_board_leds_off                       0x00024a45   Thumb Code    18  boards.o(i.bsp_board_leds_off)
    buffer_is_empty                          0x00024add   Thumb Code    16  nrf_log_frontend.o(i.buffer_is_empty)
    button_handler                           0x00024bc5   Thumb Code   116  main.o(i.button_handler)
    button_scheduler_event_handler           0x00024c41   Thumb Code     6  main.o(i.button_scheduler_event_handler)
    clear                                    0x00024cbd   Thumb Code    34  main.o(i.clear)
    display_head                             0x00024e01   Thumb Code  2192  main.o(i.display_head)
    display_hp                               0x00025691   Thumb Code    80  main.o(i.display_hp)
    display_state                            0x000256e5   Thumb Code  1574  main.o(i.display_state)
    display_z                                0x00025d11   Thumb Code    34  main.o(i.display_z)
    display_zZ                               0x00025d33   Thumb Code   794  main.o(i.display_zZ)
    enemy                                    0x0002608d   Thumb Code   160  main.o(i.enemy)
    gameover                                 0x00026131   Thumb Code  1462  main.o(i.gameover)
    gpiote_event_handler                     0x000267ad   Thumb Code    14  main.o(i.gpiote_event_handler)
    heart                                    0x000267c1   Thumb Code   390  main.o(i.heart)
    hited                                    0x00026947   Thumb Code   760  main.o(i.hited)
    jump                                     0x00026dd1   Thumb Code   802  main.o(i.jump)
    main                                     0x000275c5   Thumb Code   438  main.o(i.main)
    main_context                             0x000277a9   Thumb Code    18  main.o(i.main_context)
    nrf_balloc_alloc                         0x00027873   Thumb Code    68  nrf_balloc.o(i.nrf_balloc_alloc)
    nrf_balloc_free                          0x000278b7   Thumb Code    48  nrf_balloc.o(i.nrf_balloc_free)
    nrf_balloc_init                          0x000278e7   Thumb Code    48  nrf_balloc.o(i.nrf_balloc_init)
    nrf_ble_gatt_init                        0x00027927   Thumb Code    34  nrf_ble_gatt.o(i.nrf_ble_gatt_init)
    nrf_ble_gatt_on_ble_evt                  0x00027949   Thumb Code   312  nrf_ble_gatt.o(i.nrf_ble_gatt_on_ble_evt)
    nrf_drv_clock_init                       0x00027bd1   Thumb Code    64  nrf_drv_clock.o(i.nrf_drv_clock_init)
    nrf_drv_clock_lfclk_release              0x00027c19   Thumb Code    40  nrf_drv_clock.o(i.nrf_drv_clock_lfclk_release)
    nrf_drv_clock_lfclk_request              0x00027c45   Thumb Code    96  nrf_drv_clock.o(i.nrf_drv_clock_lfclk_request)
    nrf_drv_common_irq_enable                0x00027cc3   Thumb Code    56  nrf_drv_common.o(i.nrf_drv_common_irq_enable)
    nrf_drv_gpiote_in_event_disable          0x00027d01   Thumb Code    66  nrf_drv_gpiote.o(i.nrf_drv_gpiote_in_event_disable)
    nrf_drv_gpiote_in_event_enable           0x00027d49   Thumb Code   156  nrf_drv_gpiote.o(i.nrf_drv_gpiote_in_event_enable)
    nrf_drv_gpiote_in_init                   0x00027ded   Thumb Code   172  nrf_drv_gpiote.o(i.nrf_drv_gpiote_in_init)
    nrf_drv_gpiote_init                      0x00027ea5   Thumb Code    84  nrf_drv_gpiote.o(i.nrf_drv_gpiote_init)
    nrf_drv_gpiote_out_clear                 0x00027f01   Thumb Code    14  nrf_drv_gpiote.o(i.nrf_drv_gpiote_out_clear)
    nrf_drv_gpiote_out_init                  0x00027f11   Thumb Code   170  nrf_drv_gpiote.o(i.nrf_drv_gpiote_out_init)
    nrf_drv_gpiote_out_set                   0x00027fc9   Thumb Code    14  nrf_drv_gpiote.o(i.nrf_drv_gpiote_out_set)
    nrf_drv_gpiote_out_toggle                0x00027fd7   Thumb Code    28  nrf_drv_gpiote.o(i.nrf_drv_gpiote_out_toggle)
    nrf_drv_spi_init                         0x00028015   Thumb Code   292  nrf_drv_spi.o(i.nrf_drv_spi_init)
    nrf_drv_spi_transfer                     0x0002813d   Thumb Code    28  nrf_drv_spi.o(i.nrf_drv_spi_transfer)
    nrf_drv_spi_xfer                         0x00028159   Thumb Code    90  nrf_drv_spi.o(i.nrf_drv_spi_xfer)
    nrf_drv_uart_init                        0x000281b9   Thumb Code    98  nrf_drv_uart.o(i.nrf_drv_uart_init)
    nrf_drv_uart_tx                          0x00028221   Thumb Code   262  nrf_drv_uart.o(i.nrf_drv_uart_tx)
    nrf_drv_uart_tx_in_progress              0x0002832d   Thumb Code    18  nrf_drv_uart.o(i.nrf_drv_uart_tx_in_progress)
    nrf_drv_uart_uninit                      0x00028345   Thumb Code    74  nrf_drv_uart.o(i.nrf_drv_uart_uninit)
    nrf_fprintf                              0x00028399   Thumb Code    26  nrf_fprintf.o(i.nrf_fprintf)
    nrf_fprintf_buffer_flush                 0x000283b3   Thumb Code    24  nrf_fprintf.o(i.nrf_fprintf_buffer_flush)
    nrf_fprintf_fmt                          0x000283cb   Thumb Code   474  nrf_fprintf_format.o(i.nrf_fprintf_fmt)
    nrf_log_backend_add                      0x00028739   Thumb Code    74  nrf_log_frontend.o(i.nrf_log_backend_add)
    nrf_log_backend_serial_put               0x00028789   Thumb Code   210  nrf_log_backend_serial.o(i.nrf_log_backend_serial_put)
    nrf_log_backend_uart_init                0x0002885d   Thumb Code     6  nrf_log_backend_uart.o(i.nrf_log_backend_uart_init)
    nrf_log_color_id_get                     0x00028895   Thumb Code    42  nrf_log_frontend.o(i.nrf_log_color_id_get)
    nrf_log_default_backends_init            0x000288c5   Thumb Code    22  nrf_log_default_backends.o(i.nrf_log_default_backends_init)
    nrf_log_frontend_dequeue                 0x000288e1   Thumb Code   488  nrf_log_frontend.o(i.nrf_log_frontend_dequeue)
    nrf_log_frontend_std_0                   0x00028ad1   Thumb Code     8  nrf_log_frontend.o(i.nrf_log_frontend_std_0)
    nrf_log_frontend_std_1                   0x00028ad9   Thumb Code    14  nrf_log_frontend.o(i.nrf_log_frontend_std_1)
    nrf_log_frontend_std_2                   0x00028ae7   Thumb Code    16  nrf_log_frontend.o(i.nrf_log_frontend_std_2)
    nrf_log_hexdump_entry_process            0x00028af9   Thumb Code   146  nrf_log_str_formatter.o(i.nrf_log_hexdump_entry_process)
    nrf_log_init                             0x00028ba5   Thumb Code    70  nrf_log_frontend.o(i.nrf_log_init)
    nrf_log_module_cnt_get                   0x00028c01   Thumb Code    10  nrf_log_frontend.o(i.nrf_log_module_cnt_get)
    nrf_log_module_name_get                  0x00028c15   Thumb Code    24  nrf_log_frontend.o(i.nrf_log_module_name_get)
    nrf_log_panic                            0x00028c31   Thumb Code    34  nrf_log_frontend.o(i.nrf_log_panic)
    nrf_log_std_entry_process                0x00028c59   Thumb Code   182  nrf_log_str_formatter.o(i.nrf_log_std_entry_process)
    nrf_memobj_alloc                         0x00028d0f   Thumb Code    96  nrf_memobj.o(i.nrf_memobj_alloc)
    nrf_memobj_free                          0x00028d6f   Thumb Code    50  nrf_memobj.o(i.nrf_memobj_free)
    nrf_memobj_get                           0x00028da1   Thumb Code    14  nrf_memobj.o(i.nrf_memobj_get)
    nrf_memobj_pool_init                     0x00028daf   Thumb Code     4  nrf_memobj.o(i.nrf_memobj_pool_init)
    nrf_memobj_put                           0x00028db3   Thumb Code    34  nrf_memobj.o(i.nrf_memobj_put)
    nrf_memobj_read                          0x00028dd5   Thumb Code    12  nrf_memobj.o(i.nrf_memobj_read)
    nrf_memobj_write                         0x00028de1   Thumb Code    12  nrf_memobj.o(i.nrf_memobj_write)
    nrf_sdh_ble_app_ram_start_get            0x00028ded   Thumb Code    16  nrf_sdh_ble.o(i.nrf_sdh_ble_app_ram_start_get)
    nrf_sdh_ble_default_cfg_set              0x00028e01   Thumb Code   134  nrf_sdh_ble.o(i.nrf_sdh_ble_default_cfg_set)
    nrf_sdh_ble_enable                       0x00028e87   Thumb Code     4  nrf_sdh_ble.o(i.nrf_sdh_ble_enable)
    nrf_sdh_enable_request                   0x00028edd   Thumb Code    96  nrf_sdh.o(i.nrf_sdh_enable_request)
    nrf_sdh_evts_poll                        0x00028f49   Thumb Code    32  nrf_sdh.o(i.nrf_sdh_evts_poll)
    nrf_sdh_is_enabled                       0x00028f6d   Thumb Code     6  nrf_sdh.o(i.nrf_sdh_is_enabled)
    nrf_section_iter_init                    0x00028fb5   Thumb Code    10  nrf_section_iter.o(i.nrf_section_iter_init)
    nrf_section_iter_next                    0x00028fe3   Thumb Code    32  nrf_section_iter.o(i.nrf_section_iter_next)
    one                                      0x00029171   Thumb Code   104  main.o(i.one)
    sdk_mapped_flags_bulk_update_by_key      0x00029491   Thumb Code    68  sdk_mapped_flags.o(i.sdk_mapped_flags_bulk_update_by_key)
    sdk_mapped_flags_first_key_index_get     0x000294d5   Thumb Code    34  sdk_mapped_flags.o(i.sdk_mapped_flags_first_key_index_get)
    sdk_mapped_flags_key_list_get            0x00029507   Thumb Code    74  sdk_mapped_flags.o(i.sdk_mapped_flags_key_list_get)
    sdk_mapped_flags_update_by_key           0x00029551   Thumb Code    14  sdk_mapped_flags.o(i.sdk_mapped_flags_update_by_key)
    select_state                             0x00029561   Thumb Code   746  main.o(i.select_state)
    sleep                                    0x00029889   Thumb Code  2698  main.o(i.sleep)
    spi_event_handler                        0x0002a36d   Thumb Code     8  main.o(i.spi_event_handler)
    st7586_write                             0x0002a42d   Thumb Code    56  main.o(i.st7586_write)
    start_point                              0x0002a46d   Thumb Code    96  main.o(i.start_point)
    three                                    0x0002a55d   Thumb Code   280  main.o(i.three)
    two                                      0x0002a8c1   Thumb Code   280  main.o(i.two)
    w_b_w                                    0x0002adcd   Thumb Code    68  main.o(i.w_b_w)
    white                                    0x0002ae11   Thumb Code    40  main.o(i.white)
    zero                                     0x0002ae39   Thumb Code   312  main.o(i.zero)
    nrf_log_backend_uart_api                 0x0002afdc   Data          12  nrf_log_backend_uart.o(.constdata)
    m_ram_start                              0x0002b094   Data           4  nrf_sdh_ble.o(.constdata)
    __ctype_table                            0x0002b0c0   Data         129  ctype_o.o(.constdata)
    Region$$Table$$Base                      0x0002b340   Number         0  anon$$obj.o(Region$$Table)
    Region$$Table$$Limit                     0x0002b360   Number         0  anon$$obj.o(Region$$Table)
    log_const_data$$Base                     0x0002b360   Number         0  nrf_ble_gatt.o(log_const_data)
    m_nrf_log_ble_gatt_logs_data_const       0x0002b360   Data           8  nrf_ble_gatt.o(log_const_data)
    m_nrf_log_clock_logs_data_const          0x0002b368   Data           8  nrf_drv_clock.o(log_const_data)
    m_nrf_log_gpiote_logs_data_const         0x0002b370   Data           8  nrf_drv_gpiote.o(log_const_data)
    m_nrf_log_uart_logs_data_const           0x0002b378   Data           8  nrf_drv_uart.o(log_const_data)
    m_nrf_log_spi_logs_data_const            0x0002b380   Data           8  nrf_drv_spi.o(log_const_data)
    m_nrf_log_balloc_logs_data_const         0x0002b388   Data           8  nrf_balloc.o(log_const_data)
    m_nrf_log_pwr_mgmt_logs_data_const       0x0002b390   Data           8  nrf_pwr_mgmt.o(log_const_data)
    m_nrf_log_app_logs_data_const            0x0002b398   Data           8  nrf_log_frontend.o(log_const_data)
    m_nrf_log_nrf_sdh_logs_data_const        0x0002b3a0   Data           8  nrf_sdh.o(log_const_data)
    m_nrf_log_nrf_sdh_ble_logs_data_const    0x0002b3a8   Data           8  nrf_sdh_ble.o(log_const_data)
    m_nrf_log_nrf_sdh_soc_logs_data_const    0x0002b3b0   Data           8  nrf_sdh_soc.o(log_const_data)
    log_const_data$$Limit                    0x0002b3b8   Number         0  nrf_sdh_soc.o(log_const_data)
    sdh_ble_observers0$$Base                 0x0002b3b8   Number         0  ble_conn_state.o(sdh_ble_observers0)
    sdh_ble_observers0$$Limit                0x0002b3c0   Number         0  ble_conn_state.o(sdh_ble_observers0)
    sdh_ble_observers1$$Base                 0x0002b3c0   Number         0  main.o(sdh_ble_observers1)
    sdh_ble_observers1$$Limit                0x0002b3d0   Number         0  ble_conn_params.o(sdh_ble_observers1)
    sdh_ble_observers2$$Base                 0x0002b3d0   Number         0  main.o(sdh_ble_observers2)
    sdh_ble_observers2$$Limit                0x0002b3d8   Number         0  main.o(sdh_ble_observers2)
    sdh_ble_observers3$$Base                 0x0002b3d8   Number         0  main.o(sdh_ble_observers3)
    sdh_ble_observers3$$Limit                0x0002b3e0   Number         0  main.o(sdh_ble_observers3)
    sdh_soc_observers0$$Base                 0x0002b3e0   Number         0  nrf_drv_clock.o(sdh_soc_observers0)
    sdh_soc_observers0$$Limit                0x0002b3e8   Number         0  nrf_drv_clock.o(sdh_soc_observers0)
    sdh_stack_observers0$$Base               0x0002b3e8   Number         0  nrf_sdh_ble.o(sdh_stack_observers0)
    sdh_stack_observers0$$Limit              0x0002b3f8   Number         0  nrf_sdh_soc.o(sdh_stack_observers0)
    sdh_state_observers0$$Base               0x0002b3f8   Number         0  nrf_drv_clock.o(sdh_state_observers0)
    sdh_state_observers0$$Limit              0x0002b400   Number         0  nrf_drv_clock.o(sdh_state_observers0)
    Image$$RW_IRAM1$$Base                    0x20002180   Number         0  anon$$obj.o ABSOLUTE
    hit                                      0x20002181   Data           1  main.o(.data)
    adventure_temp                           0x20002188   Data           4  main.o(.data)
    state_temp                               0x2000218c   Data           4  main.o(.data)
    enemy_num                                0x20002190   Data           4  main.o(.data)
    state                                    0x20002194   Data           4  main.o(.data)
    enemy_temp                               0x20002198   Data           4  main.o(.data)
    hp                                       0x2000219c   Data           4  main.o(.data)
    lv                                       0x200021a0   Data           4  main.o(.data)
    experience                               0x200021a4   Data           4  main.o(.data)
    select                                   0x200021a8   Data           4  main.o(.data)
    m_uart                                   0x200021f0   Data           8  nrf_log_backend_uart.o(.data)
    SystemCoreClock                          0x20002250   Data           4  system_nrf52.o(.data)
    log_dynamic_data$$Base                   0x20002254   Number         0  nrf_ble_gatt.o(log_dynamic_data)
    m_nrf_log_ble_gatt_logs_data_dynamic     0x20002254   Data          12  nrf_ble_gatt.o(log_dynamic_data)
    m_nrf_log_clock_logs_data_dynamic        0x20002260   Data          12  nrf_drv_clock.o(log_dynamic_data)
    m_nrf_log_gpiote_logs_data_dynamic       0x2000226c   Data          12  nrf_drv_gpiote.o(log_dynamic_data)
    m_nrf_log_uart_logs_data_dynamic         0x20002278   Data          12  nrf_drv_uart.o(log_dynamic_data)
    m_nrf_log_spi_logs_data_dynamic          0x20002284   Data          12  nrf_drv_spi.o(log_dynamic_data)
    m_nrf_log_balloc_logs_data_dynamic       0x20002290   Data          12  nrf_balloc.o(log_dynamic_data)
    m_nrf_log_pwr_mgmt_logs_data_dynamic     0x2000229c   Data          12  nrf_pwr_mgmt.o(log_dynamic_data)
    m_nrf_log_app_logs_data_dynamic          0x200022a8   Data          12  nrf_log_frontend.o(log_dynamic_data)
    m_nrf_log_nrf_sdh_logs_data_dynamic      0x200022b4   Data          12  nrf_sdh.o(log_dynamic_data)
    m_nrf_log_nrf_sdh_ble_logs_data_dynamic  0x200022c0   Data          12  nrf_sdh_ble.o(log_dynamic_data)
    m_nrf_log_nrf_sdh_soc_logs_data_dynamic  0x200022cc   Data          12  nrf_sdh_soc.o(log_dynamic_data)
    nrf_nvic_state                           0x200026b8   Data          12  app_util_platform.o(.bss)
    __initial_sp                             0x20004be8   Data           0  arm_startup_nrf52.o(STACK)



==============================================================================

Memory Map of the image

  Image Entry point : 0x00023201

  Load Region LR_IROM1 (Base: 0x00023000, Size: 0x00008558, Max: 0x0005d000, ABSOLUTE, COMPRESSED[0x00008448])

    Execution Region ER_IROM1 (Exec base: 0x00023000, Load base: 0x00023000, Size: 0x00008400, Max: 0x0005d000, ABSOLUTE)

    Exec Addr    Load Addr    Size         Type   Attr      Idx    E Section Name        Object

    0x00023000   0x00023000   0x00000200   Data   RO         3934    RESET               arm_startup_nrf52.o
    0x00023200   0x00023200   0x00000000   Code   RO         3975  * .ARM.Collect$$$$00000000  mc_w.l(entry.o)
    0x00023200   0x00023200   0x00000004   Code   RO         4023    .ARM.Collect$$$$00000001  mc_w.l(entry2.o)
    0x00023204   0x00023204   0x00000004   Code   RO         4026    .ARM.Collect$$$$00000004  mc_w.l(entry5.o)
    0x00023208   0x00023208   0x00000000   Code   RO         4028    .ARM.Collect$$$$00000008  mc_w.l(entry7b.o)
    0x00023208   0x00023208   0x00000000   Code   RO         4030    .ARM.Collect$$$$0000000A  mc_w.l(entry8b.o)
    0x00023208   0x00023208   0x00000008   Code   RO         4031    .ARM.Collect$$$$0000000B  mc_w.l(entry9a.o)
    0x00023210   0x00023210   0x00000000   Code   RO         4033    .ARM.Collect$$$$0000000D  mc_w.l(entry10a.o)
    0x00023210   0x00023210   0x00000000   Code   RO         4035    .ARM.Collect$$$$0000000F  mc_w.l(entry11a.o)
    0x00023210   0x00023210   0x00000004   Code   RO         4024    .ARM.Collect$$$$00002712  mc_w.l(entry2.o)
    0x00023214   0x00023214   0x0000009a   Code   RO         2678    .emb_text           nrf_memobj.o
    0x000232ae   0x000232ae   0x00000002   PAD
    0x000232b0   0x000232b0   0x0000009a   Code   RO         3129    .emb_text           nrf_log_frontend.o
    0x0002334a   0x0002334a   0x00000002   PAD
    0x0002334c   0x0002334c   0x00000024   Code   RO         3935    .text               arm_startup_nrf52.o
    0x00023370   0x00023370   0x00000008   Code   RO         3983    .text               mc_w.l(ctype_o.o)
    0x00023378   0x00023378   0x00000024   Code   RO         4011    .text               mc_w.l(memcpya.o)
    0x0002339c   0x0002339c   0x00000024   Code   RO         4013    .text               mc_w.l(memseta.o)
    0x000233c0   0x000233c0   0x0000000e   Code   RO         4015    .text               mc_w.l(strlen.o)
    0x000233ce   0x000233ce   0x00000002   PAD
    0x000233d0   0x000233d0   0x00000024   Code   RO         4039    .text               mc_w.l(init.o)
    0x000233f4   0x000233f4   0x00000056   Code   RO         4049    .text               mc_w.l(__dczerorl2.o)
    0x0002344a   0x0002344a   0x00000002   PAD
    0x0002344c   0x0002344c   0x00000174   Code   RO         1396    i.GPIOTE_IRQHandler  nrf_drv_gpiote.o
    0x000235c0   0x000235c0   0x00000016   Code   RO         2199    i.NVIC_ClearPendingIRQ  app_timer.o
    0x000235d6   0x000235d6   0x00000016   Code   RO         2200    i.NVIC_EnableIRQ    app_timer.o
    0x000235ec   0x000235ec   0x00000016   Code   RO         2201    i.NVIC_SetPendingIRQ  app_timer.o
    0x00023602   0x00023602   0x00000020   Code   RO         2202    i.NVIC_SetPriority  app_timer.o
    0x00023622   0x00023622   0x00000002   PAD
    0x00023624   0x00023624   0x00000058   Code   RO         1187    i.POWER_CLOCK_IRQHandler  nrf_drv_clock.o
    0x0002367c   0x0002367c   0x00000024   Code   RO         2203    i.RTC1_IRQHandler   app_timer.o
    0x000236a0   0x000236a0   0x0000004c   Code   RO         1871    i.SPIM0_SPIS0_TWIM0_TWIS0_SPI0_TWI0_IRQHandler  nrf_drv_spi.o
    0x000236ec   0x000236ec   0x00000004   Code   RO         2204    i.SWI0_EGU0_IRQHandler  app_timer.o
    0x000236f0   0x000236f0   0x00000004   Code   RO         3726    i.SWI2_EGU2_IRQHandler  nrf_sdh.o
    0x000236f4   0x000236f4   0x0000031c   Code   RO         3943    i.SystemInit        system_nrf52.o
    0x00023a10   0x00023a10   0x0000001c   Code   RO         1640    i.UARTE0_UART0_IRQHandler  nrf_drv_uart.o
    0x00023a2c   0x00023a2c   0x0000000e   Code   RO         4043    i.__scatterload_copy  mc_w.l(handlers.o)
    0x00023a3a   0x00023a3a   0x00000002   Code   RO         4044    i.__scatterload_null  mc_w.l(handlers.o)
    0x00023a3c   0x00023a3c   0x0000000e   Code   RO         4045    i.__scatterload_zeroinit  mc_w.l(handlers.o)
    0x00023a4a   0x00023a4a   0x00000002   PAD
    0x00023a4c   0x00023a4c   0x00000024   Code   RO         3727    i.__sd_nvic_app_accessible_irq  nrf_sdh.o
    0x00023a70   0x00023a70   0x00000016   Code   RO         3728    i.__sd_nvic_is_app_accessible_priority  nrf_sdh.o
    0x00023a86   0x00023a86   0x00000002   PAD
    0x00023a88   0x00023a88   0x0000026c   Code   RO            4    i.adventure         main.o
    0x00023cf4   0x00023cf4   0x00000046   Code   RO            5    i.adventure_start   main.o
    0x00023d3a   0x00023d3a   0x00000002   PAD
    0x00023d3c   0x00023d3c   0x00000030   Code   RO         2003    i.app_button_disable  app_button.o
    0x00023d6c   0x00023d6c   0x00000024   Code   RO         2004    i.app_button_enable  app_button.o
    0x00023d90   0x00023d90   0x00000078   Code   RO         2108    i.app_error_fault_handler  app_error_weak.o
    0x00023e08   0x00023e08   0x00000016   Code   RO         2069    i.app_error_handler_bare  app_error.o
    0x00023e1e   0x00023e1e   0x00000002   PAD
    0x00023e20   0x00023e20   0x000000a0   Code   RO         2151    i.app_sched_event_put  app_scheduler.o
    0x00023ec0   0x00023ec0   0x00000040   Code   RO         2152    i.app_sched_execute  app_scheduler.o
    0x00023f00   0x00023f00   0x0000002c   Code   RO         2153    i.app_sched_init    app_scheduler.o
    0x00023f2c   0x00023f2c   0x00000028   Code   RO         2207    i.app_timer_create  app_timer.o
    0x00023f54   0x00023f54   0x00000054   Code   RO         2208    i.app_timer_init    app_timer.o
    0x00023fa8   0x00023fa8   0x00000088   Code   RO         2211    i.app_timer_start   app_timer.o
    0x00024030   0x00024030   0x00000020   Code   RO         2212    i.app_timer_stop    app_timer.o
    0x00024050   0x00024050   0x00000048   Code   RO         2368    i.app_util_critical_region_enter  app_util_platform.o
    0x00024098   0x00024098   0x00000034   Code   RO         2369    i.app_util_critical_region_exit  app_util_platform.o
    0x000240cc   0x000240cc   0x000000b8   Code   RO         1641    i.apply_config      nrf_drv_uart.o
    0x00024184   0x00024184   0x00000176   Code   RO            6    i.arrow             main.o
    0x000242fa   0x000242fa   0x00000044   Code   RO            8    i.b_w_b             main.o
    0x0002433e   0x0002433e   0x00000028   Code   RO            9    i.black             main.o
    0x00024366   0x00024366   0x00000002   PAD
    0x00024368   0x00024368   0x00000068   Code   RO          744    i.ble_conn_params_init  ble_conn_params.o
    0x000243d0   0x000243d0   0x00000128   Code   RO           10    i.ble_evt_handler   main.o
    0x000244f8   0x000244f8   0x000000fc   Code   RO          746    i.ble_evt_handler   ble_conn_params.o
    0x000245f4   0x000245f4   0x0000010c   Code   RO          850    i.ble_evt_handler   ble_conn_state.o
    0x00024700   0x00024700   0x00000058   Code   RO         1140    i.ble_lbs_init      ble_lbs.o
    0x00024758   0x00024758   0x0000002e   Code   RO         1141    i.ble_lbs_on_ble_evt  ble_lbs.o
    0x00024786   0x00024786   0x00000008   Code   RO          986    i.ble_srv_is_notification_enabled  ble_srv_common.o
    0x0002478e   0x0002478e   0x00000002   PAD
    0x00024790   0x00024790   0x00000268   Code   RO           11    i.bow               main.o
    0x000249f8   0x000249f8   0x00000010   Code   RO          546    i.bsp_board_led_off  boards.o
    0x00024a08   0x00024a08   0x00000010   Code   RO          547    i.bsp_board_led_on  boards.o
    0x00024a18   0x00024a18   0x0000002c   Code   RO          549    i.bsp_board_leds_init  boards.o
    0x00024a44   0x00024a44   0x00000012   Code   RO          550    i.bsp_board_leds_off  boards.o
    0x00024a56   0x00024a56   0x00000002   PAD
    0x00024a58   0x00024a58   0x00000064   Code   RO         3130    i.buf_prealloc      nrf_log_frontend.o
    0x00024abc   0x00024abc   0x0000001e   Code   RO         2638    i.buffer_add        nrf_fprintf_format.o
    0x00024ada   0x00024ada   0x00000002   PAD
    0x00024adc   0x00024adc   0x00000014   Code   RO         3131    i.buffer_is_empty   nrf_log_frontend.o
    0x00024af0   0x00024af0   0x000000d2   Code   RO         1143    i.button_char_add   ble_lbs.o
    0x00024bc2   0x00024bc2   0x00000002   PAD
    0x00024bc4   0x00024bc4   0x0000007c   Code   RO           12    i.button_handler    main.o
    0x00024c40   0x00024c40   0x00000006   Code   RO           13    i.button_scheduler_event_handler  main.o
    0x00024c46   0x00024c46   0x00000002   PAD
    0x00024c48   0x00024c48   0x0000001c   Code   RO         1397    i.channel_free      nrf_drv_gpiote.o
    0x00024c64   0x00024c64   0x00000048   Code   RO         1398    i.channel_port_alloc  nrf_drv_gpiote.o
    0x00024cac   0x00024cac   0x00000010   Code   RO         1399    i.channel_port_get  nrf_drv_gpiote.o
    0x00024cbc   0x00024cbc   0x00000022   Code   RO           14    i.clear             main.o
    0x00024cde   0x00024cde   0x00000002   PAD
    0x00024ce0   0x00024ce0   0x00000028   Code   RO         1188    i.clock_clk_started_notify  nrf_drv_clock.o
    0x00024d08   0x00024d08   0x000000ac   Code   RO         2214    i.compare_reg_update  app_timer.o
    0x00024db4   0x00024db4   0x00000004   Code   RO           15    i.conn_params_error_handler  main.o
    0x00024db8   0x00024db8   0x00000048   Code   RO          747    i.conn_params_negotiation  ble_conn_params.o
    0x00024e00   0x00024e00   0x00000890   Code   RO           16    i.display_head      main.o
    0x00025690   0x00025690   0x00000054   Code   RO           17    i.display_hp        main.o
    0x000256e4   0x000256e4   0x0000062c   Code   RO           18    i.display_state     main.o
    0x00025d10   0x00025d10   0x00000022   Code   RO           19    i.display_z         main.o
    0x00025d32   0x00025d32   0x0000031a   Code   RO           20    i.display_zZ        main.o
    0x0002604c   0x0002604c   0x00000040   Code   RO         2215    i.elapsed_ticks_acquire  app_timer.o
    0x0002608c   0x0002608c   0x000000a4   Code   RO           21    i.enemy             main.o
    0x00026130   0x00026130   0x000005b6   Code   RO           22    i.gameover          main.o
    0x000266e6   0x000266e6   0x00000002   PAD
    0x000266e8   0x000266e8   0x000000c4   Code   RO           23    i.gpio_config       main.o
    0x000267ac   0x000267ac   0x00000014   Code   RO           24    i.gpiote_event_handler  main.o
    0x000267c0   0x000267c0   0x00000186   Code   RO           25    i.heart             main.o
    0x00026946   0x00026946   0x000002f8   Code   RO           26    i.hited             main.o
    0x00026c3e   0x00026c3e   0x00000002   PAD
    0x00026c40   0x00026c40   0x00000014   Code   RO          748    i.instance_get      ble_conn_params.o
    0x00026c54   0x00026c54   0x000000a6   Code   RO         2639    i.int_print         nrf_fprintf_format.o
    0x00026cfa   0x00026cfa   0x00000002   PAD
    0x00026cfc   0x00026cfc   0x00000078   Code   RO         1642    i.interrupts_enable  nrf_drv_uart.o
    0x00026d74   0x00026d74   0x00000044   Code   RO          749    i.is_conn_params_ok  ble_conn_params.o
    0x00026db8   0x00026db8   0x00000016   Code   RO         1190    i.item_enqueue      nrf_drv_clock.o
    0x00026dce   0x00026dce   0x00000002   PAD
    0x00026dd0   0x00026dd0   0x00000328   Code   RO           27    i.jump              main.o
    0x000270f8   0x000270f8   0x00000208   Code   RO           28    i.lcd_init          main.o
    0x00027300   0x00027300   0x0000009e   Code   RO         1144    i.led_char_add      ble_lbs.o
    0x0002739e   0x0002739e   0x00000002   PAD
    0x000273a0   0x000273a0   0x0000005c   Code   RO           29    i.led_write_handler  main.o
    0x000273fc   0x000273fc   0x00000028   Code   RO         1191    i.lfclk_stop        nrf_drv_clock.o
    0x00027424   0x00027424   0x00000014   Code   RO         1043    i.link_init         nrf_ble_gatt.o
    0x00027438   0x00027438   0x000000f8   Code   RO         2216    i.list_insertions_handler  app_timer.o
    0x00027530   0x00027530   0x00000094   Code   RO         3133    i.log_skip          nrf_log_frontend.o
    0x000275c4   0x000275c4   0x000001e4   Code   RO           30    i.main              main.o
    0x000277a8   0x000277a8   0x00000012   Code   RO           31    i.main_context      main.o
    0x000277ba   0x000277ba   0x00000076   Code   RO         2679    i.memobj_op         nrf_memobj.o
    0x00027830   0x00027830   0x00000034   Code   RO         3134    i.module_idx_get    nrf_log_frontend.o
    0x00027864   0x00027864   0x0000000e   Code   RO         3135    i.nrf_atomic_flag_set  nrf_log_frontend.o
    0x00027872   0x00027872   0x00000044   Code   RO         2554    i.nrf_balloc_alloc  nrf_balloc.o
    0x000278b6   0x000278b6   0x00000030   Code   RO         2555    i.nrf_balloc_free   nrf_balloc.o
    0x000278e6   0x000278e6   0x00000030   Code   RO         2556    i.nrf_balloc_init   nrf_balloc.o
    0x00027916   0x00027916   0x00000010   Code   RO         1400    i.nrf_bitmask_bit_is_set  nrf_drv_gpiote.o
    0x00027926   0x00027926   0x00000022   Code   RO         1049    i.nrf_ble_gatt_init  nrf_ble_gatt.o
    0x00027948   0x00027948   0x00000148   Code   RO         1050    i.nrf_ble_gatt_on_ble_evt  nrf_ble_gatt.o
    0x00027a90   0x00027a90   0x0000000e   Code   RO         1192    i.nrf_clock_event_check  nrf_drv_clock.o
    0x00027a9e   0x00027a9e   0x00000010   Code   RO         1193    i.nrf_clock_event_clear  nrf_drv_clock.o
    0x00027aae   0x00027aae   0x0000000a   Code   RO           32    i.nrf_delay_ms      main.o
    0x00027ab8   0x00027ab8   0x0000008c   Code   RO           33    i.nrf_delay_us      main.o
    0x00027b44   0x00027b44   0x0000008c   Code   RO         2217    i.nrf_delay_us      app_timer.o
    0x00027bd0   0x00027bd0   0x00000048   Code   RO         1200    i.nrf_drv_clock_init  nrf_drv_clock.o
    0x00027c18   0x00027c18   0x0000002c   Code   RO         1204    i.nrf_drv_clock_lfclk_release  nrf_drv_clock.o
    0x00027c44   0x00027c44   0x00000068   Code   RO         1205    i.nrf_drv_clock_lfclk_request  nrf_drv_clock.o
    0x00027cac   0x00027cac   0x00000016   Code   RO         1643    i.nrf_drv_common_irq_disable  nrf_drv_uart.o
    0x00027cc2   0x00027cc2   0x00000038   Code   RO         1360    i.nrf_drv_common_irq_enable  nrf_drv_common.o
    0x00027cfa   0x00027cfa   0x00000006   Code   RO         1644    i.nrf_drv_get_IRQn  nrf_drv_uart.o
    0x00027d00   0x00027d00   0x00000048   Code   RO         1404    i.nrf_drv_gpiote_in_event_disable  nrf_drv_gpiote.o
    0x00027d48   0x00027d48   0x000000a4   Code   RO         1405    i.nrf_drv_gpiote_in_event_enable  nrf_drv_gpiote.o
    0x00027dec   0x00027dec   0x000000b8   Code   RO         1406    i.nrf_drv_gpiote_in_init  nrf_drv_gpiote.o
    0x00027ea4   0x00027ea4   0x0000005c   Code   RO         1409    i.nrf_drv_gpiote_init  nrf_drv_gpiote.o
    0x00027f00   0x00027f00   0x0000000e   Code   RO         1411    i.nrf_drv_gpiote_out_clear  nrf_drv_gpiote.o
    0x00027f0e   0x00027f0e   0x00000002   PAD
    0x00027f10   0x00027f10   0x000000b8   Code   RO         1412    i.nrf_drv_gpiote_out_init  nrf_drv_gpiote.o
    0x00027fc8   0x00027fc8   0x0000000e   Code   RO         1413    i.nrf_drv_gpiote_out_set  nrf_drv_gpiote.o
    0x00027fd6   0x00027fd6   0x0000001c   Code   RO         1419    i.nrf_drv_gpiote_out_toggle  nrf_drv_gpiote.o
    0x00027ff2   0x00027ff2   0x00000010   Code   RO         1645    i.nrf_drv_is_in_RAM  nrf_drv_uart.o
    0x00028002   0x00028002   0x00000010   Code   RO         1872    i.nrf_drv_is_in_RAM  nrf_drv_spi.o
    0x00028012   0x00028012   0x00000002   PAD
    0x00028014   0x00028014   0x00000128   Code   RO         1875    i.nrf_drv_spi_init  nrf_drv_spi.o
    0x0002813c   0x0002813c   0x0000001c   Code   RO         1877    i.nrf_drv_spi_transfer  nrf_drv_spi.o
    0x00028158   0x00028158   0x00000060   Code   RO         1879    i.nrf_drv_spi_xfer  nrf_drv_spi.o
    0x000281b8   0x000281b8   0x00000068   Code   RO         1647    i.nrf_drv_uart_init  nrf_drv_uart.o
    0x00028220   0x00028220   0x0000010c   Code   RO         1655    i.nrf_drv_uart_tx   nrf_drv_uart.o
    0x0002832c   0x0002832c   0x00000018   Code   RO         1657    i.nrf_drv_uart_tx_in_progress  nrf_drv_uart.o
    0x00028344   0x00028344   0x00000054   Code   RO         1658    i.nrf_drv_uart_uninit  nrf_drv_uart.o
    0x00028398   0x00028398   0x0000001a   Code   RO         2595    i.nrf_fprintf       nrf_fprintf.o
    0x000283b2   0x000283b2   0x00000018   Code   RO         2596    i.nrf_fprintf_buffer_flush  nrf_fprintf.o
    0x000283ca   0x000283ca   0x000001da   Code   RO         2640    i.nrf_fprintf_fmt   nrf_fprintf_format.o
    0x000285a4   0x000285a4   0x00000024   Code   RO          554    i.nrf_gpio_cfg      boards.o
    0x000285c8   0x000285c8   0x00000024   Code   RO         1424    i.nrf_gpio_cfg      nrf_drv_gpiote.o
    0x000285ec   0x000285ec   0x00000024   Code   RO         1659    i.nrf_gpio_cfg      nrf_drv_uart.o
    0x00028610   0x00028610   0x00000024   Code   RO         1880    i.nrf_gpio_cfg      nrf_drv_spi.o
    0x00028634   0x00028634   0x00000012   Code   RO         1660    i.nrf_gpio_cfg_default  nrf_drv_uart.o
    0x00028646   0x00028646   0x00000012   Code   RO         1661    i.nrf_gpio_cfg_input  nrf_drv_uart.o
    0x00028658   0x00028658   0x00000010   Code   RO           34    i.nrf_gpio_cfg_output  main.o
    0x00028668   0x00028668   0x00000014   Code   RO         1662    i.nrf_gpio_cfg_output  nrf_drv_uart.o
    0x0002867c   0x0002867c   0x00000014   Code   RO         1881    i.nrf_gpio_cfg_output  nrf_drv_spi.o
    0x00028690   0x00028690   0x00000022   Code   RO         1426    i.nrf_gpio_cfg_sense_set  nrf_drv_gpiote.o
    0x000286b2   0x000286b2   0x0000000e   Code   RO         1882    i.nrf_gpio_pin_set  nrf_drv_spi.o
    0x000286c0   0x000286c0   0x00000016   Code   RO           35    i.nrf_gpio_pin_write  main.o
    0x000286d6   0x000286d6   0x00000016   Code   RO          555    i.nrf_gpio_pin_write  boards.o
    0x000286ec   0x000286ec   0x00000028   Code   RO         1427    i.nrf_gpio_ports_read  nrf_drv_gpiote.o
    0x00028714   0x00028714   0x00000014   Code   RO         1428    i.nrf_gpiote_event_clear  nrf_drv_gpiote.o
    0x00028728   0x00028728   0x00000010   Code   RO         1429    i.nrf_gpiote_event_is_set  nrf_drv_gpiote.o
    0x00028738   0x00028738   0x00000050   Code   RO         3136    i.nrf_log_backend_add  nrf_log_frontend.o
    0x00028788   0x00028788   0x000000d2   Code   RO         2984    i.nrf_log_backend_serial_put  nrf_log_backend_serial.o
    0x0002885a   0x0002885a   0x00000002   Code   RO         3024    i.nrf_log_backend_uart_flush  nrf_log_backend_uart.o
    0x0002885c   0x0002885c   0x00000006   Code   RO         3025    i.nrf_log_backend_uart_init  nrf_log_backend_uart.o
    0x00028862   0x00028862   0x00000002   PAD
    0x00028864   0x00028864   0x00000018   Code   RO         3026    i.nrf_log_backend_uart_panic_set  nrf_log_backend_uart.o
    0x0002887c   0x0002887c   0x00000018   Code   RO         3027    i.nrf_log_backend_uart_put  nrf_log_backend_uart.o
    0x00028894   0x00028894   0x00000030   Code   RO         3138    i.nrf_log_color_id_get  nrf_log_frontend.o
    0x000288c4   0x000288c4   0x0000001c   Code   RO         3096    i.nrf_log_default_backends_init  nrf_log_default_backends.o
    0x000288e0   0x000288e0   0x000001f0   Code   RO         3139    i.nrf_log_frontend_dequeue  nrf_log_frontend.o
    0x00028ad0   0x00028ad0   0x00000008   Code   RO         3141    i.nrf_log_frontend_std_0  nrf_log_frontend.o
    0x00028ad8   0x00028ad8   0x0000000e   Code   RO         3142    i.nrf_log_frontend_std_1  nrf_log_frontend.o
    0x00028ae6   0x00028ae6   0x00000010   Code   RO         3143    i.nrf_log_frontend_std_2  nrf_log_frontend.o
    0x00028af6   0x00028af6   0x00000002   PAD
    0x00028af8   0x00028af8   0x000000ac   Code   RO         3321    i.nrf_log_hexdump_entry_process  nrf_log_str_formatter.o
    0x00028ba4   0x00028ba4   0x0000005c   Code   RO         3148    i.nrf_log_init      nrf_log_frontend.o
    0x00028c00   0x00028c00   0x00000014   Code   RO         3149    i.nrf_log_module_cnt_get  nrf_log_frontend.o
    0x00028c14   0x00028c14   0x0000001c   Code   RO         3152    i.nrf_log_module_name_get  nrf_log_frontend.o
    0x00028c30   0x00028c30   0x00000028   Code   RO         3153    i.nrf_log_panic     nrf_log_frontend.o
    0x00028c58   0x00028c58   0x000000b6   Code   RO         3322    i.nrf_log_std_entry_process  nrf_log_str_formatter.o
    0x00028d0e   0x00028d0e   0x00000060   Code   RO         2680    i.nrf_memobj_alloc  nrf_memobj.o
    0x00028d6e   0x00028d6e   0x00000032   Code   RO         2681    i.nrf_memobj_free   nrf_memobj.o
    0x00028da0   0x00028da0   0x0000000e   Code   RO         2682    i.nrf_memobj_get    nrf_memobj.o
    0x00028dae   0x00028dae   0x00000004   Code   RO         2683    i.nrf_memobj_pool_init  nrf_memobj.o
    0x00028db2   0x00028db2   0x00000022   Code   RO         2684    i.nrf_memobj_put    nrf_memobj.o
    0x00028dd4   0x00028dd4   0x0000000c   Code   RO         2685    i.nrf_memobj_read   nrf_memobj.o
    0x00028de0   0x00028de0   0x0000000c   Code   RO         2686    i.nrf_memobj_write  nrf_memobj.o
    0x00028dec   0x00028dec   0x00000014   Code   RO         3854    i.nrf_sdh_ble_app_ram_start_get  nrf_sdh_ble.o
    0x00028e00   0x00028e00   0x00000086   Code   RO         3855    i.nrf_sdh_ble_default_cfg_set  nrf_sdh_ble.o
    0x00028e86   0x00028e86   0x00000004   Code   RO         3856    i.nrf_sdh_ble_enable  nrf_sdh_ble.o
    0x00028e8a   0x00028e8a   0x00000002   PAD
    0x00028e8c   0x00028e8c   0x00000050   Code   RO         3857    i.nrf_sdh_ble_evts_poll  nrf_sdh_ble.o
    0x00028edc   0x00028edc   0x0000006c   Code   RO         3730    i.nrf_sdh_enable_request  nrf_sdh.o
    0x00028f48   0x00028f48   0x00000024   Code   RO         3731    i.nrf_sdh_evts_poll  nrf_sdh.o
    0x00028f6c   0x00028f6c   0x0000000c   Code   RO         3732    i.nrf_sdh_is_enabled  nrf_sdh.o
    0x00028f78   0x00028f78   0x0000003c   Code   RO         3903    i.nrf_sdh_soc_evts_poll  nrf_sdh_soc.o
    0x00028fb4   0x00028fb4   0x0000000a   Code   RO         2833    i.nrf_section_iter_init  nrf_section_iter.o
    0x00028fbe   0x00028fbe   0x00000024   Code   RO         2834    i.nrf_section_iter_item_set  nrf_section_iter.o
    0x00028fe2   0x00028fe2   0x00000020   Code   RO         2835    i.nrf_section_iter_next  nrf_section_iter.o
    0x00029002   0x00029002   0x0000000a   Code   RO         1883    i.nrf_spim_event_check  nrf_drv_spi.o
    0x0002900c   0x0002900c   0x0000000a   Code   RO         1663    i.nrf_uart_event_check  nrf_drv_uart.o
    0x00029016   0x00029016   0x0000000c   Code   RO         1664    i.nrf_uart_event_clear  nrf_drv_uart.o
    0x00029022   0x00029022   0x0000000c   Code   RO         1665    i.nrf_uart_int_enable_check  nrf_drv_uart.o
    0x0002902e   0x0002902e   0x0000000a   Code   RO         1666    i.nrf_uarte_event_check  nrf_drv_uart.o
    0x00029038   0x00029038   0x0000000c   Code   RO         1667    i.nrf_uarte_event_clear  nrf_drv_uart.o
    0x00029044   0x00029044   0x0000001c   Code   RO           36    i.on_conn_params_evt  main.o
    0x00029060   0x00029060   0x0000009c   Code   RO         1051    i.on_connected_evt  nrf_ble_gatt.o
    0x000290fc   0x000290fc   0x00000074   Code   RO         1052    i.on_exchange_mtu_request_evt  nrf_ble_gatt.o
    0x00029170   0x00029170   0x00000068   Code   RO           37    i.one               main.o
    0x000291d8   0x000291d8   0x00000018   Code   RO         1430    i.pin_in_use_by_port  nrf_drv_gpiote.o
    0x000291f0   0x000291f0   0x00000018   Code   RO         1431    i.pin_in_use_by_te  nrf_drv_gpiote.o
    0x00029208   0x00029208   0x00000078   Code   RO         1668    i.pins_to_default   nrf_drv_uart.o
    0x00029280   0x00029280   0x0000003c   Code   RO         3323    i.postfix_process   nrf_log_str_formatter.o
    0x000292bc   0x000292bc   0x0000005c   Code   RO         3324    i.prefix_process    nrf_log_str_formatter.o
    0x00029318   0x00029318   0x0000003c   Code   RO         2218    i.rtc1_stop         app_timer.o
    0x00029354   0x00029354   0x00000032   Code   RO         1669    i.rx_byte           nrf_drv_uart.o
    0x00029386   0x00029386   0x00000018   Code   RO         1670    i.rx_done_event     nrf_drv_uart.o
    0x0002939e   0x0002939e   0x00000042   Code   RO         3737    i.sd_nvic_SetPriority  nrf_sdh.o
    0x000293e0   0x000293e0   0x00000054   Code   RO         1207    i.sd_state_evt_handler  nrf_drv_clock.o
    0x00029434   0x00029434   0x00000030   Code   RO         3738    i.sdh_request_observer_notify  nrf_sdh.o
    0x00029464   0x00029464   0x0000002c   Code   RO         3739    i.sdh_state_observer_notify  nrf_sdh.o
    0x00029490   0x00029490   0x00000044   Code   RO         2901    i.sdk_mapped_flags_bulk_update_by_key  sdk_mapped_flags.o
    0x000294d4   0x000294d4   0x00000022   Code   RO         2902    i.sdk_mapped_flags_first_key_index_get  sdk_mapped_flags.o
    0x000294f6   0x000294f6   0x00000010   Code   RO         2903    i.sdk_mapped_flags_get_by_index  sdk_mapped_flags.o
    0x00029506   0x00029506   0x0000004a   Code   RO         2906    i.sdk_mapped_flags_key_list_get  sdk_mapped_flags.o
    0x00029550   0x00029550   0x0000000e   Code   RO         2908    i.sdk_mapped_flags_update_by_key  sdk_mapped_flags.o
    0x0002955e   0x0002955e   0x00000002   PAD
    0x00029560   0x00029560   0x000002f0   Code   RO           38    i.select_state      main.o
    0x00029850   0x00029850   0x00000010   Code   RO          750    i.send_error_evt    ble_conn_params.o
    0x00029860   0x00029860   0x00000028   Code   RO         3028    i.serial_tx         nrf_log_backend_uart.o
    0x00029888   0x00029888   0x00000a8a   Code   RO           39    i.sleep             main.o
    0x0002a312   0x0002a312   0x0000000a   Code   RO         1208    i.soc_evt_handler   nrf_drv_clock.o
    0x0002a31c   0x0002a31c   0x00000050   Code   RO         3741    i.softdevices_evt_irq_enable  nrf_sdh.o
    0x0002a36c   0x0002a36c   0x0000000c   Code   RO           40    i.spi_event_handler  main.o
    0x0002a378   0x0002a378   0x000000b2   Code   RO         1884    i.spim_xfer         nrf_drv_spi.o
    0x0002a42a   0x0002a42a   0x00000002   PAD
    0x0002a42c   0x0002a42c   0x00000040   Code   RO           41    i.st7586_write      main.o
    0x0002a46c   0x0002a46c   0x00000060   Code   RO           42    i.start_point       main.o
    0x0002a4cc   0x0002a4cc   0x00000090   Code   RO         3155    i.std_n             nrf_log_frontend.o
    0x0002a55c   0x0002a55c   0x00000118   Code   RO           43    i.three             main.o
    0x0002a674   0x0002a674   0x00000074   Code   RO           44    i.timer_handler     main.o
    0x0002a6e8   0x0002a6e8   0x00000080   Code   RO         2219    i.timer_list_handler  app_timer.o
    0x0002a768   0x0002a768   0x0000003c   Code   RO         2220    i.timer_list_insert  app_timer.o
    0x0002a7a4   0x0002a7a4   0x00000060   Code   RO         2221    i.timer_list_remove  app_timer.o
    0x0002a804   0x0002a804   0x00000048   Code   RO         2222    i.timer_stop_op_schedule  app_timer.o
    0x0002a84c   0x0002a84c   0x00000074   Code   RO         2223    i.timer_timeouts_check  app_timer.o
    0x0002a8c0   0x0002a8c0   0x00000118   Code   RO           45    i.two               main.o
    0x0002a9d8   0x0002a9d8   0x00000020   Code   RO         1672    i.tx_byte           nrf_drv_uart.o
    0x0002a9f8   0x0002a9f8   0x0000001c   Code   RO         1673    i.tx_done_event     nrf_drv_uart.o
    0x0002aa14   0x0002aa14   0x0000000c   Code   RO         3029    i.uart_evt_handler  nrf_log_backend_uart.o
    0x0002aa20   0x0002aa20   0x00000050   Code   RO         3030    i.uart_init         nrf_log_backend_uart.o
    0x0002aa70   0x0002aa70   0x0000011e   Code   RO         1674    i.uart_irq_handler  nrf_drv_uart.o
    0x0002ab8e   0x0002ab8e   0x000000f0   Code   RO         1675    i.uarte_irq_handler  nrf_drv_uart.o
    0x0002ac7e   0x0002ac7e   0x00000002   PAD
    0x0002ac80   0x0002ac80   0x000000b4   Code   RO         2641    i.unsigned_print    nrf_fprintf_format.o
    0x0002ad34   0x0002ad34   0x00000068   Code   RO          751    i.update_timeout_handler  ble_conn_params.o
    0x0002ad9c   0x0002ad9c   0x00000030   Code   RO         2224    i.user_op_alloc     app_timer.o
    0x0002adcc   0x0002adcc   0x00000044   Code   RO           46    i.w_b_w             main.o
    0x0002ae10   0x0002ae10   0x00000028   Code   RO           47    i.white             main.o
    0x0002ae38   0x0002ae38   0x00000138   Code   RO           48    i.zero              main.o
    0x0002af70   0x0002af70   0x00000020   Data   RO           51    .constdata          main.o
    0x0002af90   0x0002af90   0x00000008   Data   RO          556    .constdata          boards.o
    0x0002af98   0x0002af98   0x00000016   Data   RO         1053    .constdata          nrf_ble_gatt.o
    0x0002afae   0x0002afae   0x00000002   PAD
    0x0002afb0   0x0002afb0   0x00000010   Data   RO         1145    .constdata          ble_lbs.o
    0x0002afc0   0x0002afc0   0x00000004   Data   RO         1433    .constdata          nrf_drv_gpiote.o
    0x0002afc4   0x0002afc4   0x00000008   Data   RO         2010    .constdata          app_button.o
    0x0002afcc   0x0002afcc   0x00000010   Data   RO         2642    .constdata          nrf_fprintf_format.o
    0x0002afdc   0x0002afdc   0x0000000c   Data   RO         3032    .constdata          nrf_log_backend_uart.o
    0x0002afe8   0x0002afe8   0x00000020   Data   RO         3033    .constdata          nrf_log_backend_uart.o
    0x0002b008   0x0002b008   0x00000014   Data   RO         3158    .constdata          nrf_log_frontend.o
    0x0002b01c   0x0002b01c   0x00000010   Data   RO         3742    .constdata          nrf_sdh.o
    0x0002b02c   0x0002b02c   0x00000028   Data   RO         3743    .constdata          nrf_sdh.o
    0x0002b054   0x0002b054   0x00000010   Data   RO         3744    .constdata          nrf_sdh.o
    0x0002b064   0x0002b064   0x00000010   Data   RO         3745    .constdata          nrf_sdh.o
    0x0002b074   0x0002b074   0x00000020   Data   RO         3858    .constdata          nrf_sdh_ble.o
    0x0002b094   0x0002b094   0x00000010   Data   RO         3859    .constdata          nrf_sdh_ble.o
    0x0002b0a4   0x0002b0a4   0x00000010   Data   RO         3904    .constdata          nrf_sdh_soc.o
    0x0002b0b4   0x0002b0b4   0x0000000c   Data   RO         3905    .constdata          nrf_sdh_soc.o
    0x0002b0c0   0x0002b0c0   0x00000081   Data   RO         3984    .constdata          mc_w.l(ctype_o.o)
    0x0002b141   0x0002b141   0x00000003   PAD
    0x0002b144   0x0002b144   0x00000004   Data   RO         3985    .constdata          mc_w.l(ctype_o.o)
    0x0002b148   0x0002b148   0x0000012d   Data   RO         1054    .conststring        nrf_ble_gatt.o
    0x0002b275   0x0002b275   0x00000003   PAD
    0x0002b278   0x0002b278   0x00000066   Data   RO         3325    .conststring        nrf_log_str_formatter.o
    0x0002b2de   0x0002b2de   0x00000002   PAD
    0x0002b2e0   0x0002b2e0   0x00000009   Data   RO         1055    .conststrlit        nrf_ble_gatt.o
    0x0002b2e9   0x0002b2e9   0x00000003   PAD
    0x0002b2ec   0x0002b2ec   0x00000006   Data   RO         1214    .conststrlit        nrf_drv_clock.o
    0x0002b2f2   0x0002b2f2   0x00000002   PAD
    0x0002b2f4   0x0002b2f4   0x00000007   Data   RO         1437    .conststrlit        nrf_drv_gpiote.o
    0x0002b2fb   0x0002b2fb   0x00000001   PAD
    0x0002b2fc   0x0002b2fc   0x00000005   Data   RO         1677    .conststrlit        nrf_drv_uart.o
    0x0002b301   0x0002b301   0x00000003   PAD
    0x0002b304   0x0002b304   0x00000004   Data   RO         1889    .conststrlit        nrf_drv_spi.o
    0x0002b308   0x0002b308   0x00000007   Data   RO         2557    .conststrlit        nrf_balloc.o
    0x0002b30f   0x0002b30f   0x00000001   PAD
    0x0002b310   0x0002b310   0x00000009   Data   RO         2762    .conststrlit        nrf_pwr_mgmt.o
    0x0002b319   0x0002b319   0x00000003   PAD
    0x0002b31c   0x0002b31c   0x00000004   Data   RO         3160    .conststrlit        nrf_log_frontend.o
    0x0002b320   0x0002b320   0x00000008   Data   RO         3746    .conststrlit        nrf_sdh.o
    0x0002b328   0x0002b328   0x0000000c   Data   RO         3860    .conststrlit        nrf_sdh_ble.o
    0x0002b334   0x0002b334   0x0000000c   Data   RO         3906    .conststrlit        nrf_sdh_soc.o
    0x0002b340   0x0002b340   0x00000020   Data   RO         4041    Region$$Table       anon$$obj.o
    0x0002b360   0x0002b360   0x00000008   Data   RO         1056    log_const_data      nrf_ble_gatt.o
    0x0002b368   0x0002b368   0x00000008   Data   RO         1215    log_const_data      nrf_drv_clock.o
    0x0002b370   0x0002b370   0x00000008   Data   RO         1438    log_const_data      nrf_drv_gpiote.o
    0x0002b378   0x0002b378   0x00000008   Data   RO         1678    log_const_data      nrf_drv_uart.o
    0x0002b380   0x0002b380   0x00000008   Data   RO         1890    log_const_data      nrf_drv_spi.o
    0x0002b388   0x0002b388   0x00000008   Data   RO         2558    log_const_data      nrf_balloc.o
    0x0002b390   0x0002b390   0x00000008   Data   RO         2764    log_const_data      nrf_pwr_mgmt.o
    0x0002b398   0x0002b398   0x00000008   Data   RO         3164    log_const_data      nrf_log_frontend.o
    0x0002b3a0   0x0002b3a0   0x00000008   Data   RO         3748    log_const_data      nrf_sdh.o
    0x0002b3a8   0x0002b3a8   0x00000008   Data   RO         3861    log_const_data      nrf_sdh_ble.o
    0x0002b3b0   0x0002b3b0   0x00000008   Data   RO         3907    log_const_data      nrf_sdh_soc.o
    0x0002b3b8   0x0002b3b8   0x00000008   Data   RO          853    sdh_ble_observers0  ble_conn_state.o
    0x0002b3c0   0x0002b3c0   0x00000008   Data   RO           56    sdh_ble_observers1  main.o
    0x0002b3c8   0x0002b3c8   0x00000008   Data   RO          754    sdh_ble_observers1  ble_conn_params.o
    0x0002b3d0   0x0002b3d0   0x00000008   Data   RO           57    sdh_ble_observers2  main.o
    0x0002b3d8   0x0002b3d8   0x00000008   Data   RO           58    sdh_ble_observers3  main.o
    0x0002b3e0   0x0002b3e0   0x00000008   Data   RO         1217    sdh_soc_observers0  nrf_drv_clock.o
    0x0002b3e8   0x0002b3e8   0x00000008   Data   RO         3863    sdh_stack_observers0  nrf_sdh_ble.o
    0x0002b3f0   0x0002b3f0   0x00000008   Data   RO         3909    sdh_stack_observers0  nrf_sdh_soc.o
    0x0002b3f8   0x0002b3f8   0x00000008   Data   RO         1218    sdh_state_observers0  nrf_drv_clock.o


    Execution Region RW_IRAM1 (Exec base: 0x20002180, Load base: 0x0002b400, Size: 0x00002a68, Max: 0x0000de80, ABSOLUTE, COMPRESSED[0x00000048])

    Exec Addr    Load Addr    Size         Type   Attr      Idx    E Section Name        Object

    0x20002180   COMPRESSED   0x0000002c   Data   RW           52    .data               main.o
    0x200021ac   COMPRESSED   0x00000008   Data   RW          753    .data               ble_conn_params.o
    0x200021b4   COMPRESSED   0x00000014   Data   RW         2011    .data               app_button.o
    0x200021c8   COMPRESSED   0x00000010   Data   RW         2155    .data               app_scheduler.o
    0x200021d8   COMPRESSED   0x00000014   Data   RW         2226    .data               app_timer.o
    0x200021ec   COMPRESSED   0x0000000c   Data   RW         3034    .data               nrf_log_backend_uart.o
    0x200021f8   COMPRESSED   0x0000000c   Data   RW         3097    .data               nrf_log_default_backends.o
    0x20002204   COMPRESSED   0x00000008   Data   RW         3162    .data               nrf_log_frontend.o
    0x2000220c   COMPRESSED   0x00000008   Data   RW         3163    .data               nrf_log_frontend.o
    0x20002214   COMPRESSED   0x00000038   Data   RW         3326    .data               nrf_log_str_formatter.o
    0x2000224c   COMPRESSED   0x00000003   Data   RW         3747    .data               nrf_sdh.o
    0x2000224f   COMPRESSED   0x00000001   PAD
    0x20002250   COMPRESSED   0x00000004   Data   RW         3944    .data               system_nrf52.o
    0x20002254   COMPRESSED   0x0000000c   Data   RW         1057    log_dynamic_data    nrf_ble_gatt.o
    0x20002260   COMPRESSED   0x0000000c   Data   RW         1216    log_dynamic_data    nrf_drv_clock.o
    0x2000226c   COMPRESSED   0x0000000c   Data   RW         1439    log_dynamic_data    nrf_drv_gpiote.o
    0x20002278   COMPRESSED   0x0000000c   Data   RW         1679    log_dynamic_data    nrf_drv_uart.o
    0x20002284   COMPRESSED   0x0000000c   Data   RW         1891    log_dynamic_data    nrf_drv_spi.o
    0x20002290   COMPRESSED   0x0000000c   Data   RW         2559    log_dynamic_data    nrf_balloc.o
    0x2000229c   COMPRESSED   0x0000000c   Data   RW         2765    log_dynamic_data    nrf_pwr_mgmt.o
    0x200022a8   COMPRESSED   0x0000000c   Data   RW         3165    log_dynamic_data    nrf_log_frontend.o
    0x200022b4   COMPRESSED   0x0000000c   Data   RW         3749    log_dynamic_data    nrf_sdh.o
    0x200022c0   COMPRESSED   0x0000000c   Data   RW         3862    log_dynamic_data    nrf_sdh_ble.o
    0x200022cc   COMPRESSED   0x0000000c   Data   RW         3908    log_dynamic_data    nrf_sdh_soc.o
    0x200022d8        -       0x00000020   Zero   RW           49    .bss                main.o
    0x200022f8        -       0x000000dc   Zero   RW           50    .bss                main.o
    0x200023d4        -       0x00000050   Zero   RW          752    .bss                ble_conn_params.o
    0x20002424        -       0x000000b8   Zero   RW          852    .bss                ble_conn_state.o
    0x200024dc        -       0x00000014   Zero   RW         1209    .bss                nrf_drv_clock.o
    0x200024f0        -       0x00000058   Zero   RW         1432    .bss                nrf_drv_gpiote.o
    0x20002548        -       0x00000020   Zero   RW         1676    .bss                nrf_drv_uart.o
    0x20002568        -       0x00000024   Zero   RW         1885    .bss                nrf_drv_spi.o
    0x2000258c        -       0x00000020   Zero   RW         2009    .bss                app_button.o
    0x200025ac        -       0x0000010c   Zero   RW         2225    .bss                app_timer.o
    0x200026b8        -       0x0000000c   Zero   RW         2374    .bss                app_util_platform.o
    0x200026c4        -       0x00000040   Zero   RW         3031    .bss                nrf_log_backend_uart.o
    0x20002704        -       0x000000c0   Zero   RW         3156    .bss                nrf_log_frontend.o
    0x200027c4        -       0x00000420   Zero   RW         3157    .bss                nrf_log_frontend.o
    0x20002be4   COMPRESSED   0x00000004   PAD
    0x20002be8        -       0x00002000   Zero   RW         3932    STACK               arm_startup_nrf52.o

